uv sync --locked --extra dev --extra deploy
Using CPython 3.12.7 interpreter at: /Users/rishivinodkumar/anaconda3/bin/python3
Creating virtual environment at: /var/folders/6p/mx_9010d5t72qm6b08mznnq80000gn/T//sloforge-helix-clean.AgzZxq/.venv
Resolved 289 packages in 0.78ms
   Building sloforge @ file:///private/var/folders/6p/mx_9010d5t72qm6b08mznnq80000gn/T/sloforge-helix-clean.AgzZxq
      Built sloforge @ file:///private/var/folders/6p/mx_9010d5t72qm6b08mznnq80000gn/T/sloforge-helix-clean.AgzZxq
Prepared 1 package in 179ms
Installed 114 packages in 242ms
 + aiofiles==24.1.0
 + aiohappyeyeballs==2.7.1
 + aiohttp==3.14.3
 + aiosignal==1.4.0
 + annotated-doc==0.0.5
 + annotated-types==0.8.0
 + anyio==4.14.2
 + attrs==26.1.0
 + blake3==1.0.9
 + boto3==1.43.62
 + botocore==1.43.62
 + cbor2==6.1.4
 + certifi==2026.7.22
 + cffi==2.1.0
 + charset-normalizer==3.4.9
 + click==8.4.2
 + coverage==7.15.2
 + cryptography==50.0.0
 + filelock==3.32.2
 + frozenlist==1.8.0
 + fsspec==2026.7.0
 + google-api-core==2.33.0
 + google-auth==2.56.2
 + google-cloud-core==2.6.0
 + google-cloud-storage==3.13.0
 + google-crc32c==1.8.0
 + google-resumable-media==2.10.0
 + googleapis-common-protos==1.75.0
 + grpclib==0.4.9
 + h11==0.16.0
 + h2==4.4.0
 + hf-xet==1.5.2
 + hpack==4.2.0
 + httpcore==1.0.9
 + httpx==0.28.1
 + httpx-ws==0.7.2
 + huggingface-hub==1.26.0
 + hyperframe==6.1.0
 + hypothesis==6.165.0
 + idna==3.18
 + iniconfig==2.3.0
 + inquirerpy==0.3.4
 + jaraco-classes==3.4.0
 + jaraco-context==6.1.2
 + jaraco-functools==4.6.0
 + jinja2==3.1.6
 + jmespath==1.1.0
 + jsonschema==4.26.0
 + jsonschema-specifications==2025.9.1
 + keyring==25.7.0
 + libcst==1.9.0
 + librt==0.13.0
 + loguru==0.7.3
 + markdown-it-py==4.2.0
 + markupsafe==3.0.3
 + mdurl==0.1.2
 + modal==1.5.3
 + more-itertools==11.1.0
 + multidict==6.7.1
 + mypy==1.20.2
 + mypy-extensions==1.1.0
 + numpy==2.3.5
 + packaging==26.2
 + pathspec==1.1.1
 + pfzy==0.3.4
 + pluggy==1.6.0
 + prompt-toolkit==3.0.53
 + propcache==0.5.2
 + proto-plus==1.28.2
 + protobuf==6.33.6
 + psutil==7.2.2
 + pyasn1==0.6.4
 + pyasn1-modules==0.4.2
 + pycparser==3.0
 + pydantic==2.13.4
 + pydantic-core==2.46.4
 + pygments==2.20.0
 + pytest==9.1.1
 + pytest-asyncio==1.4.0
 + pytest-cov==7.1.0
 + python-dateutil==2.9.0.post0
 + python-json-logger==4.1.0
 + python-on-whales==0.81.0
 + pyyaml==6.0.3
 + referencing==0.37.0
 + requests==2.34.2
 + rich==13.9.4
 + rich-click==1.9.8
 + rpds-py==2026.6.3
 + ruff==0.16.1
 + s3transfer==0.19.2
 + shellingham==1.5.4
 + six==1.17.0
 + sloforge==0.1.0 (from file:///private/var/folders/6p/mx_9010d5t72qm6b08mznnq80000gn/T/sloforge-helix-clean.AgzZxq)
 + sortedcontainers==2.4.0
 + synchronicity==0.12.5
 + tenacity==9.1.4
 + toml==0.10.2
 + tomlkit==0.15.1
 + tqdm==4.70.0
 + truss==0.18.24
 + truss-transfer==0.0.43
 + typer==0.27.0
 + types-certifi==2021.10.8.3
 + types-jsonschema==4.26.0.20260518
 + types-pyyaml==6.0.12.20260724
 + types-toml==0.10.8.20260518
 + typing-extensions==4.16.0
 + typing-inspection==0.4.2
 + urllib3==2.7.0
 + watchfiles==0.19.0
 + wcwidth==0.8.2
 + wsproto==1.3.2
 + yarl==1.24.5
cargo fetch --locked
CARGO_INCREMENTAL=0 CARGO_PROFILE_DEV_DEBUG=0 CARGO_PROFILE_TEST_DEBUG=0 cargo build --workspace --locked
   Compiling proc-macro2 v1.0.107
   Compiling quote v1.0.47
   Compiling unicode-ident v1.0.24
   Compiling libc v0.2.189
   Compiling cfg-if v1.0.4
   Compiling itoa v1.0.18
   Compiling serde_core v1.0.229
   Compiling memchr v2.8.3
   Compiling serde v1.0.229
   Compiling zmij v1.0.23
   Compiling serde_json v1.0.151
   Compiling pin-project-lite v0.2.17
   Compiling smallvec v1.15.2
   Compiling futures-core v0.3.33
   Compiling once_cell v1.21.4
   Compiling thiserror v2.0.19
   Compiling stable_deref_trait v1.2.1
   Compiling bytes v1.12.1
   Compiling parking_lot_core v0.9.12
   Compiling version_check v0.9.5
   Compiling tracing-core v0.1.36
   Compiling generic-array v0.14.7
   Compiling futures-sink v0.3.33
   Compiling scopeguard v1.2.0
   Compiling lock_api v0.4.14
   Compiling typenum v1.20.1
   Compiling log v0.4.33
   Compiling slab v0.4.12
   Compiling autocfg v1.5.1
   Compiling futures-channel v0.3.33
   Compiling http v1.5.0
   Compiling shlex v2.0.1
   Compiling find-msvc-tools v0.1.9
   Compiling num-traits v0.2.19
   Compiling cc v1.4.0
   Compiling futures-task v0.3.33
   Compiling core-foundation-sys v0.8.7
   Compiling futures-io v0.3.33
   Compiling litemap v0.8.2
   Compiling ref-cast v1.0.26
   Compiling writeable v0.6.3
   Compiling http-body v1.1.0
   Compiling iana-time-zone v0.1.65
   Compiling icu_properties_data v2.2.0
   Compiling percent-encoding v2.3.2
   Compiling syn v3.0.3
   Compiling syn v2.0.119
   Compiling utf8_iter v1.0.4
   Compiling errno v0.3.14
   Compiling mio v1.2.2
   Compiling signal-hook-registry v1.4.8
   Compiling socket2 v0.6.5
   Compiling cpufeatures v0.2.17
   Compiling utf8parse v0.2.2
   Compiling parking_lot v0.12.5
   Compiling icu_normalizer_data v2.2.0
   Compiling ring v0.17.14
   Compiling anstyle-parse v1.0.0
   Compiling dyn-clone v1.0.20
   Compiling is_terminal_polyfill v1.70.2
   Compiling hashbrown v0.17.1
   Compiling httparse v1.10.1
   Compiling anstyle v1.0.14
   Compiling equivalent v1.0.2
   Compiling colorchoice v1.0.5
   Compiling block-buffer v0.10.4
   Compiling crypto-common v0.1.7
   Compiling anstyle-query v1.1.5
   Compiling zeroize v1.9.0
   Compiling digest v0.10.7
   Compiling tower-service v0.3.3
   Compiling anstream v1.0.0
   Compiling indexmap v2.14.0
   Compiling rustls-pki-types v1.15.1
   Compiling sha2 v0.10.9
   Compiling getrandom v0.2.17
   Compiling fnv v1.0.7
   Compiling clap_lex v1.1.0
   Compiling try-lock v0.2.5
   Compiling atomic-waker v1.1.2
   Compiling untrusted v0.9.0
   Compiling strsim v0.11.1
   Compiling heck v0.5.0
   Compiling want v0.3.1
   Compiling form_urlencoded v1.2.2
   Compiling sync_wrapper v1.0.2
   Compiling zerocopy v0.8.55
   Compiling clap_builder v4.6.5
   Compiling rustls v0.23.43
   Compiling tower-layer v0.3.3
   Compiling getrandom v0.4.3
   Compiling httpdate v1.0.3
   Compiling getrandom v0.3.4
   Compiling serde_derive_internals v0.30.0
   Compiling http-body-util v0.1.4
   Compiling base64 v0.22.1
   Compiling ipnet v2.12.0
   Compiling subtle v2.6.1
   Compiling ryu v1.0.23
   Compiling webpki-roots v1.0.9
   Compiling bitflags v2.13.1
   Compiling regex-syntax v0.8.11
   Compiling lazy_static v1.5.0
   Compiling anyhow v1.0.104
   Compiling mime v0.3.17
   Compiling uuid v1.24.0
   Compiling sharded-slab v0.1.7
   Compiling serde_path_to_error v0.1.20
   Compiling tracing-log v0.2.0
   Compiling synstructure v0.13.2
   Compiling thread_local v1.1.10
   Compiling rand_core v0.9.5
   Compiling matchit v0.8.4
   Compiling nu-ansi-term v0.50.3
   Compiling serde_derive v1.0.229
   Compiling thiserror-impl v2.0.19
   Compiling displaydoc v0.2.7
   Compiling tokio-macros v2.7.2
   Compiling ref-cast-impl v1.0.26
   Compiling schemars_derive v1.2.2
   Compiling clap_derive v4.6.4
   Compiling zerofrom-derive v0.1.7
   Compiling yoke-derive v0.8.2
   Compiling zerovec-derive v0.11.3
   Compiling tracing-attributes v0.1.31
   Compiling tokio v1.53.1
   Compiling futures-macro v0.3.33
   Compiling regex-automata v0.4.16
   Compiling axum-macros v0.5.1
   Compiling zerofrom v0.1.8
   Compiling futures-util v0.3.33
   Compiling async-stream-impl v0.3.6
   Compiling yoke v0.8.3
   Compiling ppv-lite86 v0.2.21
   Compiling clap v4.6.5
   Compiling tracing v0.1.44
   Compiling rand_chacha v0.9.0
   Compiling zerovec v0.11.6
   Compiling zerotrie v0.2.4
   Compiling rand v0.9.5
   Compiling async-stream v0.3.6
   Compiling matchers v0.2.0
   Compiling axum-core v0.5.6
   Compiling tinystr v0.8.3
   Compiling potential_utf v0.1.5
   Compiling icu_collections v2.2.0
   Compiling icu_locale_core v2.2.0
   Compiling futures-executor v0.3.33
   Compiling futures v0.3.33
   Compiling chrono v0.4.45
   Compiling serde_urlencoded v0.7.1
   Compiling sloforge-sim v0.1.0 (/private/var/folders/6p/mx_9010d5t72qm6b08mznnq80000gn/T/sloforge-helix-clean.AgzZxq/crates/sloforge-sim)
   Compiling tracing-serde v0.2.0
   Compiling sloforge-telemetry v0.1.0 (/private/var/folders/6p/mx_9010d5t72qm6b08mznnq80000gn/T/sloforge-helix-clean.AgzZxq/crates/sloforge-telemetry)
   Compiling sloforge-fabric-sim v0.1.0 (/private/var/folders/6p/mx_9010d5t72qm6b08mznnq80000gn/T/sloforge-helix-clean.AgzZxq/crates/sloforge-fabric-sim)
   Compiling tracing-subscriber v0.3.23
   Compiling tokio-util v0.7.19
   Compiling tower v0.5.3
   Compiling icu_provider v2.2.0
   Compiling icu_properties v2.2.0
   Compiling icu_normalizer v2.2.0
   Compiling h2 v0.4.15
   Compiling schemars v1.2.2
   Compiling idna_adapter v1.2.2
   Compiling idna v1.1.0
   Compiling url v2.5.8
   Compiling sloforge-state-transaction v0.1.0 (/private/var/folders/6p/mx_9010d5t72qm6b08mznnq80000gn/T/sloforge-helix-clean.AgzZxq/crates/sloforge-state-transaction)
   Compiling sloforge-genesis-modelcheck v0.1.0 (/private/var/folders/6p/mx_9010d5t72qm6b08mznnq80000gn/T/sloforge-helix-clean.AgzZxq/crates/sloforge-genesis-modelcheck)
   Compiling sloforge-protocol v0.1.0 (/private/var/folders/6p/mx_9010d5t72qm6b08mznnq80000gn/T/sloforge-helix-clean.AgzZxq/crates/sloforge-protocol)
   Compiling sloforge-fabric-protocol v0.1.0 (/private/var/folders/6p/mx_9010d5t72qm6b08mznnq80000gn/T/sloforge-helix-clean.AgzZxq/crates/sloforge-fabric-protocol)
   Compiling sloforge-helix-ir v0.1.0 (/private/var/folders/6p/mx_9010d5t72qm6b08mznnq80000gn/T/sloforge-helix-clean.AgzZxq/crates/sloforge-helix-ir)
   Compiling sloforge-genesis-ir v0.1.0 (/private/var/folders/6p/mx_9010d5t72qm6b08mznnq80000gn/T/sloforge-helix-clean.AgzZxq/crates/sloforge-genesis-ir)
   Compiling tower-http v0.6.11
   Compiling sloforge-continuum-ir v0.1.0 (/private/var/folders/6p/mx_9010d5t72qm6b08mznnq80000gn/T/sloforge-helix-clean.AgzZxq/crates/sloforge-continuum-ir)
   Compiling sloforge-state-modelcheck v0.1.0 (/private/var/folders/6p/mx_9010d5t72qm6b08mznnq80000gn/T/sloforge-helix-clean.AgzZxq/crates/sloforge-state-modelcheck)
   Compiling hyper v1.11.0
   Compiling hyper-util v0.1.20
   Compiling axum v0.8.9
   Compiling rustls-webpki v0.103.13
   Compiling tokio-rustls v0.26.4
   Compiling hyper-rustls v0.27.9
   Compiling reqwest v0.12.28
   Compiling sloforge-loadgen v0.1.0 (/private/var/folders/6p/mx_9010d5t72qm6b08mznnq80000gn/T/sloforge-helix-clean.AgzZxq/crates/sloforge-loadgen)
   Compiling sloforge-gateway v0.1.0 (/private/var/folders/6p/mx_9010d5t72qm6b08mznnq80000gn/T/sloforge-helix-clean.AgzZxq/crates/sloforge-gateway)
    Finished `dev` profile [unoptimized] target(s) in 21.15s

added 231 packages, and audited 232 packages in 2s

55 packages are looking for funding
  run `npm fund` for details

found 0 vulnerabilities
npm notice
npm notice New minor version of npm available! 11.4.2 -> 11.19.0
npm notice Changelog: https://github.com/npm/cli/releases/tag/v11.19.0
npm notice To update run: npm install -g npm@11.19.0
npm notice
uv run --locked ruff format --check python/sloforge/helix python/sloforge/cli/helix.py tests/python/test_helix*.py
103 files already formatted
uv run --locked ruff check python/sloforge/helix python/sloforge/cli/helix.py tests/python/test_helix*.py
All checks passed!
uv run --locked mypy python/sloforge/helix python/sloforge/cli/helix.py
Success: no issues found in 78 source files
uv run --locked pytest -q tests/python/test_helix*.py
........................................................................ [ 46%]
........................................................................ [ 92%]
...........                                                              [100%]
155 passed in 34.56s
cargo fmt --all --check
CARGO_INCREMENTAL=0 CARGO_PROFILE_DEV_DEBUG=0 CARGO_PROFILE_TEST_DEBUG=0 cargo clippy -p sloforge-helix-ir --all-targets --all-features --locked -- -D warnings
    Checking typenum v1.20.1
   Compiling serde_core v1.0.229
   Compiling libc v0.2.189
   Compiling serde_json v1.0.151
    Checking itoa v1.0.18
    Checking zmij v1.0.23
    Checking memchr v2.8.3
    Checking cfg-if v1.0.4
   Compiling syn v3.0.3
    Checking num-traits v0.2.19
    Checking dyn-clone v1.0.20
    Checking chrono v0.4.45
    Checking generic-array v0.14.7
    Checking crypto-common v0.1.7
    Checking block-buffer v0.10.4
    Checking digest v0.10.7
   Compiling serde_derive_internals v0.30.0
   Compiling serde_derive v1.0.229
   Compiling ref-cast-impl v1.0.26
   Compiling thiserror-impl v2.0.19
   Compiling schemars_derive v1.2.2
    Checking cpufeatures v0.2.17
    Checking sha2 v0.10.9
    Checking ref-cast v1.0.26
    Checking thiserror v2.0.19
    Checking serde v1.0.229
    Checking schemars v1.2.2
    Checking sloforge-helix-ir v0.1.0 (/private/var/folders/6p/mx_9010d5t72qm6b08mznnq80000gn/T/sloforge-helix-clean.AgzZxq/crates/sloforge-helix-ir)
    Finished `dev` profile [unoptimized] target(s) in 3.19s
CARGO_INCREMENTAL=0 CARGO_PROFILE_DEV_DEBUG=0 CARGO_PROFILE_TEST_DEBUG=0 cargo test -p sloforge-helix-ir --all-features --locked
   Compiling memchr v2.8.3
   Compiling serde_core v1.0.229
   Compiling libc v0.2.189
   Compiling chrono v0.4.45
   Compiling ref-cast v1.0.26
   Compiling thiserror v2.0.19
   Compiling cpufeatures v0.2.17
   Compiling sha2 v0.10.9
   Compiling serde_json v1.0.151
   Compiling serde v1.0.229
   Compiling schemars v1.2.2
   Compiling sloforge-helix-ir v0.1.0 (/private/var/folders/6p/mx_9010d5t72qm6b08mznnq80000gn/T/sloforge-helix-clean.AgzZxq/crates/sloforge-helix-ir)
    Finished `test` profile [unoptimized] target(s) in 2.40s
     Running unittests src/lib.rs (/var/folders/6p/mx_9010d5t72qm6b08mznnq80000gn/T//sloforge-helix-clean.AgzZxq/target/debug/deps/sloforge_helix_ir-1d1d1b8a55cad9c8)

running 0 tests

test result: ok. 0 passed; 0 failed; 0 ignored; 0 measured; 0 filtered out; finished in 0.00s

     Running tests/conformance.rs (/var/folders/6p/mx_9010d5t72qm6b08mznnq80000gn/T//sloforge-helix-clean.AgzZxq/target/debug/deps/conformance-528e62e429ef2e27)

running 5 tests
test canonical_float_and_unicode_profile_matches_python ... ok
test schemars_exposes_a_strict_complete_transaction_schema ... ok
test tampering_and_unknown_nested_fields_are_rejected ... ok
test incompatible_state_reuse_and_missing_policy_provenance_are_rejected ... ok
test complete_python_transaction_round_trips_with_golden_hash ... ok

test result: ok. 5 passed; 0 failed; 0 ignored; 0 measured; 0 filtered out; finished in 0.02s

   Doc-tests sloforge_helix_ir

running 0 tests

test result: ok. 0 passed; 0 failed; 0 ignored; 0 measured; 0 filtered out; finished in 0.00s

uv run --locked sloforge helix demo --seed 41 --output artifacts/helix/demo/seed-41 --replace
{
  "output": "artifacts/helix/demo/seed-41",
  "schema_version": "sloforge.helix.cpu-demo/v1",
  "seed": 41,
  "git_commit": "de89932164a5ecc8a73e5fc2c309796a34f4b8b4",
  "production_failure_seed": 41,
  "production_failure_action": "naive_parse",
  "champion_policy_hash": "e4ee3aad5e59a2ec9e1c3129b93b3f9dd69c331aaa1804779f0a322a6bde7fd8",
  "branch_point_id": "2765e28ed1ba4a3ca480db7a8f1fa3ab451d5db5f39dbfa117fbe8d4b29594f8",
  "continuum_capsule_id": "060daf197efa6cf774c1f8b4f45a601a843026aa71e4410acf199ff22937510d",
  "environment_capsule_id": "9ae27338c11c2ac8ddc9afc55709936ba7a308f4aad1926d4e2df309a594e2e1",
  "capture_consistent": true,
  "capture_artifact_bytes_verified": true,
  "source_resumed": true,
  "branch_group_id": "3287f279bcc52dc89d802cc93b9e99a85bc1ddb67127e5231b0e654047278a34",
  "branch_strategies": {
    "different-rng": null,
    "forced-alternative": "guarded_parse",
    "alternative-tool": "ast_guided",
    "verifier-assisted": "verifier_assisted"
  },
  "state_reuse": {
    "different-rng": {
      "schema_version": "sloforge.helix.state-reuse-report/v1",
      "report_id": "c677db2efe454939f0460945fab44f13465b934a2eaa9943ebf2e8d237590507",
      "branch_id": "different-rng",
      "source_capsule_id": "060daf197efa6cf774c1f8b4f45a601a843026aa71e4410acf199ff22937510d",
      "source_policy_epoch_id": "coding-agent@0",
      "destination_policy_epoch_id": "coding-agent@0",
      "strategy": "controlled_rng_mutation",
      "compatibility_class": "controlled_counterfactual_mutation",
      "source_components": [
        "state/token-history",
        "state/sampler",
        "state/client-delivery",
        "state/attention-kv",
        "state/recurrent",
        "state/guided-decoding"
      ],
      "directly_reused_components": [
        "state/token-history",
        "state/client-delivery",
        "state/attention-kv",
        "state/recurrent",
        "state/guided-decoding"
      ],
      "recomputed_components": [],
      "replaced_components": [
        "state/sampler"
      ],
      "unsupported_components": [],
      "verification_obligations": [
        "apply RNG override before the first branch token"
      ],
      "source_state_exact": false,
      "transcript_equivalence_claimed": false,
      "recomputation_evidence_digest": null,
      "report_digest": "2530e5c8ee59d4faa74a4f2ba8304c04b671ed1fc14bdb4e3923a74afeb49667"
    },
    "forced-alternative": {
      "schema_version": "sloforge.helix.state-reuse-report/v1",
      "report_id": "2cb94e37c2a5f1a6832698c1f2d991161baf439700bd1d43263f4aeaf5030bee",
      "branch_id": "forced-alternative",
      "source_capsule_id": "060daf197efa6cf774c1f8b4f45a601a843026aa71e4410acf199ff22937510d",
      "source_policy_epoch_id": "coding-agent@0",
      "destination_policy_epoch_id": "coding-agent@0",
      "strategy": "exact_cow",
      "compatibility_class": "exact_bitwise",
      "source_components": [
        "state/token-history",
        "state/sampler",
        "state/client-delivery",
        "state/attention-kv",
        "state/recurrent",
        "state/guided-decoding"
      ],
      "directly_reused_components": [
        "state/token-history",
        "state/sampler",
        "state/client-delivery",
        "state/attention-kv",
        "state/recurrent",
        "state/guided-decoding"
      ],
      "recomputed_components": [],
      "replaced_components": [],
      "unsupported_components": [],
      "verification_obligations": [],
      "source_state_exact": true,
      "transcript_equivalence_claimed": false,
      "recomputation_evidence_digest": null,
      "report_digest": "42c9c6bc8e71b8cae6d063ed36e4ba808cfb0ba18371d17a05748748da901fc4"
    },
    "alternative-tool": {
      "schema_version": "sloforge.helix.state-reuse-report/v1",
      "report_id": "5f976b7883d95b9bc36ceb6ed948519cf26e7a03515de2d6daef9b2b933d6dac",
      "branch_id": "alternative-tool",
      "source_capsule_id": "060daf197efa6cf774c1f8b4f45a601a843026aa71e4410acf199ff22937510d",
      "source_policy_epoch_id": "coding-agent@0",
      "destination_policy_epoch_id": "coding-agent@0",
      "strategy": "exact_cow",
      "compatibility_class": "exact_bitwise",
      "source_components": [
        "state/token-history",
        "state/sampler",
        "state/client-delivery",
        "state/attention-kv",
        "state/recurrent",
        "state/guided-decoding"
      ],
      "directly_reused_components": [
        "state/token-history",
        "state/sampler",
        "state/client-delivery",
        "state/attention-kv",
        "state/recurrent",
        "state/guided-decoding"
      ],
      "recomputed_components": [],
      "replaced_components": [],
      "unsupported_components": [],
      "verification_obligations": [],
      "source_state_exact": true,
      "transcript_equivalence_claimed": false,
      "recomputation_evidence_digest": null,
      "report_digest": "e74ca06998ed82405ed721499200378cc2d2f38a52cce9d23a75cd679dba9192"
    },
    "verifier-assisted": {
      "schema_version": "sloforge.helix.state-reuse-report/v1",
      "report_id": "b5e429c923db67daa240879f102c5478af5debeec1c69442bf763c59b44e56f6",
      "branch_id": "verifier-assisted",
      "source_capsule_id": "060daf197efa6cf774c1f8b4f45a601a843026aa71e4410acf199ff22937510d",
      "source_policy_epoch_id": "coding-agent@0",
      "destination_policy_epoch_id": "coding-agent@0",
      "strategy": "exact_cow",
      "compatibility_class": "exact_bitwise",
      "source_components": [
        "state/token-history",
        "state/sampler",
        "state/client-delivery",
        "state/attention-kv",
        "state/recurrent",
        "state/guided-decoding"
      ],
      "directly_reused_components": [
        "state/token-history",
        "state/sampler",
        "state/client-delivery",
        "state/attention-kv",
        "state/recurrent",
        "state/guided-decoding"
      ],
      "recomputed_components": [],
      "replaced_components": [],
      "unsupported_components": [],
      "verification_obligations": [],
      "source_state_exact": true,
      "transcript_equivalence_claimed": false,
      "recomputation_evidence_digest": null,
      "report_digest": "0193e2ee1c28a0897a1b30098b6ee9da935a5ddb7323942455825a694d764a6a"
    }
  },
  "branch_rewards": {
    "different-rng": 0.0,
    "forced-alternative": 2.0,
    "alternative-tool": 2.0,
    "verifier-assisted": 2.0
  },
  "reward_authority": {
    "training_evaluator_sha256": "790696c654f9073bd617d767735d23a5f88bb32d001fcd9970d4e4232b49df11",
    "holdout_evaluator_sha256": "9ab4cb6d7d0e99aa39c5dc891e455e6954738772e14b8d67355fade63080d8bb",
    "holdout_separated_from_training": true,
    "all_evaluators_trusted": true
  },
  "credit_evidence_hash": "60f8124a67eb17bc558c382e1bb592ecbb7f16008598c0a32d54a1770f38359d",
  "training_batch_id": "231f71f88e3303d650617da9ff2ad78d68e0ceb7955509d230902b6f96825fa4",
  "training_batch_hash": "969959c5253051c7134c314576f7d5af427e73569331bfd151ee825f408ec1b3",
  "rejected_candidate": {
    "policy_epoch_id": "coding-agent-rejected@1",
    "success_rate": 0.6666666666666666,
    "quality_threshold": 0.75,
    "promotion_state": "rejected",
    "evaluation_hash": "ecb8a8459c8ff434c1476e387067323345f5d9c8b9682e592613b5577107234d"
  },
  "corrected_candidate": {
    "policy_epoch_id": "coding-agent@1",
    "success_rate": 0.7916666666666666,
    "quality_threshold": 0.75,
    "evaluation_hash": "c8148160f95a33f2a8e9e5f8ceb675700a3af7f0d43cfc1d3d281a9d1ae1a5c2",
    "checkpoint_hash": "91d75141151e502f58f103012f9fbb950c8c64907e8e069a4faa88523ee8aadf"
  },
  "champion_success_rate": 0.625,
  "measured_success_rate_delta": 0.16666666666666663,
  "serving": {
    "candidate_mean_policy_decision_latency_ms": 0.008699209000000001,
    "synthetic": true
  },
  "replay": {
    "transcript": {
      "schema_version": "sloforge.helix.replay-evidence/v1",
      "evidence_id": "fcd95eeb53baa9ccaf20e904748b7b645858d79ddc752337825aa0043ea861ee",
      "expected_trace_id": "10339e143c94d64dfd77717d259796cc6610bb0393c2d2ef94cdbca50d12f37c",
      "observed_trace_id": "ec5e8e043358a9f0bf8fb339dcff2c0cc87933c39c4f709ffd7026d6f02152f9",
      "mode": "causal",
      "scope": "transcript",
      "matched": true,
      "exact_identity_verified": false,
      "identity_differences": [
        "model_state_digest",
        "environment_capsule_id",
        "environment_state_digest"
      ],
      "first_token_divergence": null,
      "first_action_divergence": null,
      "first_environment_divergence": null,
      "first_reward_divergence": null,
      "first_outcome_divergence": null,
      "first_resource_divergence": null,
      "transcript_evidence_digest": "6ab0bb114b6254f10739c0574a02f43c6de7898f71c7f4c18981ed972fef136e",
      "environment_state_evidence_digest": null,
      "model_state_evidence_digest": null,
      "joint_evidence_digest": null,
      "environment_state_equal": null,
      "model_state_equal": null,
      "transcript_establishes_state_equivalence": false,
      "limitations": [
        "transcript equality is not evidence of environment-state equality",
        "transcript equality is not evidence of hidden model-state equality",
        "causal and semantic modes make no bitwise-equivalence claim",
        "causal mode compares declared event semantics and parent topology, not causation",
        "a non-exact match does not imply runtime, policy, RNG, or tool identity equality",
        "trace comparison does not attest that the runner restored underlying state bytes",
        "semantic equality depends on the declared semantic event digests"
      ],
      "evidence_digest": "10999812f602deb76f4af140bb525aabcdeb506afb6a8394a7bcb1c4cca7bae1"
    },
    "environment": {
      "schema_version": "sloforge.helix.replay-evidence/v1",
      "evidence_id": "4b93dae93fb93de09e1e8f41bca7b80f2e080b1a341063dc4bcb0608ac5c6433",
      "expected_trace_id": "10339e143c94d64dfd77717d259796cc6610bb0393c2d2ef94cdbca50d12f37c",
      "observed_trace_id": "89bee4c6a053ab824cacb6f9830266e13dddba3cd3fb72519466ace362faffe1",
      "mode": "causal",
      "scope": "environment_only",
      "matched": true,
      "exact_identity_verified": false,
      "identity_differences": [
        "model_state_digest"
      ],
      "first_token_divergence": null,
      "first_action_divergence": null,
      "first_environment_divergence": null,
      "first_reward_divergence": null,
      "first_outcome_divergence": null,
      "first_resource_divergence": null,
      "transcript_evidence_digest": null,
      "environment_state_evidence_digest": "03e8ec8407a3266a71b1a832dc53ff5601d47da587a037169258dbad94896c28",
      "model_state_evidence_digest": null,
      "joint_evidence_digest": null,
      "environment_state_equal": true,
      "model_state_equal": null,
      "transcript_establishes_state_equivalence": false,
      "limitations": [
        "transcript equality is not evidence of environment-state equality",
        "transcript equality is not evidence of hidden model-state equality",
        "causal and semantic modes make no bitwise-equivalence claim",
        "causal mode compares declared event semantics and parent topology, not causation",
        "a non-exact match does not imply runtime, policy, RNG, or tool identity equality",
        "trace comparison does not attest that the runner restored underlying state bytes",
        "semantic equality depends on the declared semantic event digests"
      ],
      "evidence_digest": "5262ea7613c883d33a5f529e95ddc23452246b1a370836d93155d6e5252991a1"
    },
    "model": {
      "schema_version": "sloforge.helix.replay-evidence/v1",
      "evidence_id": "8d5d82312fc2b9132a1db70236d10e8e1868c2faad25ef1ff751d5c5ce96ec65",
      "expected_trace_id": "10339e143c94d64dfd77717d259796cc6610bb0393c2d2ef94cdbca50d12f37c",
      "observed_trace_id": "945f0c5ba5f52c126306ccdfa8ca35ecc65ed5a07542dbb1d5b1f0e310f56df7",
      "mode": "causal",
      "scope": "model_only",
      "matched": true,
      "exact_identity_verified": false,
      "identity_differences": [
        "environment_capsule_id",
        "environment_state_digest"
      ],
      "first_token_divergence": null,
      "first_action_divergence": null,
      "first_environment_divergence": null,
      "first_reward_divergence": null,
      "first_outcome_divergence": null,
      "first_resource_divergence": null,
      "transcript_evidence_digest": null,
      "environment_state_evidence_digest": null,
      "model_state_evidence_digest": "96206f5e8cd9e20f9701fc03fcd55da762d669c98fe148d239157f8631aff4fd",
      "joint_evidence_digest": null,
      "environment_state_equal": null,
      "model_state_equal": true,
      "transcript_establishes_state_equivalence": false,
      "limitations": [
        "transcript equality is not evidence of environment-state equality",
        "transcript equality is not evidence of hidden model-state equality",
        "causal and semantic modes make no bitwise-equivalence claim",
        "causal mode compares declared event semantics and parent topology, not causation",
        "a non-exact match does not imply runtime, policy, RNG, or tool identity equality",
        "trace comparison does not attest that the runner restored underlying state bytes",
        "semantic equality depends on the declared semantic event digests"
      ],
      "evidence_digest": "317d186d91131ca84e86608d4f76946a4728a75d7881c73379daac4e96fdd628"
    },
    "joint": {
      "schema_version": "sloforge.helix.replay-evidence/v1",
      "evidence_id": "d56ee9c74f10ce0e44da6119136561a6ca16dd452484364a32afc8d65496538d",
      "expected_trace_id": "10339e143c94d64dfd77717d259796cc6610bb0393c2d2ef94cdbca50d12f37c",
      "observed_trace_id": "10339e143c94d64dfd77717d259796cc6610bb0393c2d2ef94cdbca50d12f37c",
      "mode": "exact",
      "scope": "joint",
      "matched": true,
      "exact_identity_verified": true,
      "identity_differences": [],
      "first_token_divergence": null,
      "first_action_divergence": null,
      "first_environment_divergence": null,
      "first_reward_divergence": null,
      "first_outcome_divergence": null,
      "first_resource_divergence": null,
      "transcript_evidence_digest": "eb66151e92742824cc7c3154793ca585605b29c80677aafca6764ed405c812d1",
      "environment_state_evidence_digest": "2d91d8f86f0e0ebcecde6dd5cd542ffacf7c694283d9dc06e9820e5806099065",
      "model_state_evidence_digest": "8c44124c15e17ca0da6d5e7c1489493403180b4b1f13ad582d7cb2ba18f69cf7",
      "joint_evidence_digest": "cda7813f294ce04d6955e93d4cad21f5259b7ce6bce2ba148d295f01b5f378d0",
      "environment_state_equal": true,
      "model_state_equal": true,
      "transcript_establishes_state_equivalence": false,
      "limitations": [
        "transcript equality is not evidence of environment-state equality",
        "transcript equality is not evidence of hidden model-state equality",
        "causal and semantic modes make no bitwise-equivalence claim",
        "causal mode compares declared event semantics and parent topology, not causation",
        "a non-exact match does not imply runtime, policy, RNG, or tool identity equality",
        "trace comparison does not attest that the runner restored underlying state bytes",
        "semantic equality depends on the declared semantic event digests"
      ],
      "evidence_digest": "6ceb21c89b72653dd0718970c361eef234664bc8b09e58f909d87d74e635296e"
    }
  },
  "promotion": {
    "tenant_id": "tenant-helix-demo",
    "capsule_digest": "3677503509e85813369a8ea2f32482255db555c4a53a19ab2de92b82d980b14b",
    "capsule_validation_eligible": true,
    "state_compatibility_class": "recomputation_assisted",
    "challenger_route_before_rollback": "coding-agent@1",
    "incompatible_session_policy": "coding-agent@0",
    "incompatible_session_pinned": true,
    "route_after_rollback": "coding-agent@0",
    "final_state": "rolled_back"
  },
  "learning_transaction_state": "rolled_back",
  "rejected_transaction_state": "quality_regression",
  "lineage_hash": "fc60519afebeadc059839fc5284e50651ced5586e0f39fb098b2e58fcdd62072",
  "environment_cleanup": {
    "branch_workspace_bytes": 0,
    "live_branches": 0
  },
  "validation_class": "deterministic-local-cpu-synthetic",
  "hardware_backed": false,
  "limitations": [
    "the reference categorical policy and coding repository are synthetic",
    "no GPU, distributed trainer, live production traffic, or external side effect was exercised",
    "branch-relative credit is a controlled sibling comparison, not universal causal identification",
    "latency is a local CPU policy-decision measurement, not a model-serving benchmark"
  ]
}
uv run --locked sloforge helix scheduler simulate --workload scenarios/helix/resource/cpu-learning-aware.json --policy helix_value_aware --output artifacts/helix/resource-demo
{
  "plan_id": "8117dcbd9c0b671ea6415502eb4137e221805fcbbdbefcf14c2c2347c5ec2b22",
  "policy": "helix_value_aware",
  "output": "artifacts/helix/resource-demo/plan.json",
  "selected_branch_ids": [
    "branch.high-value"
  ],
  "completed_work_ids": [
    "evaluation.reference",
    "rollout.high-value"
  ],
  "serving_predicted_slo_feasible": true,
  "predicted_learning_value": 16.0,
  "total_cost_microunits": 41300
}
uv build
Building source distribution...
Building wheel from source distribution...
Successfully built dist/sloforge-0.1.0.tar.gz
Successfully built dist/sloforge-0.1.0-py3-none-any.whl
