{"timestamp":"2026-08-02T02:58:13.086383Z","level":"INFO","fields":{"message":"gateway listening","address":"127.0.0.1:51312"},"target":"sloforge_gateway"}
{"timestamp":"2026-08-02T02:58:13.106172Z","level":"INFO","fields":{"message":"request admitted","request_id":"019fc068-5df2-78f2-979f-3f890f1a1f23","traceparent":"00-093bc2860f82423b946f92389e72812b-269dcdc73b8b4422-01","model":"sloforge-mock","max_tokens":32},"target":"sloforge_gateway::gateway"}
{"timestamp":"2026-08-02T02:58:13.106444Z","level":"INFO","fields":{"message":"selected backend","backend":"mock-fast-replica-0","attempt":1},"target":"sloforge_gateway::gateway"}
{"timestamp":"2026-08-02T02:58:13.368836Z","level":"INFO","fields":{"message":"request admitted","request_id":"019fc068-5ef8-75c3-b8c7-f1f9148063d4","traceparent":"00-b26e5bc2ab174662b245ae8ae2c71ffa-6dcc8fbab45d495f-01","model":"sloforge-mock","max_tokens":32},"target":"sloforge_gateway::gateway"}
{"timestamp":"2026-08-02T02:58:13.369014Z","level":"INFO","fields":{"message":"selected backend","backend":"mock-fast-replica-1","attempt":1},"target":"sloforge_gateway::gateway"}
{"timestamp":"2026-08-02T02:58:13.402388Z","level":"INFO","fields":{"message":"request admitted","request_id":"019fc068-5f1a-7483-bfd3-687b1c220e5b","traceparent":"00-2318c2d84b0949d58c3a455af60484ca-3e00d80e609249f3-01","model":"sloforge-mock","max_tokens":32},"target":"sloforge_gateway::gateway"}
{"timestamp":"2026-08-02T02:58:13.402584Z","level":"INFO","fields":{"message":"selected backend","backend":"mock-fast-replica-1","attempt":1},"target":"sloforge_gateway::gateway"}
{"timestamp":"2026-08-02T02:58:13.405978Z","level":"INFO","fields":{"message":"request admitted","request_id":"019fc068-5f1d-7cf3-9d58-5a923802bb63","traceparent":"00-c5858fca35b94dd7a5117d0819418073-a46ce01c657946ab-01","model":"sloforge-mock","max_tokens":32},"target":"sloforge_gateway::gateway"}
{"timestamp":"2026-08-02T02:58:13.406054Z","level":"INFO","fields":{"message":"selected backend","backend":"mock-fast-replica-1","attempt":1},"target":"sloforge_gateway::gateway"}
{"timestamp":"2026-08-02T02:58:13.629002Z","level":"INFO","fields":{"message":"request admitted","request_id":"019fc068-5ffc-7050-8357-e6d2c7fce788","traceparent":"00-abeadb4cbffe4c6ea474af9ca29b93ba-afd0363036054ed3-01","model":"sloforge-mock","max_tokens":32},"target":"sloforge_gateway::gateway"}
{"timestamp":"2026-08-02T02:58:13.629098Z","level":"INFO","fields":{"message":"selected backend","backend":"mock-fast-replica-2","attempt":1},"target":"sloforge_gateway::gateway"}
{"timestamp":"2026-08-02T02:58:14.065557Z","level":"INFO","fields":{"message":"request admitted","request_id":"019fc068-61b1-7771-8663-da6e65351013","traceparent":"00-06c08628f2d6409f8f5b1680fbeed606-bafb0f118dc14fc2-01","model":"sloforge-mock","max_tokens":32},"target":"sloforge_gateway::gateway"}
{"timestamp":"2026-08-02T02:58:14.065744Z","level":"INFO","fields":{"message":"selected backend","backend":"mock-fast-replica-2","attempt":1},"target":"sloforge_gateway::gateway"}
{"timestamp":"2026-08-02T02:58:14.200859Z","level":"INFO","fields":{"message":"request admitted","request_id":"019fc068-6238-7912-8d5c-4e86109c2699","traceparent":"00-476804c9fcfb4c3f8096326f83db6c9e-393ba40806ee4a50-01","model":"sloforge-mock","max_tokens":32},"target":"sloforge_gateway::gateway"}
{"timestamp":"2026-08-02T02:58:14.201022Z","level":"INFO","fields":{"message":"selected backend","backend":"mock-fast-replica-2","attempt":1},"target":"sloforge_gateway::gateway"}
{"timestamp":"2026-08-02T02:58:14.628918Z","level":"INFO","fields":{"message":"request admitted","request_id":"019fc068-63e4-74e2-865c-e696f10f7a3d","traceparent":"00-52dcbf343fb64f6d8c7644212574aff6-b5888ffe7a834bc3-01","model":"sloforge-mock","max_tokens":32},"target":"sloforge_gateway::gateway"}
{"timestamp":"2026-08-02T02:58:14.629127Z","level":"INFO","fields":{"message":"selected backend","backend":"mock-fast-replica-0","attempt":1},"target":"sloforge_gateway::gateway"}
{"timestamp":"2026-08-02T02:58:14.652735Z","level":"INFO","fields":{"message":"request admitted","request_id":"019fc068-63fc-7c50-9c69-683facd495ab","traceparent":"00-c1fcbe44d0d34988bbb6c87d37f37de9-f3b811e925af488e-01","model":"sloforge-mock","max_tokens":32},"target":"sloforge_gateway::gateway"}
{"timestamp":"2026-08-02T02:58:14.652933Z","level":"INFO","fields":{"message":"selected backend","backend":"mock-fast-replica-0","attempt":1},"target":"sloforge_gateway::gateway"}
{"timestamp":"2026-08-02T02:58:15.308568Z","level":"INFO","fields":{"message":"request admitted","request_id":"019fc068-668c-7123-9905-eb559096b076","traceparent":"00-b2f5717417a04b6a85353b177b429429-5f898bcb12ae4bbb-01","model":"sloforge-mock","max_tokens":32},"target":"sloforge_gateway::gateway"}
{"timestamp":"2026-08-02T02:58:15.308741Z","level":"INFO","fields":{"message":"selected backend","backend":"mock-fast-replica-0","attempt":1},"target":"sloforge_gateway::gateway"}
{"timestamp":"2026-08-02T02:58:15.424233Z","level":"INFO","fields":{"message":"request admitted","request_id":"019fc068-6700-7b70-8018-6a9d9d117fc4","traceparent":"00-1597b99cf3d1474cb12e5ec9ce8935b4-97e7bda7cd3c4b40-01","model":"sloforge-mock","max_tokens":32},"target":"sloforge_gateway::gateway"}
{"timestamp":"2026-08-02T02:58:15.424297Z","level":"INFO","fields":{"message":"selected backend","backend":"mock-fast-replica-0","attempt":1},"target":"sloforge_gateway::gateway"}
{"timestamp":"2026-08-02T02:58:15.503872Z","level":"INFO","fields":{"message":"request admitted","request_id":"019fc068-674f-7c83-a07f-acba65315059","traceparent":"00-f5df8eaec65442bb8d3ca29193ddd002-593be5898e0741e0-01","model":"sloforge-mock","max_tokens":32},"target":"sloforge_gateway::gateway"}
{"timestamp":"2026-08-02T02:58:15.504029Z","level":"INFO","fields":{"message":"selected backend","backend":"mock-fast-replica-0","attempt":1},"target":"sloforge_gateway::gateway"}
{"timestamp":"2026-08-02T02:58:15.539448Z","level":"INFO","fields":{"message":"request admitted","request_id":"019fc068-6773-7c03-ad98-4d3ce9a820e6","traceparent":"00-6c92e3f3c41b4c61aefc7f12d12baeaa-80c454a9b8e647a5-01","model":"sloforge-mock","max_tokens":32},"target":"sloforge_gateway::gateway"}
{"timestamp":"2026-08-02T02:58:15.539617Z","level":"INFO","fields":{"message":"selected backend","backend":"mock-fast-replica-0","attempt":1},"target":"sloforge_gateway::gateway"}
{"timestamp":"2026-08-02T02:58:15.708573Z","level":"INFO","fields":{"message":"request admitted","request_id":"019fc068-681c-7371-b006-55c928d03a08","traceparent":"00-2ac4e8760d2448f99c381f7b7499a0e2-987ebe6c14414875-01","model":"sloforge-mock","max_tokens":32},"target":"sloforge_gateway::gateway"}
{"timestamp":"2026-08-02T02:58:15.708698Z","level":"INFO","fields":{"message":"selected backend","backend":"mock-fast-replica-0","attempt":1},"target":"sloforge_gateway::gateway"}
{"timestamp":"2026-08-02T02:58:16.909527Z","level":"INFO","fields":{"message":"request admitted","request_id":"019fc068-6ccd-7263-a4e6-090ddf44d58e","traceparent":"00-5f229bd72eba47e4b109e6b8c0144bec-4e55ac6cef2d4765-01","model":"sloforge-mock","max_tokens":32},"target":"sloforge_gateway::gateway"}
{"timestamp":"2026-08-02T02:58:16.909725Z","level":"INFO","fields":{"message":"selected backend","backend":"mock-fast-replica-0","attempt":1},"target":"sloforge_gateway::gateway"}
{"timestamp":"2026-08-02T02:58:17.254657Z","level":"INFO","fields":{"message":"request admitted","request_id":"019fc068-6e26-7052-bdea-bf74ca2c392b","traceparent":"00-f250e3eafb9e4d23ad0fe3c69b3e70c0-529000023d384ef2-01","model":"sloforge-mock","max_tokens":32},"target":"sloforge_gateway::gateway"}
{"timestamp":"2026-08-02T02:58:17.254837Z","level":"INFO","fields":{"message":"selected backend","backend":"mock-fast-replica-2","attempt":1},"target":"sloforge_gateway::gateway"}
{"timestamp":"2026-08-02T02:58:17.464680Z","level":"INFO","fields":{"message":"request admitted","request_id":"019fc068-6ef8-7d62-9da5-65bab6b9f9f8","traceparent":"00-28f268b5dfa840378e95dce86a3e0db7-3aad1006724b422e-01","model":"sloforge-mock","max_tokens":32},"target":"sloforge_gateway::gateway"}
{"timestamp":"2026-08-02T02:58:17.464846Z","level":"INFO","fields":{"message":"selected backend","backend":"mock-fast-replica-2","attempt":1},"target":"sloforge_gateway::gateway"}
{"timestamp":"2026-08-02T02:58:17.642902Z","level":"INFO","fields":{"message":"request admitted","request_id":"019fc068-6faa-7fa3-b75b-a06c867e9108","traceparent":"00-7c9752d9fa774ce994add2acd6103d66-a47eb5ab0df347f1-01","model":"sloforge-mock","max_tokens":32},"target":"sloforge_gateway::gateway"}
{"timestamp":"2026-08-02T02:58:17.643063Z","level":"INFO","fields":{"message":"selected backend","backend":"mock-fast-replica-1","attempt":1},"target":"sloforge_gateway::gateway"}
{"timestamp":"2026-08-02T02:58:17.708107Z","level":"INFO","fields":{"message":"request admitted","request_id":"019fc068-6fec-7072-963e-e4c4950fa411","traceparent":"00-47c5c15439c246c08b1bdc2a037c246e-6fed71b29287475f-01","model":"sloforge-mock","max_tokens":32},"target":"sloforge_gateway::gateway"}
{"timestamp":"2026-08-02T02:58:17.708181Z","level":"INFO","fields":{"message":"selected backend","backend":"mock-fast-replica-1","attempt":1},"target":"sloforge_gateway::gateway"}
{"timestamp":"2026-08-02T02:58:17.890353Z","level":"INFO","fields":{"message":"request admitted","request_id":"019fc068-70a2-7cb2-a7f2-012a306ce20b","traceparent":"00-7f0413908ed5432fadab2eae119f7cc2-945148061cf64ae7-01","model":"sloforge-mock","max_tokens":32},"target":"sloforge_gateway::gateway"}
{"timestamp":"2026-08-02T02:58:17.890480Z","level":"INFO","fields":{"message":"selected backend","backend":"mock-fast-replica-1","attempt":1},"target":"sloforge_gateway::gateway"}
{"timestamp":"2026-08-02T02:58:18.012220Z","level":"INFO","fields":{"message":"request admitted","request_id":"019fc068-711c-7c20-b238-758bf48baf94","traceparent":"00-220de6402c674cec9de57dc00703fbf8-448a79002dc44e59-01","model":"sloforge-mock","max_tokens":32},"target":"sloforge_gateway::gateway"}
{"timestamp":"2026-08-02T02:58:18.012395Z","level":"INFO","fields":{"message":"selected backend","backend":"mock-fast-replica-1","attempt":1},"target":"sloforge_gateway::gateway"}
{"timestamp":"2026-08-02T02:58:18.098359Z","level":"INFO","fields":{"message":"request admitted","request_id":"019fc068-7172-7f81-b52e-abfd285af8ec","traceparent":"00-bbfec7b81c5f422293a35c511873f5e9-b6457c4d037c4560-01","model":"sloforge-mock","max_tokens":32},"target":"sloforge_gateway::gateway"}
{"timestamp":"2026-08-02T02:58:18.098437Z","level":"INFO","fields":{"message":"selected backend","backend":"mock-fast-replica-1","attempt":1},"target":"sloforge_gateway::gateway"}
{"timestamp":"2026-08-02T02:58:18.131296Z","level":"INFO","fields":{"message":"request admitted","request_id":"019fc068-7193-7e53-9111-7e30b2914e5d","traceparent":"00-9df87f717f484238b801d39037fa4413-18d772db9eb7475b-01","model":"sloforge-mock","max_tokens":32},"target":"sloforge_gateway::gateway"}
{"timestamp":"2026-08-02T02:58:18.131388Z","level":"INFO","fields":{"message":"selected backend","backend":"mock-fast-replica-1","attempt":1},"target":"sloforge_gateway::gateway"}
{"timestamp":"2026-08-02T02:58:18.141583Z","level":"INFO","fields":{"message":"request admitted","request_id":"019fc068-719d-7721-876a-8e75352554e3","traceparent":"00-da1a8c5cc3e74d88a55a48d0de2f35d7-17adaa9fbd314117-01","model":"sloforge-mock","max_tokens":32},"target":"sloforge_gateway::gateway"}
{"timestamp":"2026-08-02T02:58:18.141645Z","level":"INFO","fields":{"message":"selected backend","backend":"mock-fast-replica-1","attempt":1},"target":"sloforge_gateway::gateway"}
{"timestamp":"2026-08-02T02:58:18.149384Z","level":"INFO","fields":{"message":"request admitted","request_id":"019fc068-71a5-7262-9caa-782c59d8fbc8","traceparent":"00-8cfb2a4cf91345359da34505ddc2e6d3-27c29ef3cbfe4c27-01","model":"sloforge-mock","max_tokens":32},"target":"sloforge_gateway::gateway"}
{"timestamp":"2026-08-02T02:58:18.149451Z","level":"INFO","fields":{"message":"selected backend","backend":"mock-fast-replica-1","attempt":1},"target":"sloforge_gateway::gateway"}
{"timestamp":"2026-08-02T02:58:18.155422Z","level":"INFO","fields":{"message":"request admitted","request_id":"019fc068-71ab-7400-8fad-8d95ad76a0a1","traceparent":"00-45d1c359a459419bb4cfffdfc7ccb932-229951e9cf13448f-01","model":"sloforge-mock","max_tokens":32},"target":"sloforge_gateway::gateway"}
{"timestamp":"2026-08-02T02:58:18.155494Z","level":"INFO","fields":{"message":"selected backend","backend":"mock-fast-replica-1","attempt":1},"target":"sloforge_gateway::gateway"}
{"timestamp":"2026-08-02T02:58:18.173816Z","level":"INFO","fields":{"message":"request admitted","request_id":"019fc068-71bd-7f50-8433-70505441b83e","traceparent":"00-842a268ab30a426e8b4d72c680fbab2e-5b75fe3beb5746ae-01","model":"sloforge-mock","max_tokens":22},"target":"sloforge_gateway::gateway"}
{"timestamp":"2026-08-02T02:58:18.173882Z","level":"INFO","fields":{"message":"selected backend","backend":"mock-fast-replica-1","attempt":1},"target":"sloforge_gateway::gateway"}
{"timestamp":"2026-08-02T02:58:18.274245Z","level":"INFO","fields":{"message":"request admitted","request_id":"019fc068-7222-78a3-bf2f-ac9dec66d212","traceparent":"00-a840c4b7d1e14ff19be31bfee126ce16-a7c7489fa9bc46ca-01","model":"sloforge-mock","max_tokens":32},"target":"sloforge_gateway::gateway"}
{"timestamp":"2026-08-02T02:58:18.274313Z","level":"INFO","fields":{"message":"selected backend","backend":"mock-fast-replica-1","attempt":1},"target":"sloforge_gateway::gateway"}
{"timestamp":"2026-08-02T02:58:18.339946Z","level":"INFO","fields":{"message":"request admitted","request_id":"019fc068-7263-7eb3-8682-662b9ca0bc17","traceparent":"00-c6f5d7b8027f4f6dbfddfc28b525f720-32ddd2cc6e3b40d6-01","model":"sloforge-mock","max_tokens":32},"target":"sloforge_gateway::gateway"}
{"timestamp":"2026-08-02T02:58:18.340024Z","level":"INFO","fields":{"message":"selected backend","backend":"mock-fast-replica-1","attempt":1},"target":"sloforge_gateway::gateway"}
{"timestamp":"2026-08-02T02:58:18.390659Z","level":"INFO","fields":{"message":"request admitted","request_id":"019fc068-7296-7570-ba4b-0ee3d8fe2224","traceparent":"00-5762d28cecfb4c49a4a0eac62129f13b-226d27373f914b81-01","model":"sloforge-mock","max_tokens":32},"target":"sloforge_gateway::gateway"}
{"timestamp":"2026-08-02T02:58:18.390729Z","level":"INFO","fields":{"message":"selected backend","backend":"mock-fast-replica-0","attempt":1},"target":"sloforge_gateway::gateway"}
{"timestamp":"2026-08-02T02:58:18.451633Z","level":"INFO","fields":{"message":"request admitted","request_id":"019fc068-72d3-7f70-b435-9d0480e60e8d","traceparent":"00-d104d55232774b7cb757cc6317143e11-ca31434f622d43f9-01","model":"sloforge-mock","max_tokens":32},"target":"sloforge_gateway::gateway"}
{"timestamp":"2026-08-02T02:58:18.451701Z","level":"INFO","fields":{"message":"selected backend","backend":"mock-fast-replica-1","attempt":1},"target":"sloforge_gateway::gateway"}
{"timestamp":"2026-08-02T02:58:18.465811Z","level":"INFO","fields":{"message":"request admitted","request_id":"019fc068-72e1-7273-ae91-ccbf9b1850a4","traceparent":"00-f9b72a40449344d095f32e21b696d5b8-67f5933a8cf749c7-01","model":"sloforge-mock","max_tokens":32},"target":"sloforge_gateway::gateway"}
{"timestamp":"2026-08-02T02:58:18.465869Z","level":"INFO","fields":{"message":"selected backend","backend":"mock-fast-replica-1","attempt":1},"target":"sloforge_gateway::gateway"}
{"timestamp":"2026-08-02T02:58:18.466338Z","level":"INFO","fields":{"message":"request admitted","request_id":"019fc068-72e2-7220-95cc-d0d0eaa21338","traceparent":"00-a7727fd7a600492cb63557c99fb60cdd-013756dc09cd4cfe-01","model":"sloforge-mock","max_tokens":32},"target":"sloforge_gateway::gateway"}
{"timestamp":"2026-08-02T02:58:18.466373Z","level":"INFO","fields":{"message":"selected backend","backend":"mock-fast-replica-1","attempt":1},"target":"sloforge_gateway::gateway"}
{"timestamp":"2026-08-02T02:58:18.475252Z","level":"INFO","fields":{"message":"request admitted","request_id":"019fc068-72eb-7fa2-89c2-bc0cfec20b12","traceparent":"00-3fa674526a754115b69adee6823002c1-50af8f9e05ba4136-01","model":"sloforge-mock","max_tokens":32},"target":"sloforge_gateway::gateway"}
{"timestamp":"2026-08-02T02:58:18.475290Z","level":"INFO","fields":{"message":"selected backend","backend":"mock-fast-replica-1","attempt":1},"target":"sloforge_gateway::gateway"}
{"timestamp":"2026-08-02T02:58:18.618487Z","level":"INFO","fields":{"message":"request admitted","request_id":"019fc068-737a-7291-91d4-1315d9482c59","traceparent":"00-b72bd2754ca04dfd89e1c44fa2f138a2-c9d811a473a04b3a-01","model":"sloforge-mock","max_tokens":32},"target":"sloforge_gateway::gateway"}
{"timestamp":"2026-08-02T02:58:18.618560Z","level":"INFO","fields":{"message":"selected backend","backend":"mock-fast-replica-1","attempt":1},"target":"sloforge_gateway::gateway"}
{"timestamp":"2026-08-02T02:58:18.717585Z","level":"INFO","fields":{"message":"request admitted","request_id":"019fc068-73dd-7593-9140-96a161ce3886","traceparent":"00-594803eb336e4c089f74ca4b76d1c7b1-f42dbc5c9dbc40f9-01","model":"sloforge-mock","max_tokens":32},"target":"sloforge_gateway::gateway"}
{"timestamp":"2026-08-02T02:58:18.717695Z","level":"INFO","fields":{"message":"selected backend","backend":"mock-fast-replica-1","attempt":1},"target":"sloforge_gateway::gateway"}
{"timestamp":"2026-08-02T02:58:18.741984Z","level":"INFO","fields":{"message":"request admitted","request_id":"019fc068-73f5-79e2-b783-4c648c6553ee","traceparent":"00-601b025f02b04f7f9ad482aacc9526c2-a11f6d16f50946da-01","model":"sloforge-mock","max_tokens":32},"target":"sloforge_gateway::gateway"}
{"timestamp":"2026-08-02T02:58:18.742092Z","level":"INFO","fields":{"message":"selected backend","backend":"mock-fast-replica-1","attempt":1},"target":"sloforge_gateway::gateway"}
{"timestamp":"2026-08-02T02:58:18.762635Z","level":"INFO","fields":{"message":"request admitted","request_id":"019fc068-740a-7930-b1f2-741d85eb91a6","traceparent":"00-8a301286b5f44d23a688a8e8b128c030-d7d64fd7452948b5-01","model":"sloforge-mock","max_tokens":32},"target":"sloforge_gateway::gateway"}
{"timestamp":"2026-08-02T02:58:18.762714Z","level":"INFO","fields":{"message":"selected backend","backend":"mock-fast-replica-1","attempt":1},"target":"sloforge_gateway::gateway"}
{"timestamp":"2026-08-02T02:58:18.945507Z","level":"INFO","fields":{"message":"request admitted","request_id":"019fc068-74c1-7aa3-9ec6-02ea12702334","traceparent":"00-6ed3928d70624963988c56b73c8f7eb8-0c9be860c2084b21-01","model":"sloforge-mock","max_tokens":32},"target":"sloforge_gateway::gateway"}
{"timestamp":"2026-08-02T02:58:18.945585Z","level":"INFO","fields":{"message":"selected backend","backend":"mock-fast-replica-1","attempt":1},"target":"sloforge_gateway::gateway"}
{"timestamp":"2026-08-02T02:58:18.953066Z","level":"INFO","fields":{"message":"request admitted","request_id":"019fc068-74c9-7d03-90d0-a0e0c6385a10","traceparent":"00-6b8f431a2dc34d6c9fd9dd04d88ca912-e5123d5d38ec462c-01","model":"sloforge-mock","max_tokens":32},"target":"sloforge_gateway::gateway"}
{"timestamp":"2026-08-02T02:58:18.953102Z","level":"INFO","fields":{"message":"selected backend","backend":"mock-fast-replica-1","attempt":1},"target":"sloforge_gateway::gateway"}
{"timestamp":"2026-08-02T02:58:19.029038Z","level":"INFO","fields":{"message":"request admitted","request_id":"019fc068-7514-7ea2-9b3c-ddcf5f5b5b44","traceparent":"00-ef3519e03af14b9691595de09c9ffadb-927aa26ad05c41c7-01","model":"sloforge-mock","max_tokens":32},"target":"sloforge_gateway::gateway"}
{"timestamp":"2026-08-02T02:58:19.029145Z","level":"INFO","fields":{"message":"selected backend","backend":"mock-fast-replica-1","attempt":1},"target":"sloforge_gateway::gateway"}
{"timestamp":"2026-08-02T02:58:19.038815Z","level":"INFO","fields":{"message":"request admitted","request_id":"019fc068-751e-7b00-ada3-3cc860a5c2dc","traceparent":"00-f64e40ecaa9f4ea89ec989ff3ab0ee4c-9b084f4f54624918-01","model":"sloforge-mock","max_tokens":32},"target":"sloforge_gateway::gateway"}
{"timestamp":"2026-08-02T02:58:19.038867Z","level":"INFO","fields":{"message":"selected backend","backend":"mock-fast-replica-1","attempt":1},"target":"sloforge_gateway::gateway"}
{"timestamp":"2026-08-02T02:58:19.071539Z","level":"INFO","fields":{"message":"request admitted","request_id":"019fc068-753f-79c1-8920-94c46cdcf7ef","traceparent":"00-ae6bc145a04b445fba1ba29402c37526-f65cca93b1bd40cb-01","model":"sloforge-mock","max_tokens":32},"target":"sloforge_gateway::gateway"}
{"timestamp":"2026-08-02T02:58:19.071643Z","level":"INFO","fields":{"message":"selected backend","backend":"mock-fast-replica-1","attempt":1},"target":"sloforge_gateway::gateway"}
{"timestamp":"2026-08-02T02:58:19.144492Z","level":"INFO","fields":{"message":"request admitted","request_id":"019fc068-7588-75a2-bd5e-443c7e76d0cc","traceparent":"00-1ed80abbb14342ce9de3391ffec93db8-d54610b5017e45d4-01","model":"sloforge-mock","max_tokens":32},"target":"sloforge_gateway::gateway"}
{"timestamp":"2026-08-02T02:58:19.144711Z","level":"INFO","fields":{"message":"selected backend","backend":"mock-fast-replica-1","attempt":1},"target":"sloforge_gateway::gateway"}
{"timestamp":"2026-08-02T02:58:19.365363Z","level":"INFO","fields":{"message":"request admitted","request_id":"019fc068-7665-7361-8f06-86c150db8013","traceparent":"00-e34db4d0d3684442b0b9d18bda766329-2c79f36440f74343-01","model":"sloforge-mock","max_tokens":32},"target":"sloforge_gateway::gateway"}
{"timestamp":"2026-08-02T02:58:19.365552Z","level":"INFO","fields":{"message":"selected backend","backend":"mock-fast-replica-1","attempt":1},"target":"sloforge_gateway::gateway"}
{"timestamp":"2026-08-02T02:58:19.366645Z","level":"WARN","fields":{"message":"backend attempt failed","backend":"mock-fast-replica-1","kind":"backend_status","status":503},"target":"sloforge_gateway::gateway"}
{"timestamp":"2026-08-02T02:58:19.366749Z","level":"INFO","fields":{"message":"selected backend","backend":"mock-fast-replica-2","attempt":2},"target":"sloforge_gateway::gateway"}
{"timestamp":"2026-08-02T02:58:19.393013Z","level":"INFO","fields":{"message":"request admitted","request_id":"019fc068-7680-7c91-b1d6-e3874ff28868","traceparent":"00-6dc3f679611d450eb54af552b5b271db-8969ab3cff2a49aa-01","model":"sloforge-mock","max_tokens":32},"target":"sloforge_gateway::gateway"}
{"timestamp":"2026-08-02T02:58:19.393128Z","level":"INFO","fields":{"message":"selected backend","backend":"mock-fast-replica-1","attempt":1},"target":"sloforge_gateway::gateway"}
{"timestamp":"2026-08-02T02:58:19.394091Z","level":"WARN","fields":{"message":"backend attempt failed","backend":"mock-fast-replica-1","kind":"backend_status","status":503},"target":"sloforge_gateway::gateway"}
{"timestamp":"2026-08-02T02:58:19.394193Z","level":"INFO","fields":{"message":"selected backend","backend":"mock-fast-replica-2","attempt":2},"target":"sloforge_gateway::gateway"}
{"timestamp":"2026-08-02T02:58:19.516421Z","level":"INFO","fields":{"message":"request admitted","request_id":"019fc068-76fc-7cd1-a854-4db61d205f3c","traceparent":"00-4eaa69d6f903477ca5114bc2d41cee15-144591a9cecd44dc-01","model":"sloforge-mock","max_tokens":32},"target":"sloforge_gateway::gateway"}
{"timestamp":"2026-08-02T02:58:19.516580Z","level":"INFO","fields":{"message":"selected backend","backend":"mock-fast-replica-2","attempt":1},"target":"sloforge_gateway::gateway"}
{"timestamp":"2026-08-02T02:58:19.579439Z","level":"INFO","fields":{"message":"request admitted","request_id":"019fc068-773b-7bc0-b8c1-bd4523431337","traceparent":"00-3b2cdaa0d13e452b80838963c12ea38c-080ffdf5b08e47e7-01","model":"sloforge-mock","max_tokens":32},"target":"sloforge_gateway::gateway"}
{"timestamp":"2026-08-02T02:58:19.579590Z","level":"INFO","fields":{"message":"selected backend","backend":"mock-fast-replica-2","attempt":1},"target":"sloforge_gateway::gateway"}
{"timestamp":"2026-08-02T02:58:19.948362Z","level":"INFO","fields":{"message":"request admitted","request_id":"019fc068-78ac-74d2-9724-1830f2ea4f42","traceparent":"00-56c6c067bb734f8f8b0e79753ec8544a-ec64a2faa7164b8b-01","model":"sloforge-mock","max_tokens":32},"target":"sloforge_gateway::gateway"}
{"timestamp":"2026-08-02T02:58:19.948485Z","level":"INFO","fields":{"message":"selected backend","backend":"mock-fast-replica-2","attempt":1},"target":"sloforge_gateway::gateway"}
{"timestamp":"2026-08-02T02:58:20.202210Z","level":"INFO","fields":{"message":"request admitted","request_id":"019fc068-79aa-72d2-8eb9-73d4fffd53c0","traceparent":"00-4f31f2621112460ca06d2a1c13849032-edf2b0d0c38d45f3-01","model":"sloforge-mock","max_tokens":32},"target":"sloforge_gateway::gateway"}
{"timestamp":"2026-08-02T02:58:20.202418Z","level":"INFO","fields":{"message":"selected backend","backend":"mock-fast-replica-2","attempt":1},"target":"sloforge_gateway::gateway"}
{"timestamp":"2026-08-02T02:58:20.400381Z","level":"INFO","fields":{"message":"request admitted","request_id":"019fc068-7a70-7d60-80b2-a1012cd6cf0d","traceparent":"00-7c85a2c13bb84655a7d0053afde7054c-ddf05fb8701d4139-01","model":"sloforge-mock","max_tokens":32},"target":"sloforge_gateway::gateway"}
{"timestamp":"2026-08-02T02:58:20.400544Z","level":"INFO","fields":{"message":"selected backend","backend":"mock-fast-replica-2","attempt":1},"target":"sloforge_gateway::gateway"}
{"timestamp":"2026-08-02T02:58:20.711994Z","level":"INFO","fields":{"message":"request admitted","request_id":"019fc068-7ba7-78e3-9a06-e9105efd9432","traceparent":"00-240ba9accb3f40f9865025c8a5a2473e-4c83ec242649432a-01","model":"sloforge-mock","max_tokens":32},"target":"sloforge_gateway::gateway"}
{"timestamp":"2026-08-02T02:58:20.712195Z","level":"INFO","fields":{"message":"selected backend","backend":"mock-fast-replica-2","attempt":1},"target":"sloforge_gateway::gateway"}
{"timestamp":"2026-08-02T02:58:20.870159Z","level":"INFO","fields":{"message":"request admitted","request_id":"019fc068-7c46-7981-986e-7a6d01bb7b15","traceparent":"00-5857855f2e9e4d4f8faa4ebdcad6c20b-3e693163fbda481b-01","model":"sloforge-mock","max_tokens":32},"target":"sloforge_gateway::gateway"}
{"timestamp":"2026-08-02T02:58:20.870471Z","level":"INFO","fields":{"message":"selected backend","backend":"mock-fast-replica-2","attempt":1},"target":"sloforge_gateway::gateway"}
{"timestamp":"2026-08-02T02:58:20.871663Z","level":"INFO","fields":{"message":"request admitted","request_id":"019fc068-7c47-7df2-813a-ca70108942ad","traceparent":"00-41479cb048dd4c47bdca48926b7343c1-184f9a424e9944c8-01","model":"sloforge-mock","max_tokens":32},"target":"sloforge_gateway::gateway"}
{"timestamp":"2026-08-02T02:58:20.871728Z","level":"INFO","fields":{"message":"selected backend","backend":"mock-fast-replica-2","attempt":1},"target":"sloforge_gateway::gateway"}
{"timestamp":"2026-08-02T02:58:20.880778Z","level":"INFO","fields":{"message":"request admitted","request_id":"019fc068-7c50-79a0-97fa-a64615f991ad","traceparent":"00-8bf9915ebf334e8a8cc6a6aaeded6311-ab7e1683f7d74bc4-01","model":"sloforge-mock","max_tokens":32},"target":"sloforge_gateway::gateway"}
{"timestamp":"2026-08-02T02:58:20.880869Z","level":"INFO","fields":{"message":"selected backend","backend":"mock-fast-replica-2","attempt":1},"target":"sloforge_gateway::gateway"}
{"timestamp":"2026-08-02T02:58:20.948661Z","level":"INFO","fields":{"message":"request admitted","request_id":"019fc068-7c94-7841-b758-74732a818e1e","traceparent":"00-2d95a772c049434ea2ac016442f453bc-2ffae7770d4942df-01","model":"sloforge-mock","max_tokens":32},"target":"sloforge_gateway::gateway"}
{"timestamp":"2026-08-02T02:58:20.948797Z","level":"INFO","fields":{"message":"selected backend","backend":"mock-fast-replica-2","attempt":1},"target":"sloforge_gateway::gateway"}
{"timestamp":"2026-08-02T02:58:21.035816Z","level":"INFO","fields":{"message":"request admitted","request_id":"019fc068-7ceb-78e3-94a1-c4b3ca8d3579","traceparent":"00-499bc142f355405f9410f001e886303d-00732c38c32b4b35-01","model":"sloforge-mock","max_tokens":32},"target":"sloforge_gateway::gateway"}
{"timestamp":"2026-08-02T02:58:21.035963Z","level":"INFO","fields":{"message":"selected backend","backend":"mock-fast-replica-2","attempt":1},"target":"sloforge_gateway::gateway"}
{"timestamp":"2026-08-02T02:58:21.161919Z","level":"INFO","fields":{"message":"request admitted","request_id":"019fc068-7d69-7401-b71a-200620d994fe","traceparent":"00-7e993d6e03b348de80ce89f89d5c7780-360a71a3343040ee-01","model":"sloforge-mock","max_tokens":32},"target":"sloforge_gateway::gateway"}
{"timestamp":"2026-08-02T02:58:21.162068Z","level":"INFO","fields":{"message":"selected backend","backend":"mock-fast-replica-2","attempt":1},"target":"sloforge_gateway::gateway"}
{"timestamp":"2026-08-02T02:58:21.175826Z","level":"INFO","fields":{"message":"request admitted","request_id":"019fc068-7d77-7430-b7da-35c6f9e4ead0","traceparent":"00-5841903eb36d4c44a243cf5763813054-551562abfea44824-01","model":"sloforge-mock","max_tokens":27},"target":"sloforge_gateway::gateway"}
{"timestamp":"2026-08-02T02:58:21.175963Z","level":"INFO","fields":{"message":"selected backend","backend":"mock-fast-replica-2","attempt":1},"target":"sloforge_gateway::gateway"}
{"timestamp":"2026-08-02T02:58:21.818254Z","level":"INFO","fields":{"message":"request admitted","request_id":"019fc068-7ffa-7570-992e-37f018073d4a","traceparent":"00-156d49b063944a12957705021d125b2d-04714b7fd14d4186-01","model":"sloforge-mock","max_tokens":32},"target":"sloforge_gateway::gateway"}
{"timestamp":"2026-08-02T02:58:21.818451Z","level":"INFO","fields":{"message":"selected backend","backend":"mock-fast-replica-1","attempt":1},"target":"sloforge_gateway::gateway"}
{"timestamp":"2026-08-02T02:58:22.049398Z","level":"INFO","fields":{"message":"request admitted","request_id":"019fc068-80e1-7033-9f82-5875c07652cd","traceparent":"00-325b594a012e4a61853841d160242cba-acc3b593409d4baf-01","model":"sloforge-mock","max_tokens":32},"target":"sloforge_gateway::gateway"}
{"timestamp":"2026-08-02T02:58:22.049536Z","level":"INFO","fields":{"message":"selected backend","backend":"mock-fast-replica-1","attempt":1},"target":"sloforge_gateway::gateway"}
{"timestamp":"2026-08-02T02:58:22.656466Z","level":"INFO","fields":{"message":"request admitted","request_id":"019fc068-8340-7ec2-b82d-4168e4dc3847","traceparent":"00-6b0fc421f16c41698d8614a1e2444d79-b9a020a2ac3b46b1-01","model":"sloforge-mock","max_tokens":32},"target":"sloforge_gateway::gateway"}
{"timestamp":"2026-08-02T02:58:22.656829Z","level":"INFO","fields":{"message":"selected backend","backend":"mock-fast-replica-1","attempt":1},"target":"sloforge_gateway::gateway"}
{"timestamp":"2026-08-02T02:58:22.702200Z","level":"INFO","fields":{"message":"request admitted","request_id":"019fc068-836e-7e81-8e40-50237cfe18dc","traceparent":"00-1efd6320ce41422696bb8f6cdb25f86c-e854d28a6ceb4f0b-01","model":"sloforge-mock","max_tokens":32},"target":"sloforge_gateway::gateway"}
{"timestamp":"2026-08-02T02:58:22.702346Z","level":"INFO","fields":{"message":"selected backend","backend":"mock-fast-replica-1","attempt":1},"target":"sloforge_gateway::gateway"}
{"timestamp":"2026-08-02T02:58:22.900716Z","level":"INFO","fields":{"message":"request admitted","request_id":"019fc068-8434-7163-87d5-f10db0e53a4c","traceparent":"00-e2d20b1c6ced4feb8d5d510978818e38-cf9436bf998c401e-01","model":"sloforge-mock","max_tokens":32},"target":"sloforge_gateway::gateway"}
{"timestamp":"2026-08-02T02:58:22.900856Z","level":"INFO","fields":{"message":"selected backend","backend":"mock-fast-replica-1","attempt":1},"target":"sloforge_gateway::gateway"}
{"timestamp":"2026-08-02T02:58:23.200974Z","level":"INFO","fields":{"message":"request admitted","request_id":"019fc068-8560-7190-a26c-e4ae23414f10","traceparent":"00-8fa9a175be964186b5a94cecfb5c8cfc-78fefcd760294d9b-01","model":"sloforge-mock","max_tokens":29},"target":"sloforge_gateway::gateway"}
{"timestamp":"2026-08-02T02:58:23.201264Z","level":"INFO","fields":{"message":"selected backend","backend":"mock-fast-replica-1","attempt":1},"target":"sloforge_gateway::gateway"}
{"timestamp":"2026-08-02T02:58:23.691494Z","level":"INFO","fields":{"message":"request admitted","request_id":"019fc068-874b-7800-8d02-b2345afcd1fc","traceparent":"00-a583c2bad16b4c369628216f3223fb4c-d28e2e1aadd643d1-01","model":"sloforge-mock","max_tokens":32},"target":"sloforge_gateway::gateway"}
{"timestamp":"2026-08-02T02:58:23.691625Z","level":"INFO","fields":{"message":"selected backend","backend":"mock-fast-replica-1","attempt":1},"target":"sloforge_gateway::gateway"}
{"timestamp":"2026-08-02T02:58:23.692132Z","level":"INFO","fields":{"message":"request admitted","request_id":"019fc068-874c-78e0-be40-4f89d4458378","traceparent":"00-d9b608b778aa42bd80e232e0b5bb92c7-e0bd474bc311495f-01","model":"sloforge-mock","max_tokens":32},"target":"sloforge_gateway::gateway"}
{"timestamp":"2026-08-02T02:58:23.692226Z","level":"INFO","fields":{"message":"selected backend","backend":"mock-fast-replica-1","attempt":1},"target":"sloforge_gateway::gateway"}
{"timestamp":"2026-08-02T02:58:23.875063Z","level":"INFO","fields":{"message":"request admitted","request_id":"019fc068-8803-72e2-be92-c088d12f6b31","traceparent":"00-574e95ab83aa4f399f09b1165a8fefde-fbb5db3b66fe402c-01","model":"sloforge-mock","max_tokens":19},"target":"sloforge_gateway::gateway"}
{"timestamp":"2026-08-02T02:58:23.875139Z","level":"INFO","fields":{"message":"selected backend","backend":"mock-fast-replica-1","attempt":1},"target":"sloforge_gateway::gateway"}
{"timestamp":"2026-08-02T02:58:24.296123Z","level":"INFO","fields":{"message":"request admitted","request_id":"019fc068-89a8-7a52-90a6-aac069b33660","traceparent":"00-aeb07be351f248c59dfb0944aa70a5e6-19cf7acc1b8e4f11-01","model":"sloforge-mock","max_tokens":32},"target":"sloforge_gateway::gateway"}
{"timestamp":"2026-08-02T02:58:24.296246Z","level":"INFO","fields":{"message":"selected backend","backend":"mock-fast-replica-1","attempt":1},"target":"sloforge_gateway::gateway"}
{"timestamp":"2026-08-02T02:58:24.341919Z","level":"INFO","fields":{"message":"request admitted","request_id":"019fc068-89d5-7030-84fd-47431e81fa1b","traceparent":"00-b627b3e76dc1472abfbf7e47950d73a0-f1ff3504e7c345f7-01","model":"sloforge-mock","max_tokens":32},"target":"sloforge_gateway::gateway"}
{"timestamp":"2026-08-02T02:58:24.342000Z","level":"INFO","fields":{"message":"selected backend","backend":"mock-fast-replica-1","attempt":1},"target":"sloforge_gateway::gateway"}
{"timestamp":"2026-08-02T02:58:24.410449Z","level":"INFO","fields":{"message":"request admitted","request_id":"019fc068-8a1a-7be1-912a-a71d5852348c","traceparent":"00-fcde67ab3c434ef081583448556d97ff-c32862f6033f4cb8-01","model":"sloforge-mock","max_tokens":32},"target":"sloforge_gateway::gateway"}
{"timestamp":"2026-08-02T02:58:24.410526Z","level":"INFO","fields":{"message":"selected backend","backend":"mock-fast-replica-1","attempt":1},"target":"sloforge_gateway::gateway"}
{"timestamp":"2026-08-02T02:58:24.615890Z","level":"INFO","fields":{"message":"request admitted","request_id":"019fc068-8ae7-7212-8e2d-1e49dc416a04","traceparent":"00-184bce96ead74aae8fa5a1b2dc815e68-4f8526bc14444418-01","model":"sloforge-mock","max_tokens":32},"target":"sloforge_gateway::gateway"}
{"timestamp":"2026-08-02T02:58:24.616092Z","level":"INFO","fields":{"message":"selected backend","backend":"mock-fast-replica-1","attempt":1},"target":"sloforge_gateway::gateway"}
{"timestamp":"2026-08-02T02:58:24.824085Z","level":"INFO","fields":{"message":"request admitted","request_id":"019fc068-8bb7-7c32-9fc6-a7054241dfbc","traceparent":"00-6e0f790878e6453db2898edb55932eee-06b20cb25a094a6c-01","model":"sloforge-mock","max_tokens":32},"target":"sloforge_gateway::gateway"}
{"timestamp":"2026-08-02T02:58:24.824355Z","level":"INFO","fields":{"message":"selected backend","backend":"mock-fast-replica-1","attempt":1},"target":"sloforge_gateway::gateway"}
{"timestamp":"2026-08-02T02:58:24.992262Z","level":"INFO","fields":{"message":"request admitted","request_id":"019fc068-8c60-7321-b42d-5a6c1a3852a5","traceparent":"00-0c2c09bd349b4b898d2b1a5605e0c05e-079b70eb8b4440ef-01","model":"sloforge-mock","max_tokens":32},"target":"sloforge_gateway::gateway"}
{"timestamp":"2026-08-02T02:58:24.992400Z","level":"INFO","fields":{"message":"selected backend","backend":"mock-fast-replica-1","attempt":1},"target":"sloforge_gateway::gateway"}
{"timestamp":"2026-08-02T02:58:25.024895Z","level":"INFO","fields":{"message":"request admitted","request_id":"019fc068-8c80-7a10-9a17-02e9e798c080","traceparent":"00-d146e55fdab4484ea3c113688da4d4f6-f34c13b2f03a4d55-01","model":"sloforge-mock","max_tokens":32},"target":"sloforge_gateway::gateway"}
{"timestamp":"2026-08-02T02:58:25.025039Z","level":"INFO","fields":{"message":"selected backend","backend":"mock-fast-replica-1","attempt":1},"target":"sloforge_gateway::gateway"}
{"timestamp":"2026-08-02T02:58:25.124598Z","level":"INFO","fields":{"message":"request admitted","request_id":"019fc068-8ce4-7440-b965-e06ef49059c6","traceparent":"00-327a766c37fa47ffadc52636501664b1-05c6a3adeb644ec7-01","model":"sloforge-mock","max_tokens":32},"target":"sloforge_gateway::gateway"}
{"timestamp":"2026-08-02T02:58:25.124731Z","level":"INFO","fields":{"message":"selected backend","backend":"mock-fast-replica-1","attempt":1},"target":"sloforge_gateway::gateway"}
{"timestamp":"2026-08-02T02:58:25.176961Z","level":"INFO","fields":{"message":"request admitted","request_id":"019fc068-8d18-76c3-9cfe-a81af106c50c","traceparent":"00-59253016d269400eb96556fb71eff017-73266b8406e34a5b-01","model":"sloforge-mock","max_tokens":32},"target":"sloforge_gateway::gateway"}
{"timestamp":"2026-08-02T02:58:25.177112Z","level":"INFO","fields":{"message":"selected backend","backend":"mock-fast-replica-1","attempt":1},"target":"sloforge_gateway::gateway"}
{"timestamp":"2026-08-02T02:58:25.409260Z","level":"INFO","fields":{"message":"request admitted","request_id":"019fc068-8e01-7922-95d9-0d15daf2d2a8","traceparent":"00-d2027a87eb1644848b75e8a8f6e12ed0-d61e91107481491c-01","model":"sloforge-mock","max_tokens":32},"target":"sloforge_gateway::gateway"}
{"timestamp":"2026-08-02T02:58:25.409405Z","level":"INFO","fields":{"message":"selected backend","backend":"mock-fast-replica-1","attempt":1},"target":"sloforge_gateway::gateway"}
{"timestamp":"2026-08-02T02:58:25.687063Z","level":"INFO","fields":{"message":"request admitted","request_id":"019fc068-8f16-79b0-bd76-afde2ecf418c","traceparent":"00-4126b6489fa548e1877f358a6b95657a-1161ddc6676346b2-01","model":"sloforge-mock","max_tokens":32},"target":"sloforge_gateway::gateway"}
{"timestamp":"2026-08-02T02:58:25.687374Z","level":"INFO","fields":{"message":"selected backend","backend":"mock-fast-replica-1","attempt":1},"target":"sloforge_gateway::gateway"}
{"timestamp":"2026-08-02T02:58:25.735928Z","level":"INFO","fields":{"message":"request admitted","request_id":"019fc068-8f47-79e2-a056-50f3297f415c","traceparent":"00-db448334c0a14889bb16122baa6d9c38-077820653ec3484d-01","model":"sloforge-mock","max_tokens":32},"target":"sloforge_gateway::gateway"}
{"timestamp":"2026-08-02T02:58:25.736107Z","level":"INFO","fields":{"message":"selected backend","backend":"mock-fast-replica-1","attempt":1},"target":"sloforge_gateway::gateway"}
{"timestamp":"2026-08-02T02:58:25.804341Z","level":"INFO","fields":{"message":"request admitted","request_id":"019fc068-8f8c-7e80-82b9-01be87ede17f","traceparent":"00-52508f05d37e46759aaff0cb2a073e31-1757bc460d9b4265-01","model":"sloforge-mock","max_tokens":32},"target":"sloforge_gateway::gateway"}
{"timestamp":"2026-08-02T02:58:25.804502Z","level":"INFO","fields":{"message":"selected backend","backend":"mock-fast-replica-1","attempt":1},"target":"sloforge_gateway::gateway"}
{"timestamp":"2026-08-02T02:58:25.826890Z","level":"INFO","fields":{"message":"request admitted","request_id":"019fc068-8fa2-7591-ac50-6b77fc9b265e","traceparent":"00-ef16cdf6daed4c6aab2771f78925b70b-63f8b8e9777840e9-01","model":"sloforge-mock","max_tokens":32},"target":"sloforge_gateway::gateway"}
{"timestamp":"2026-08-02T02:58:25.827048Z","level":"INFO","fields":{"message":"selected backend","backend":"mock-fast-replica-1","attempt":1},"target":"sloforge_gateway::gateway"}
{"timestamp":"2026-08-02T02:58:25.852633Z","level":"INFO","fields":{"message":"request admitted","request_id":"019fc068-8fbc-7272-bce4-77d76a7e70df","traceparent":"00-e03a58f14df1439190cc763454463376-744ba1af4cc64ffc-01","model":"sloforge-mock","max_tokens":32},"target":"sloforge_gateway::gateway"}
{"timestamp":"2026-08-02T02:58:25.852744Z","level":"INFO","fields":{"message":"selected backend","backend":"mock-fast-replica-1","attempt":1},"target":"sloforge_gateway::gateway"}
{"timestamp":"2026-08-02T02:58:25.926757Z","level":"INFO","fields":{"message":"request admitted","request_id":"019fc068-9006-7eb3-92c1-ee22fb21870d","traceparent":"00-709866a68f7a4506b7214f23968b7109-f37d832b02ec4b2b-01","model":"sloforge-mock","max_tokens":32},"target":"sloforge_gateway::gateway"}
{"timestamp":"2026-08-02T02:58:25.926929Z","level":"INFO","fields":{"message":"selected backend","backend":"mock-fast-replica-1","attempt":1},"target":"sloforge_gateway::gateway"}
{"timestamp":"2026-08-02T02:58:25.992988Z","level":"INFO","fields":{"message":"request admitted","request_id":"019fc068-9048-7263-8705-66f125b4e32d","traceparent":"00-ab345147459048aab710f340f9c21870-af6893ba48f24bf4-01","model":"sloforge-mock","max_tokens":32},"target":"sloforge_gateway::gateway"}
{"timestamp":"2026-08-02T02:58:25.993124Z","level":"INFO","fields":{"message":"selected backend","backend":"mock-fast-replica-1","attempt":1},"target":"sloforge_gateway::gateway"}
{"timestamp":"2026-08-02T02:58:26.034738Z","level":"INFO","fields":{"message":"request admitted","request_id":"019fc068-9072-7ac0-a0fe-36ccfcb8ac48","traceparent":"00-c8010c92891a49deb76dd185f491e6b0-1d4e7532f3294906-01","model":"sloforge-mock","max_tokens":32},"target":"sloforge_gateway::gateway"}
{"timestamp":"2026-08-02T02:58:26.034849Z","level":"INFO","fields":{"message":"selected backend","backend":"mock-fast-replica-1","attempt":1},"target":"sloforge_gateway::gateway"}
{"timestamp":"2026-08-02T02:58:26.112406Z","level":"INFO","fields":{"message":"request admitted","request_id":"019fc068-90c0-7ff2-a693-65edfc1f5a32","traceparent":"00-75ce4b945cad43f49e56a3d2a0ebf6be-44bb86ede0b847a9-01","model":"sloforge-mock","max_tokens":32},"target":"sloforge_gateway::gateway"}
{"timestamp":"2026-08-02T02:58:26.112484Z","level":"INFO","fields":{"message":"selected backend","backend":"mock-fast-replica-1","attempt":1},"target":"sloforge_gateway::gateway"}
{"timestamp":"2026-08-02T02:58:26.197713Z","level":"INFO","fields":{"message":"request admitted","request_id":"019fc068-9115-7582-b9c0-0b086a646ddb","traceparent":"00-626399cb9b0f4e60921bbbeeded4c9fc-949f61efc7d4431c-01","model":"sloforge-mock","max_tokens":32},"target":"sloforge_gateway::gateway"}
{"timestamp":"2026-08-02T02:58:26.197860Z","level":"INFO","fields":{"message":"selected backend","backend":"mock-fast-replica-1","attempt":1},"target":"sloforge_gateway::gateway"}
{"timestamp":"2026-08-02T02:58:26.221698Z","level":"INFO","fields":{"message":"request admitted","request_id":"019fc068-912d-7031-9497-7c687ff6f5e4","traceparent":"00-76799c587fb84153ac03bf6cc6c47b56-0a752f7c8d8c4cef-01","model":"sloforge-mock","max_tokens":32},"target":"sloforge_gateway::gateway"}
{"timestamp":"2026-08-02T02:58:26.221825Z","level":"INFO","fields":{"message":"selected backend","backend":"mock-fast-replica-1","attempt":1},"target":"sloforge_gateway::gateway"}
{"timestamp":"2026-08-02T02:58:26.229851Z","level":"INFO","fields":{"message":"request admitted","request_id":"019fc068-9135-73d0-bb7a-b6700b9690ae","traceparent":"00-35f866a068d94c9faacd1c91b2f3c877-2904f08fd23345eb-01","model":"sloforge-mock","max_tokens":32},"target":"sloforge_gateway::gateway"}
{"timestamp":"2026-08-02T02:58:26.229922Z","level":"INFO","fields":{"message":"selected backend","backend":"mock-fast-replica-1","attempt":1},"target":"sloforge_gateway::gateway"}
{"timestamp":"2026-08-02T02:58:26.296930Z","level":"INFO","fields":{"message":"request admitted","request_id":"019fc068-9178-7900-895b-ef8b5352e75a","traceparent":"00-9ca866fc70014e8ab587d73b54fd6d0a-8091f035033a44bd-01","model":"sloforge-mock","max_tokens":32},"target":"sloforge_gateway::gateway"}
{"timestamp":"2026-08-02T02:58:26.297082Z","level":"INFO","fields":{"message":"selected backend","backend":"mock-fast-replica-1","attempt":1},"target":"sloforge_gateway::gateway"}
{"timestamp":"2026-08-02T02:58:26.325327Z","level":"INFO","fields":{"message":"request admitted","request_id":"019fc068-9195-7ae3-aca9-332426237622","traceparent":"00-48fa91d550ac43a997f61531880d7440-4caec8cddc52441e-01","model":"sloforge-mock","max_tokens":32},"target":"sloforge_gateway::gateway"}
{"timestamp":"2026-08-02T02:58:26.325466Z","level":"INFO","fields":{"message":"selected backend","backend":"mock-fast-replica-1","attempt":1},"target":"sloforge_gateway::gateway"}
{"timestamp":"2026-08-02T02:58:26.345581Z","level":"INFO","fields":{"message":"request admitted","request_id":"019fc068-91a9-70f2-8e57-3023685409ed","traceparent":"00-c17d853b6a5d4f2ab39bdee43459e96b-c62164d0ea1f4f24-01","model":"sloforge-mock","max_tokens":32},"target":"sloforge_gateway::gateway"}
{"timestamp":"2026-08-02T02:58:26.345733Z","level":"INFO","fields":{"message":"selected backend","backend":"mock-fast-replica-1","attempt":1},"target":"sloforge_gateway::gateway"}
{"timestamp":"2026-08-02T02:58:26.348705Z","level":"INFO","fields":{"message":"request admitted","request_id":"019fc068-91ac-76e3-b5a1-5d9256149a80","traceparent":"00-7adcff25cb464ee5a597f8e951478631-60ecd9a80fff41f7-01","model":"sloforge-mock","max_tokens":18},"target":"sloforge_gateway::gateway"}
{"timestamp":"2026-08-02T02:58:26.348807Z","level":"INFO","fields":{"message":"selected backend","backend":"mock-fast-replica-2","attempt":1},"target":"sloforge_gateway::gateway"}
{"timestamp":"2026-08-02T02:58:26.378426Z","level":"INFO","fields":{"message":"request admitted","request_id":"019fc068-91ca-70a2-8676-c5627c4251c9","traceparent":"00-3142cc418f014a53a2380e082d50e26e-12f8afd633fb41d4-01","model":"sloforge-mock","max_tokens":32},"target":"sloforge_gateway::gateway"}
{"timestamp":"2026-08-02T02:58:26.378548Z","level":"INFO","fields":{"message":"selected backend","backend":"mock-fast-replica-1","attempt":1},"target":"sloforge_gateway::gateway"}
{"timestamp":"2026-08-02T02:58:26.402685Z","level":"INFO","fields":{"message":"request admitted","request_id":"019fc068-91e2-73a2-9b19-bb9023012b0d","traceparent":"00-64f4cd0bd8504a8689b4c3145dfec93c-bc62a4d562d14662-01","model":"sloforge-mock","max_tokens":32},"target":"sloforge_gateway::gateway"}
{"timestamp":"2026-08-02T02:58:26.402799Z","level":"INFO","fields":{"message":"selected backend","backend":"mock-fast-replica-1","attempt":1},"target":"sloforge_gateway::gateway"}
{"timestamp":"2026-08-02T02:58:26.418265Z","level":"INFO","fields":{"message":"request admitted","request_id":"019fc068-91f2-75a2-aebc-448a5775bb7f","traceparent":"00-35e1d45fa4a54845bd3a3d979f786290-5d54ba267d9946ee-01","model":"sloforge-mock","max_tokens":32},"target":"sloforge_gateway::gateway"}
{"timestamp":"2026-08-02T02:58:26.418332Z","level":"INFO","fields":{"message":"selected backend","backend":"mock-fast-replica-2","attempt":1},"target":"sloforge_gateway::gateway"}
{"timestamp":"2026-08-02T02:58:26.478064Z","level":"INFO","fields":{"message":"request admitted","request_id":"019fc068-922d-7db2-99c7-fb689f4db678","traceparent":"00-b5f1341695c94154a8337bd33787f124-2079e368e5b24d37-01","model":"sloforge-mock","max_tokens":32},"target":"sloforge_gateway::gateway"}
{"timestamp":"2026-08-02T02:58:26.478156Z","level":"INFO","fields":{"message":"selected backend","backend":"mock-fast-replica-1","attempt":1},"target":"sloforge_gateway::gateway"}
{"timestamp":"2026-08-02T02:58:26.565265Z","level":"INFO","fields":{"message":"request admitted","request_id":"019fc068-9285-76e1-a928-4bd5adaa4fdb","traceparent":"00-53f3352e18fa4e3d8e671035b4849116-b12722364d474345-01","model":"sloforge-mock","max_tokens":32},"target":"sloforge_gateway::gateway"}
{"timestamp":"2026-08-02T02:58:26.565390Z","level":"INFO","fields":{"message":"selected backend","backend":"mock-fast-replica-1","attempt":1},"target":"sloforge_gateway::gateway"}
{"timestamp":"2026-08-02T02:58:26.587100Z","level":"INFO","fields":{"message":"request admitted","request_id":"019fc068-929b-7470-bd9e-e60570503696","traceparent":"00-a616b407e085499b9b709b14dc0377a4-1cc055e58162471d-01","model":"sloforge-mock","max_tokens":32},"target":"sloforge_gateway::gateway"}
{"timestamp":"2026-08-02T02:58:26.587202Z","level":"INFO","fields":{"message":"selected backend","backend":"mock-fast-replica-1","attempt":1},"target":"sloforge_gateway::gateway"}
{"timestamp":"2026-08-02T02:58:26.630402Z","level":"INFO","fields":{"message":"request admitted","request_id":"019fc068-92c6-7d71-90d9-f0c46c42f020","traceparent":"00-fe0e186c564648e6b673502c048b7c0a-e0d883bf8c33453c-01","model":"sloforge-mock","max_tokens":32},"target":"sloforge_gateway::gateway"}
{"timestamp":"2026-08-02T02:58:26.630570Z","level":"INFO","fields":{"message":"selected backend","backend":"mock-fast-replica-1","attempt":1},"target":"sloforge_gateway::gateway"}
{"timestamp":"2026-08-02T02:58:26.738033Z","level":"INFO","fields":{"message":"request admitted","request_id":"019fc068-9331-7391-9639-3e5cc7e4824b","traceparent":"00-a26861619c9b41af920b5130e6b7c2f8-edddb627cba04291-01","model":"sloforge-mock","max_tokens":32},"target":"sloforge_gateway::gateway"}
{"timestamp":"2026-08-02T02:58:26.738204Z","level":"INFO","fields":{"message":"selected backend","backend":"mock-fast-replica-1","attempt":1},"target":"sloforge_gateway::gateway"}
{"timestamp":"2026-08-02T02:58:26.824375Z","level":"INFO","fields":{"message":"request admitted","request_id":"019fc068-9388-70d3-b896-f306eb0744fb","traceparent":"00-ad5dea2b383b416d9c3345cd2bbdaf43-e143d9ed7d57427f-01","model":"sloforge-mock","max_tokens":24},"target":"sloforge_gateway::gateway"}
{"timestamp":"2026-08-02T02:58:26.824518Z","level":"INFO","fields":{"message":"selected backend","backend":"mock-fast-replica-1","attempt":1},"target":"sloforge_gateway::gateway"}
{"timestamp":"2026-08-02T02:58:26.920703Z","level":"INFO","fields":{"message":"request admitted","request_id":"019fc068-93e8-7730-9491-8523f1c9a423","traceparent":"00-e0dfdfc222414b69882a976c323aae47-51c0300d2fa04752-01","model":"sloforge-mock","max_tokens":32},"target":"sloforge_gateway::gateway"}
{"timestamp":"2026-08-02T02:58:26.920866Z","level":"INFO","fields":{"message":"selected backend","backend":"mock-fast-replica-1","attempt":1},"target":"sloforge_gateway::gateway"}
{"timestamp":"2026-08-02T02:58:26.980514Z","level":"INFO","fields":{"message":"request admitted","request_id":"019fc068-9424-7713-9f5f-dcdc450f58c2","traceparent":"00-3336af5d00974f29bf43c64f53003898-7ecde5d1a5f345d2-01","model":"sloforge-mock","max_tokens":32},"target":"sloforge_gateway::gateway"}
{"timestamp":"2026-08-02T02:58:26.980671Z","level":"INFO","fields":{"message":"selected backend","backend":"mock-fast-replica-1","attempt":1},"target":"sloforge_gateway::gateway"}
{"timestamp":"2026-08-02T02:58:27.056149Z","level":"INFO","fields":{"message":"request admitted","request_id":"019fc068-9470-74c1-a0ad-4a57fff3bbc8","traceparent":"00-925c725c86cc43c69ce2df91671902ea-afb4cefdf47447c3-01","model":"sloforge-mock","max_tokens":32},"target":"sloforge_gateway::gateway"}
{"timestamp":"2026-08-02T02:58:27.056230Z","level":"INFO","fields":{"message":"selected backend","backend":"mock-fast-replica-1","attempt":1},"target":"sloforge_gateway::gateway"}
{"timestamp":"2026-08-02T02:58:27.357176Z","level":"INFO","fields":{"message":"request admitted","request_id":"019fc068-959d-76e1-afc6-9aaefcceca3d","traceparent":"00-2c60bc28808046658be7ee0e30a77b81-8a83eeeee8a64e74-01","model":"sloforge-mock","max_tokens":32},"target":"sloforge_gateway::gateway"}
{"timestamp":"2026-08-02T02:58:27.357337Z","level":"INFO","fields":{"message":"selected backend","backend":"mock-fast-replica-1","attempt":1},"target":"sloforge_gateway::gateway"}
{"timestamp":"2026-08-02T02:58:27.446508Z","level":"INFO","fields":{"message":"request admitted","request_id":"019fc068-95f6-7992-baaa-fe1deb7f64d9","traceparent":"00-850142b822c342eb8878e35b64e07b31-1c7e10c2f47c4548-01","model":"sloforge-mock","max_tokens":32},"target":"sloforge_gateway::gateway"}
{"timestamp":"2026-08-02T02:58:27.446656Z","level":"INFO","fields":{"message":"selected backend","backend":"mock-fast-replica-1","attempt":1},"target":"sloforge_gateway::gateway"}
{"timestamp":"2026-08-02T02:58:27.542723Z","level":"INFO","fields":{"message":"request admitted","request_id":"019fc068-9656-7552-ae33-a11682147b40","traceparent":"00-44b292391ff24d5eb256c28b50f8f275-02e8a0e392ec4ad9-01","model":"sloforge-mock","max_tokens":32},"target":"sloforge_gateway::gateway"}
{"timestamp":"2026-08-02T02:58:27.542859Z","level":"INFO","fields":{"message":"selected backend","backend":"mock-fast-replica-1","attempt":1},"target":"sloforge_gateway::gateway"}
{"timestamp":"2026-08-02T02:58:27.688135Z","level":"INFO","fields":{"message":"request admitted","request_id":"019fc068-96e8-79b0-b8d8-ca6f9da78317","traceparent":"00-e63e3fc0cbd0455480c065238408b17c-655b80375dde4e96-01","model":"sloforge-mock","max_tokens":32},"target":"sloforge_gateway::gateway"}
{"timestamp":"2026-08-02T02:58:27.688202Z","level":"INFO","fields":{"message":"selected backend","backend":"mock-fast-replica-1","attempt":1},"target":"sloforge_gateway::gateway"}
{"timestamp":"2026-08-02T02:58:27.713535Z","level":"INFO","fields":{"message":"request admitted","request_id":"019fc068-9701-7cb0-b41f-d0bf8c9738d8","traceparent":"00-d03dcdcfbe984495b03ee468ea7c9a48-738506e072eb493a-01","model":"sloforge-mock","max_tokens":32},"target":"sloforge_gateway::gateway"}
{"timestamp":"2026-08-02T02:58:27.713622Z","level":"INFO","fields":{"message":"selected backend","backend":"mock-fast-replica-1","attempt":1},"target":"sloforge_gateway::gateway"}
{"timestamp":"2026-08-02T02:58:27.743846Z","level":"INFO","fields":{"message":"request admitted","request_id":"019fc068-971f-7aa3-9d77-84a6f886fd37","traceparent":"00-dbef82ba4aac447ba61ebfa5792cf71d-25d0980f616043ce-01","model":"sloforge-mock","max_tokens":32},"target":"sloforge_gateway::gateway"}
{"timestamp":"2026-08-02T02:58:27.743914Z","level":"INFO","fields":{"message":"selected backend","backend":"mock-fast-replica-1","attempt":1},"target":"sloforge_gateway::gateway"}
{"timestamp":"2026-08-02T02:58:27.930055Z","level":"INFO","fields":{"message":"request admitted","request_id":"019fc068-97d9-7b70-980c-ccbdb9ee5878","traceparent":"00-3fb1a13fb68d45e48f2dc4616cb085af-961084b135a84110-01","model":"sloforge-mock","max_tokens":32},"target":"sloforge_gateway::gateway"}
{"timestamp":"2026-08-02T02:58:27.930196Z","level":"INFO","fields":{"message":"selected backend","backend":"mock-fast-replica-1","attempt":1},"target":"sloforge_gateway::gateway"}
{"timestamp":"2026-08-02T02:58:28.422605Z","level":"INFO","fields":{"message":"request admitted","request_id":"019fc068-99c6-7b83-af83-8e1c42ab6718","traceparent":"00-a1daa659d9a64341afc18568829bf373-af49619553de4246-01","model":"sloforge-mock","max_tokens":32},"target":"sloforge_gateway::gateway"}
{"timestamp":"2026-08-02T02:58:28.422774Z","level":"INFO","fields":{"message":"selected backend","backend":"mock-fast-replica-1","attempt":1},"target":"sloforge_gateway::gateway"}
{"timestamp":"2026-08-02T02:58:28.535554Z","level":"INFO","fields":{"message":"request admitted","request_id":"019fc068-9a37-7d22-bd3e-81270a7fcbef","traceparent":"00-7387504ad2184a50ba7b213f8e1af75d-ef575e5413264fba-01","model":"sloforge-mock","max_tokens":32},"target":"sloforge_gateway::gateway"}
{"timestamp":"2026-08-02T02:58:28.535650Z","level":"INFO","fields":{"message":"selected backend","backend":"mock-fast-replica-1","attempt":1},"target":"sloforge_gateway::gateway"}
{"timestamp":"2026-08-02T02:58:28.628013Z","level":"INFO","fields":{"message":"request admitted","request_id":"019fc068-9a93-7901-863c-5228bff5034c","traceparent":"00-840fd44e56a14364aad473a6a22f52a2-3ffc1fc6a4f244a6-01","model":"sloforge-mock","max_tokens":32},"target":"sloforge_gateway::gateway"}
{"timestamp":"2026-08-02T02:58:28.628097Z","level":"INFO","fields":{"message":"selected backend","backend":"mock-fast-replica-1","attempt":1},"target":"sloforge_gateway::gateway"}
{"timestamp":"2026-08-02T02:58:28.691438Z","level":"INFO","fields":{"message":"request admitted","request_id":"019fc068-9ad3-7830-879f-91abe020dc20","traceparent":"00-90433aaab2184f519b2c7b61f447493f-7993af78c5224c79-01","model":"sloforge-mock","max_tokens":32},"target":"sloforge_gateway::gateway"}
{"timestamp":"2026-08-02T02:58:28.691545Z","level":"INFO","fields":{"message":"selected backend","backend":"mock-fast-replica-1","attempt":1},"target":"sloforge_gateway::gateway"}
{"timestamp":"2026-08-02T02:58:28.709015Z","level":"INFO","fields":{"message":"request admitted","request_id":"019fc068-9ae4-7520-8daa-03db502a5db0","traceparent":"00-8199afb1ebd14ff9bc985c9ee6bc7845-22477731ed8946ef-01","model":"sloforge-mock","max_tokens":32},"target":"sloforge_gateway::gateway"}
{"timestamp":"2026-08-02T02:58:28.709138Z","level":"INFO","fields":{"message":"selected backend","backend":"mock-fast-replica-1","attempt":1},"target":"sloforge_gateway::gateway"}
{"timestamp":"2026-08-02T02:58:28.757807Z","level":"INFO","fields":{"message":"request admitted","request_id":"019fc068-9b15-76c3-9b95-25459b82dcff","traceparent":"00-8f38aeadbb5d4027bb2ee7702b437ad7-35bbc5c0ab664b19-01","model":"sloforge-mock","max_tokens":32},"target":"sloforge_gateway::gateway"}
{"timestamp":"2026-08-02T02:58:28.757954Z","level":"INFO","fields":{"message":"selected backend","backend":"mock-fast-replica-1","attempt":1},"target":"sloforge_gateway::gateway"}
{"timestamp":"2026-08-02T02:58:28.865999Z","level":"INFO","fields":{"message":"request admitted","request_id":"019fc068-9b81-7f43-af83-819696870589","traceparent":"00-50b32da34a124171b437032b0e694a8e-cdf58f72a9774ec9-01","model":"sloforge-mock","max_tokens":32},"target":"sloforge_gateway::gateway"}
{"timestamp":"2026-08-02T02:58:28.866094Z","level":"INFO","fields":{"message":"selected backend","backend":"mock-fast-replica-1","attempt":1},"target":"sloforge_gateway::gateway"}
