uv sync --locked --extra dev --extra deploy
Using CPython 3.12.7 interpreter at: /Users/rishivinodkumar/anaconda3/bin/python3
Creating virtual environment at: /var/folders/6p/mx_9010d5t72qm6b08mznnq80000gn/T//sloforge-continuum-clean.te3OiF/.venv
Resolved 285 packages in 0.78ms
   Building sloforge @ file:///private/var/folders/6p/mx_9010d5t72qm6b08mznnq80000gn/T/sloforge-continuum-clean.te3OiF
      Built sloforge @ file:///private/var/folders/6p/mx_9010d5t72qm6b08mznnq80000gn/T/sloforge-continuum-clean.te3OiF
Prepared 1 package in 360ms
Installed 114 packages in 276ms
 + aiofiles==24.1.0
 + aiohappyeyeballs==2.7.1
 + aiohttp==3.14.3
 + aiosignal==1.4.0
 + annotated-doc==0.0.5
 + annotated-types==0.8.0
 + anyio==4.14.2
 + attrs==26.1.0
 + blake3==1.0.9
 + boto3==1.43.62
 + botocore==1.43.62
 + cbor2==6.1.4
 + certifi==2026.7.22
 + cffi==2.1.0
 + charset-normalizer==3.4.9
 + click==8.4.2
 + coverage==7.15.2
 + cryptography==50.0.0
 + filelock==3.32.2
 + frozenlist==1.8.0
 + fsspec==2026.7.0
 + google-api-core==2.33.0
 + google-auth==2.56.2
 + google-cloud-core==2.6.0
 + google-cloud-storage==3.13.0
 + google-crc32c==1.8.0
 + google-resumable-media==2.10.0
 + googleapis-common-protos==1.75.0
 + grpclib==0.4.9
 + h11==0.16.0
 + h2==4.4.0
 + hf-xet==1.5.2
 + hpack==4.2.0
 + httpcore==1.0.9
 + httpx==0.28.1
 + httpx-ws==0.7.2
 + huggingface-hub==1.26.0
 + hyperframe==6.1.0
 + hypothesis==6.165.0
 + idna==3.18
 + iniconfig==2.3.0
 + inquirerpy==0.3.4
 + jaraco-classes==3.4.0
 + jaraco-context==6.1.2
 + jaraco-functools==4.6.0
 + jinja2==3.1.6
 + jmespath==1.1.0
 + jsonschema==4.26.0
 + jsonschema-specifications==2025.9.1
 + keyring==25.7.0
 + libcst==1.9.0
 + librt==0.13.0
 + loguru==0.7.3
 + markdown-it-py==4.2.0
 + markupsafe==3.0.3
 + mdurl==0.1.2
 + modal==1.5.3
 + more-itertools==11.1.0
 + multidict==6.7.1
 + mypy==1.20.2
 + mypy-extensions==1.1.0
 + numpy==2.3.5
 + packaging==26.2
 + pathspec==1.1.1
 + pfzy==0.3.4
 + pluggy==1.6.0
 + prompt-toolkit==3.0.53
 + propcache==0.5.2
 + proto-plus==1.28.2
 + protobuf==6.33.6
 + psutil==7.2.2
 + pyasn1==0.6.4
 + pyasn1-modules==0.4.2
 + pycparser==3.0
 + pydantic==2.13.4
 + pydantic-core==2.46.4
 + pygments==2.20.0
 + pytest==9.1.1
 + pytest-asyncio==1.4.0
 + pytest-cov==7.1.0
 + python-dateutil==2.9.0.post0
 + python-json-logger==4.1.0
 + python-on-whales==0.81.0
 + pyyaml==6.0.3
 + referencing==0.37.0
 + requests==2.34.2
 + rich==13.9.4
 + rich-click==1.9.8
 + rpds-py==2026.6.3
 + ruff==0.16.1
 + s3transfer==0.19.2
 + shellingham==1.5.4
 + six==1.17.0
 + sloforge==0.1.0 (from file:///private/var/folders/6p/mx_9010d5t72qm6b08mznnq80000gn/T/sloforge-continuum-clean.te3OiF)
 + sortedcontainers==2.4.0
 + synchronicity==0.12.5
 + tenacity==9.1.4
 + toml==0.10.2
 + tomlkit==0.15.1
 + tqdm==4.70.0
 + truss==0.18.24
 + truss-transfer==0.0.43
 + typer==0.27.0
 + types-certifi==2021.10.8.3
 + types-jsonschema==4.26.0.20260518
 + types-pyyaml==6.0.12.20260724
 + types-toml==0.10.8.20260518
 + typing-extensions==4.16.0
 + typing-inspection==0.4.2
 + urllib3==2.7.0
 + watchfiles==0.19.0
 + wcwidth==0.8.2
 + wsproto==1.3.2
 + yarl==1.24.5
cargo fetch --locked
CARGO_INCREMENTAL=0 CARGO_PROFILE_DEV_DEBUG=0 CARGO_PROFILE_TEST_DEBUG=0 cargo build --workspace --locked
   Compiling proc-macro2 v1.0.107
   Compiling unicode-ident v1.0.24
   Compiling quote v1.0.47
   Compiling libc v0.2.189
   Compiling cfg-if v1.0.4
   Compiling itoa v1.0.18
   Compiling serde_core v1.0.229
   Compiling memchr v2.8.3
   Compiling serde v1.0.229
   Compiling zmij v1.0.23
   Compiling serde_json v1.0.151
   Compiling pin-project-lite v0.2.17
   Compiling smallvec v1.15.2
   Compiling futures-core v0.3.33
   Compiling once_cell v1.21.4
   Compiling stable_deref_trait v1.2.1
   Compiling bytes v1.12.1
   Compiling thiserror v2.0.19
   Compiling parking_lot_core v0.9.12
   Compiling tracing-core v0.1.36
   Compiling scopeguard v1.2.0
   Compiling futures-sink v0.3.33
   Compiling version_check v0.9.5
   Compiling lock_api v0.4.14
   Compiling generic-array v0.14.7
   Compiling log v0.4.33
   Compiling typenum v1.20.1
   Compiling slab v0.4.12
   Compiling http v1.5.0
   Compiling futures-channel v0.3.33
   Compiling shlex v2.0.1
   Compiling errno v0.3.14
   Compiling mio v1.2.2
   Compiling signal-hook-registry v1.4.8
   Compiling parking_lot v0.12.5
   Compiling socket2 v0.6.5
   Compiling autocfg v1.5.1
   Compiling find-msvc-tools v0.1.9
   Compiling cc v1.4.0
   Compiling futures-task v0.3.33
   Compiling litemap v0.8.2
   Compiling futures-io v0.3.33
   Compiling writeable v0.6.3
   Compiling num-traits v0.2.19
   Compiling http-body v1.1.0
   Compiling percent-encoding v2.3.2
   Compiling core-foundation-sys v0.8.7
   Compiling ref-cast v1.0.26
   Compiling icu_normalizer_data v2.2.0
   Compiling utf8parse v0.2.2
   Compiling utf8_iter v1.0.4
   Compiling icu_properties_data v2.2.0
   Compiling anstyle-parse v1.0.0
   Compiling iana-time-zone v0.1.65
   Compiling cpufeatures v0.2.17
   Compiling is_terminal_polyfill v1.70.2
   Compiling colorchoice v1.0.5
   Compiling anstyle-query v1.1.5
   Compiling tower-service v0.3.3
   Compiling equivalent v1.0.2
   Compiling syn v3.0.3
   Compiling syn v2.0.119
   Compiling zeroize v1.9.0
   Compiling anstyle v1.0.14
   Compiling httparse v1.10.1
   Compiling hashbrown v0.17.1
   Compiling anstream v1.0.0
   Compiling rustls-pki-types v1.15.1
   Compiling ring v0.17.14
   Compiling indexmap v2.14.0
   Compiling getrandom v0.2.17
   Compiling block-buffer v0.10.4
   Compiling crypto-common v0.1.7
   Compiling dyn-clone v1.0.20
   Compiling strsim v0.11.1
   Compiling digest v0.10.7
   Compiling clap_lex v1.1.0
   Compiling atomic-waker v1.1.2
   Compiling heck v0.5.0
   Compiling fnv v1.0.7
   Compiling untrusted v0.9.0
   Compiling sha2 v0.10.9
   Compiling try-lock v0.2.5
   Compiling clap_builder v4.6.5
   Compiling form_urlencoded v1.2.2
   Compiling sync_wrapper v1.0.2
   Compiling want v0.3.1
   Compiling getrandom v0.3.4
   Compiling zerocopy v0.8.55
   Compiling getrandom v0.4.3
   Compiling tower-layer v0.3.3
   Compiling httpdate v1.0.3
   Compiling rustls v0.23.43
   Compiling http-body-util v0.1.4
   Compiling subtle v2.6.1
   Compiling ipnet v2.12.0
   Compiling base64 v0.22.1
   Compiling ryu v1.0.23
   Compiling webpki-roots v1.0.9
   Compiling bitflags v2.13.1
   Compiling serde_derive_internals v0.30.0
   Compiling uuid v1.24.0
   Compiling regex-syntax v0.8.11
   Compiling anyhow v1.0.104
   Compiling lazy_static v1.5.0
   Compiling rand_core v0.9.5
   Compiling mime v0.3.17
   Compiling sharded-slab v0.1.7
   Compiling serde_path_to_error v0.1.20
   Compiling tracing-log v0.2.0
   Compiling thread_local v1.1.10
   Compiling matchit v0.8.4
   Compiling nu-ansi-term v0.50.3
   Compiling regex-automata v0.4.16
   Compiling serde_derive v1.0.229
   Compiling thiserror-impl v2.0.19
   Compiling displaydoc v0.2.7
   Compiling synstructure v0.13.2
   Compiling tokio-macros v2.7.2
   Compiling ref-cast-impl v1.0.26
   Compiling schemars_derive v1.2.2
   Compiling clap_derive v4.6.4
   Compiling tokio v1.53.1
   Compiling zerofrom-derive v0.1.7
   Compiling yoke-derive v0.8.2
   Compiling zerovec-derive v0.11.3
   Compiling tracing-attributes v0.1.31
   Compiling futures-macro v0.3.33
   Compiling matchers v0.2.0
   Compiling async-stream-impl v0.3.6
   Compiling ppv-lite86 v0.2.21
   Compiling futures-util v0.3.33
   Compiling clap v4.6.5
   Compiling rand_chacha v0.9.0
   Compiling axum-macros v0.5.1
   Compiling async-stream v0.3.6
   Compiling rand v0.9.5
   Compiling zerofrom v0.1.8
   Compiling tracing v0.1.44
   Compiling rustls-webpki v0.103.13
   Compiling yoke v0.8.3
   Compiling axum-core v0.5.6
   Compiling zerovec v0.11.6
   Compiling zerotrie v0.2.4
   Compiling chrono v0.4.45
   Compiling serde_urlencoded v0.7.1
   Compiling tracing-serde v0.2.0
   Compiling sloforge-sim v0.1.0 (/private/var/folders/6p/mx_9010d5t72qm6b08mznnq80000gn/T/sloforge-continuum-clean.te3OiF/crates/sloforge-sim)
   Compiling sloforge-telemetry v0.1.0 (/private/var/folders/6p/mx_9010d5t72qm6b08mznnq80000gn/T/sloforge-continuum-clean.te3OiF/crates/sloforge-telemetry)
   Compiling sloforge-fabric-sim v0.1.0 (/private/var/folders/6p/mx_9010d5t72qm6b08mznnq80000gn/T/sloforge-continuum-clean.te3OiF/crates/sloforge-fabric-sim)
   Compiling tracing-subscriber v0.3.23
   Compiling tokio-util v0.7.19
   Compiling tinystr v0.8.3
   Compiling potential_utf v0.1.5
   Compiling h2 v0.4.15
   Compiling tower v0.5.3
   Compiling futures-executor v0.3.33
   Compiling icu_collections v2.2.0
   Compiling icu_locale_core v2.2.0
   Compiling schemars v1.2.2
   Compiling futures v0.3.33
   Compiling icu_provider v2.2.0
   Compiling icu_properties v2.2.0
   Compiling icu_normalizer v2.2.0
   Compiling sloforge-state-transaction v0.1.0 (/private/var/folders/6p/mx_9010d5t72qm6b08mznnq80000gn/T/sloforge-continuum-clean.te3OiF/crates/sloforge-state-transaction)
   Compiling sloforge-genesis-modelcheck v0.1.0 (/private/var/folders/6p/mx_9010d5t72qm6b08mznnq80000gn/T/sloforge-continuum-clean.te3OiF/crates/sloforge-genesis-modelcheck)
   Compiling sloforge-genesis-ir v0.1.0 (/private/var/folders/6p/mx_9010d5t72qm6b08mznnq80000gn/T/sloforge-continuum-clean.te3OiF/crates/sloforge-genesis-ir)
   Compiling sloforge-continuum-ir v0.1.0 (/private/var/folders/6p/mx_9010d5t72qm6b08mznnq80000gn/T/sloforge-continuum-clean.te3OiF/crates/sloforge-continuum-ir)
   Compiling sloforge-protocol v0.1.0 (/private/var/folders/6p/mx_9010d5t72qm6b08mznnq80000gn/T/sloforge-continuum-clean.te3OiF/crates/sloforge-protocol)
   Compiling sloforge-fabric-protocol v0.1.0 (/private/var/folders/6p/mx_9010d5t72qm6b08mznnq80000gn/T/sloforge-continuum-clean.te3OiF/crates/sloforge-fabric-protocol)
   Compiling tokio-rustls v0.26.4
   Compiling sloforge-state-modelcheck v0.1.0 (/private/var/folders/6p/mx_9010d5t72qm6b08mznnq80000gn/T/sloforge-continuum-clean.te3OiF/crates/sloforge-state-modelcheck)
   Compiling idna_adapter v1.2.2
   Compiling idna v1.1.0
   Compiling url v2.5.8
   Compiling tower-http v0.6.11
   Compiling hyper v1.11.0
   Compiling hyper-util v0.1.20
   Compiling hyper-rustls v0.27.9
   Compiling axum v0.8.9
   Compiling reqwest v0.12.28
   Compiling sloforge-loadgen v0.1.0 (/private/var/folders/6p/mx_9010d5t72qm6b08mznnq80000gn/T/sloforge-continuum-clean.te3OiF/crates/sloforge-loadgen)
   Compiling sloforge-gateway v0.1.0 (/private/var/folders/6p/mx_9010d5t72qm6b08mznnq80000gn/T/sloforge-continuum-clean.te3OiF/crates/sloforge-gateway)
    Finished `dev` profile [unoptimized] target(s) in 10.43s

added 231 packages, and audited 232 packages in 1s

55 packages are looking for funding
  run `npm fund` for details

found 0 vulnerabilities
npm notice
npm notice New minor version of npm available! 11.4.2 -> 11.19.0
npm notice Changelog: https://github.com/npm/cli/releases/tag/v11.19.0
npm notice To update run: npm install -g npm@11.19.0
npm notice
uv run --locked ruff format --check python/sloforge/continuum python/sloforge/cli/continuum.py tests/python/test_continuum*.py
96 files already formatted
uv run --locked ruff check python/sloforge/continuum python/sloforge/cli/continuum.py tests/python/test_continuum*.py
All checks passed!
uv run --locked mypy python/sloforge/continuum python/sloforge/cli/continuum.py
Success: no issues found in 69 source files
uv run --locked pytest -q tests/python/test_continuum*.py
........................................................................ [ 36%]
............................s........................................... [ 73%]
.....................................................                    [100%]
=========================== short test summary info ============================
SKIPPED [1] tests/python/test_continuum_gpu.py:20: could not import 'torch': No module named 'torch'
196 passed, 1 skipped in 10.72s
cargo fmt --all --check
CARGO_INCREMENTAL=0 CARGO_PROFILE_DEV_DEBUG=0 CARGO_PROFILE_TEST_DEBUG=0 cargo clippy -p sloforge-continuum-ir -p sloforge-state-transaction -p sloforge-state-modelcheck --all-targets --all-features --locked -- -D warnings
   Compiling serde_core v1.0.229
    Checking cfg-if v1.0.4
   Compiling serde_json v1.0.151
    Checking memchr v2.8.3
   Compiling num-traits v0.2.19
    Checking libc v0.2.189
    Checking zmij v1.0.23
    Checking itoa v1.0.18
    Checking dyn-clone v1.0.20
   Compiling syn v3.0.3
    Checking typenum v1.20.1
   Compiling rustix v1.1.4
    Checking bitflags v2.13.1
    Checking zerocopy v0.8.55
    Checking once_cell v1.21.4
    Checking fastrand v2.5.0
    Checking quick-error v1.2.3
    Checking bit-vec v0.8.0
    Checking fnv v1.0.7
    Checking regex-syntax v0.8.11
    Checking unarray v0.1.4
    Checking bit-set v0.8.0
    Checking getrandom v0.3.4
    Checking errno v0.3.14
    Checking getrandom v0.4.3
    Checking wait-timeout v0.2.1
    Checking cpufeatures v0.2.17
    Checking rand_core v0.9.5
    Checking generic-array v0.14.7
    Checking rand_xorshift v0.4.0
    Checking rand v0.9.5
    Checking block-buffer v0.10.4
    Checking crypto-common v0.1.7
    Checking digest v0.10.7
    Checking sha2 v0.10.9
    Checking chrono v0.4.45
   Compiling serde_derive_internals v0.30.0
   Compiling serde_derive v1.0.229
   Compiling ref-cast-impl v1.0.26
   Compiling thiserror-impl v2.0.19
   Compiling schemars_derive v1.2.2
    Checking ref-cast v1.0.26
    Checking tempfile v3.27.0
    Checking rusty-fork v0.3.1
    Checking thiserror v2.0.19
    Checking ppv-lite86 v0.2.21
    Checking rand_chacha v0.9.0
    Checking proptest v1.11.0
    Checking serde v1.0.229
    Checking schemars v1.2.2
    Checking sloforge-state-transaction v0.1.0 (/private/var/folders/6p/mx_9010d5t72qm6b08mznnq80000gn/T/sloforge-continuum-clean.te3OiF/crates/sloforge-state-transaction)
    Checking sloforge-continuum-ir v0.1.0 (/private/var/folders/6p/mx_9010d5t72qm6b08mznnq80000gn/T/sloforge-continuum-clean.te3OiF/crates/sloforge-continuum-ir)
    Checking sloforge-state-modelcheck v0.1.0 (/private/var/folders/6p/mx_9010d5t72qm6b08mznnq80000gn/T/sloforge-continuum-clean.te3OiF/crates/sloforge-state-modelcheck)
    Finished `dev` profile [unoptimized] target(s) in 3.59s
CARGO_INCREMENTAL=0 CARGO_PROFILE_DEV_DEBUG=0 CARGO_PROFILE_TEST_DEBUG=0 cargo test -p sloforge-continuum-ir -p sloforge-state-transaction -p sloforge-state-modelcheck --all-features --locked
   Compiling memchr v2.8.3
   Compiling serde_core v1.0.229
   Compiling num-traits v0.2.19
   Compiling errno v0.3.14
   Compiling bitflags v2.13.1
   Compiling once_cell v1.21.4
   Compiling ref-cast v1.0.26
   Compiling thiserror v2.0.19
   Compiling fastrand v2.5.0
   Compiling ppv-lite86 v0.2.21
   Compiling wait-timeout v0.2.1
   Compiling quick-error v1.2.3
   Compiling bit-vec v0.8.0
   Compiling rand v0.9.5
   Compiling rand_xorshift v0.4.0
   Compiling rustix v1.1.4
   Compiling regex-syntax v0.8.11
   Compiling unarray v0.1.4
   Compiling rand_chacha v0.9.0
   Compiling bit-set v0.8.0
   Compiling chrono v0.4.45
   Compiling tempfile v3.27.0
   Compiling rusty-fork v0.3.1
   Compiling proptest v1.11.0
   Compiling serde v1.0.229
   Compiling serde_json v1.0.151
   Compiling schemars v1.2.2
   Compiling sloforge-state-transaction v0.1.0 (/private/var/folders/6p/mx_9010d5t72qm6b08mznnq80000gn/T/sloforge-continuum-clean.te3OiF/crates/sloforge-state-transaction)
   Compiling sloforge-continuum-ir v0.1.0 (/private/var/folders/6p/mx_9010d5t72qm6b08mznnq80000gn/T/sloforge-continuum-clean.te3OiF/crates/sloforge-continuum-ir)
   Compiling sloforge-state-modelcheck v0.1.0 (/private/var/folders/6p/mx_9010d5t72qm6b08mznnq80000gn/T/sloforge-continuum-clean.te3OiF/crates/sloforge-state-modelcheck)
    Finished `test` profile [unoptimized] target(s) in 3.27s
     Running unittests src/lib.rs (/var/folders/6p/mx_9010d5t72qm6b08mznnq80000gn/T//sloforge-continuum-clean.te3OiF/target/debug/deps/sloforge_continuum_ir-9eb1777a64f74322)

running 0 tests

test result: ok. 0 passed; 0 failed; 0 ignored; 0 measured; 0 filtered out; finished in 0.00s

     Running tests/conformance.rs (/var/folders/6p/mx_9010d5t72qm6b08mznnq80000gn/T//sloforge-continuum-clean.te3OiF/target/debug/deps/conformance-65bfa0fdfe11eaa0)

running 6 tests
test alpha_migration_preserves_payload_and_rejects_unknown_version ... ok
test canonical_float_and_unicode_profile_matches_python ... ok
test stale_page_and_owner_epoch_are_rejected ... ok
test python_golden_capsule_round_trips_with_identical_hash ... ok
test capsule_tampering_and_unknown_fields_are_rejected ... ok
test canonical_hash_is_stable_for_sorted_maps ... ok

test result: ok. 6 passed; 0 failed; 0 ignored; 0 measured; 0 filtered out; finished in 0.09s

     Running unittests src/lib.rs (/var/folders/6p/mx_9010d5t72qm6b08mznnq80000gn/T//sloforge-continuum-clean.te3OiF/target/debug/deps/sloforge_state_modelcheck-6c2381b6faa4416b)

running 5 tests
test checker::tests::guarded_protocol_passes_complete_bounded_fault_exploration ... ok
test checker::tests::altered_counterexample_evidence_is_rejected ... ok
test checker::tests::unsafe_owner_handoff_has_minimal_replayable_trace ... ok
test checker::tests::altered_result_status_and_scope_are_rejected ... ok
test checker::tests::stale_output_and_duplicate_mutations_are_detected_independently ... ok

test result: ok. 5 passed; 0 failed; 0 ignored; 0 measured; 0 filtered out; finished in 9.08s

     Running unittests src/main.rs (/var/folders/6p/mx_9010d5t72qm6b08mznnq80000gn/T//sloforge-continuum-clean.te3OiF/target/debug/deps/sloforge_state_modelcheck-236adc9357bbe3bc)

running 0 tests

test result: ok. 0 passed; 0 failed; 0 ignored; 0 measured; 0 filtered out; finished in 0.00s

     Running unittests src/lib.rs (/var/folders/6p/mx_9010d5t72qm6b08mznnq80000gn/T//sloforge-continuum-clean.te3OiF/target/debug/deps/sloforge_state_transaction-ea9f0185801b0ec9)

running 9 tests
test tests::failure_windows_are_explicit ... ok
test tests::gateway_deduplicates_and_rejects_gaps_and_stale_owners ... ok
test tests::expiry_boundaries_are_exclusive_and_epoch_switches_are_contiguous ... ok
test tests::active_transactions_and_postcommit_rollbacks_are_rejected ... ok
test tests::evidence_phase_lease_expiry_and_state_versions_fail_closed ... ok
test tests::recovery_rejects_two_active_transactions_for_one_session ... ok
test tests::ownership_commit_fences_the_source_and_survives_recovery ... ok
test tests::stale_cas_and_transaction_reuse_fail ... ok
test tests::transition_is_ordered_and_idempotent ... ok

test result: ok. 9 passed; 0 failed; 0 ignored; 0 measured; 0 filtered out; finished in 0.00s

   Doc-tests sloforge_continuum_ir

running 0 tests

test result: ok. 0 passed; 0 failed; 0 ignored; 0 measured; 0 filtered out; finished in 0.00s

   Doc-tests sloforge_state_modelcheck

running 0 tests

test result: ok. 0 passed; 0 failed; 0 ignored; 0 measured; 0 filtered out; finished in 0.00s

   Doc-tests sloforge_state_transaction

running 0 tests

test result: ok. 0 passed; 0 failed; 0 ignored; 0 measured; 0 filtered out; finished in 0.00s

uv run --locked sloforge continuum migrate --mode pre-copy --seed 331 --output artifacts/continuum/migration-demo --reset
artifacts/continuum/migration-demo/manifest.json
uv run --locked sloforge continuum migration verify --artifact artifacts/continuum/migration-demo/flagship.json --output artifacts/continuum/migration-demo/verification.json
artifacts/continuum/migration-demo/verification.json
uv run --locked sloforge continuum chaos --scenario scenarios/continuum/failure/destination-crash-before-commit.yaml --output artifacts/continuum/fault-demo --reset
artifacts/continuum/fault-demo/fault-manifest.json
uv run --locked sloforge continuum migrate --mode pre-copy --seed 347 --output artifacts/continuum/fork-demo --reset
artifacts/continuum/fork-demo/manifest.json
uv run --locked sloforge continuum fork --artifact artifacts/continuum/fork-demo/flagship.json --output artifacts/continuum/fork-demo/fork.json
artifacts/continuum/fork-demo/fork.json
uv run --locked sloforge continuum migrate --mode pre-copy --seed 359 --output artifacts/continuum/compatibility-demo --reset
artifacts/continuum/compatibility-demo/manifest.json
uv run --locked sloforge continuum compatibility --artifact artifacts/continuum/compatibility-demo/flagship.json --output artifacts/continuum/compatibility-demo/compatibility.json
artifacts/continuum/compatibility-demo/compatibility.json
uv build
Building source distribution...
Building wheel from source distribution...
Successfully built dist/sloforge-0.1.0.tar.gz
Successfully built dist/sloforge-0.1.0-py3-none-any.whl
