{"timestamp":"2026-08-02T07:50:47.290804Z","level":"INFO","fields":{"message":"gateway listening","address":"127.0.0.1:54967"},"target":"sloforge_gateway"}
{"timestamp":"2026-08-02T07:50:47.314381Z","level":"INFO","fields":{"message":"request admitted","request_id":"019fc174-3912-7730-b023-bf43ff824a8c","traceparent":"00-4cb078448c5a4cc984fe55cb3847f471-37f5d872e3c142c9-01","model":"sloforge-mock","max_tokens":32},"target":"sloforge_gateway::gateway"}
{"timestamp":"2026-08-02T07:50:47.314467Z","level":"INFO","fields":{"message":"selected backend","backend":"mock-fast-replica-0","attempt":1},"target":"sloforge_gateway::gateway"}
{"timestamp":"2026-08-02T07:50:47.574515Z","level":"INFO","fields":{"message":"request admitted","request_id":"019fc174-3a16-7ea2-ad7c-70c2301bf881","traceparent":"00-1371729c3add4d4cb01284dcca2aa8ba-4dfe38f8b0624813-01","model":"sloforge-mock","max_tokens":32},"target":"sloforge_gateway::gateway"}
{"timestamp":"2026-08-02T07:50:47.574756Z","level":"INFO","fields":{"message":"selected backend","backend":"mock-fast-replica-1","attempt":1},"target":"sloforge_gateway::gateway"}
{"timestamp":"2026-08-02T07:50:47.609761Z","level":"INFO","fields":{"message":"request admitted","request_id":"019fc174-3a39-7331-95cf-80d678d068ac","traceparent":"00-94271150e62b4784be2f3f345d696ca4-f1c071829eac4e64-01","model":"sloforge-mock","max_tokens":32},"target":"sloforge_gateway::gateway"}
{"timestamp":"2026-08-02T07:50:47.609961Z","level":"INFO","fields":{"message":"selected backend","backend":"mock-fast-replica-1","attempt":1},"target":"sloforge_gateway::gateway"}
{"timestamp":"2026-08-02T07:50:47.612690Z","level":"INFO","fields":{"message":"request admitted","request_id":"019fc174-3a3c-7291-9e7f-2f4ddb75b2e9","traceparent":"00-97560e89e3c744a8bd9652a70ea8126c-8a2043b52a284b14-01","model":"sloforge-mock","max_tokens":32},"target":"sloforge_gateway::gateway"}
{"timestamp":"2026-08-02T07:50:47.612771Z","level":"INFO","fields":{"message":"selected backend","backend":"mock-fast-replica-1","attempt":1},"target":"sloforge_gateway::gateway"}
{"timestamp":"2026-08-02T07:50:47.834573Z","level":"INFO","fields":{"message":"request admitted","request_id":"019fc174-3b1a-7bd0-b875-9f331465be0d","traceparent":"00-b9243228a3884a67a45cf14dfe301c77-2d7a9e95ae194d1c-01","model":"sloforge-mock","max_tokens":32},"target":"sloforge_gateway::gateway"}
{"timestamp":"2026-08-02T07:50:47.834663Z","level":"INFO","fields":{"message":"selected backend","backend":"mock-fast-replica-2","attempt":1},"target":"sloforge_gateway::gateway"}
{"timestamp":"2026-08-02T07:50:48.273341Z","level":"INFO","fields":{"message":"request admitted","request_id":"019fc174-3cd1-7431-a24d-681e62334521","traceparent":"00-3525b0b0a3d94f49bcd589b00165f035-ee4a2e24332a4949-01","model":"sloforge-mock","max_tokens":32},"target":"sloforge_gateway::gateway"}
{"timestamp":"2026-08-02T07:50:48.273493Z","level":"INFO","fields":{"message":"selected backend","backend":"mock-fast-replica-2","attempt":1},"target":"sloforge_gateway::gateway"}
{"timestamp":"2026-08-02T07:50:48.406228Z","level":"INFO","fields":{"message":"request admitted","request_id":"019fc174-3d56-7b11-aa87-d5f5a40c188a","traceparent":"00-88d4128286a64900b685376a28325b46-687fe69620f54d71-01","model":"sloforge-mock","max_tokens":32},"target":"sloforge_gateway::gateway"}
{"timestamp":"2026-08-02T07:50:48.406287Z","level":"INFO","fields":{"message":"selected backend","backend":"mock-fast-replica-2","attempt":1},"target":"sloforge_gateway::gateway"}
{"timestamp":"2026-08-02T07:50:48.835300Z","level":"INFO","fields":{"message":"request admitted","request_id":"019fc174-3f02-78d2-8187-3670cf2fee2a","traceparent":"00-f83180faf5b4400ba61fb34a5fcb8a62-de187a2700df4f43-01","model":"sloforge-mock","max_tokens":32},"target":"sloforge_gateway::gateway"}
{"timestamp":"2026-08-02T07:50:48.835692Z","level":"INFO","fields":{"message":"selected backend","backend":"mock-fast-replica-0","attempt":1},"target":"sloforge_gateway::gateway"}
{"timestamp":"2026-08-02T07:50:48.860209Z","level":"INFO","fields":{"message":"request admitted","request_id":"019fc174-3f1c-71f2-a60b-f5f93eed581b","traceparent":"00-748f3498749640e79d191284f7b3a3b8-5ae896f0b58b4c83-01","model":"sloforge-mock","max_tokens":32},"target":"sloforge_gateway::gateway"}
{"timestamp":"2026-08-02T07:50:48.860463Z","level":"INFO","fields":{"message":"selected backend","backend":"mock-fast-replica-0","attempt":1},"target":"sloforge_gateway::gateway"}
{"timestamp":"2026-08-02T07:50:49.514566Z","level":"INFO","fields":{"message":"request admitted","request_id":"019fc174-41aa-7253-9d3b-4d786042d93f","traceparent":"00-c0d4e09df23147dea8e74fe59050605f-006b93b76bd64d28-01","model":"sloforge-mock","max_tokens":32},"target":"sloforge_gateway::gateway"}
{"timestamp":"2026-08-02T07:50:49.514751Z","level":"INFO","fields":{"message":"selected backend","backend":"mock-fast-replica-0","attempt":1},"target":"sloforge_gateway::gateway"}
{"timestamp":"2026-08-02T07:50:49.630634Z","level":"INFO","fields":{"message":"request admitted","request_id":"019fc174-421e-7673-8b31-f40c459cd06a","traceparent":"00-c9e7f4ac43d94d60b6b3d0ebd0022c35-08b5c5365579466a-01","model":"sloforge-mock","max_tokens":32},"target":"sloforge_gateway::gateway"}
{"timestamp":"2026-08-02T07:50:49.630702Z","level":"INFO","fields":{"message":"selected backend","backend":"mock-fast-replica-0","attempt":1},"target":"sloforge_gateway::gateway"}
{"timestamp":"2026-08-02T07:50:49.709103Z","level":"INFO","fields":{"message":"request admitted","request_id":"019fc174-426d-74f3-9cb5-7cb3441f1d25","traceparent":"00-32890b9e16534503b3a112b5dd9d9b84-085086648bf3492c-01","model":"sloforge-mock","max_tokens":32},"target":"sloforge_gateway::gateway"}
{"timestamp":"2026-08-02T07:50:49.709165Z","level":"INFO","fields":{"message":"selected backend","backend":"mock-fast-replica-0","attempt":1},"target":"sloforge_gateway::gateway"}
{"timestamp":"2026-08-02T07:50:49.745353Z","level":"INFO","fields":{"message":"request admitted","request_id":"019fc174-4291-7c42-9cbe-8b726e053cc5","traceparent":"00-09f6e75994634264953384d51675cd93-16fe215b28d548f6-01","model":"sloforge-mock","max_tokens":32},"target":"sloforge_gateway::gateway"}
{"timestamp":"2026-08-02T07:50:49.745422Z","level":"INFO","fields":{"message":"selected backend","backend":"mock-fast-replica-0","attempt":1},"target":"sloforge_gateway::gateway"}
{"timestamp":"2026-08-02T07:50:49.912648Z","level":"INFO","fields":{"message":"request admitted","request_id":"019fc174-4338-7172-85d0-8d1c2226cfd5","traceparent":"00-3166622efcd64242bd584f7ba3963b3c-cd3431d9f7ea4954-01","model":"sloforge-mock","max_tokens":32},"target":"sloforge_gateway::gateway"}
{"timestamp":"2026-08-02T07:50:49.912711Z","level":"INFO","fields":{"message":"selected backend","backend":"mock-fast-replica-0","attempt":1},"target":"sloforge_gateway::gateway"}
{"timestamp":"2026-08-02T07:50:51.114455Z","level":"INFO","fields":{"message":"request admitted","request_id":"019fc174-47ea-7fc2-b88f-3681aa185e58","traceparent":"00-debaeec2faf843cb9af1ca8b95e037d0-0e89643b6be64a36-01","model":"sloforge-mock","max_tokens":32},"target":"sloforge_gateway::gateway"}
{"timestamp":"2026-08-02T07:50:51.114523Z","level":"INFO","fields":{"message":"selected backend","backend":"mock-fast-replica-0","attempt":1},"target":"sloforge_gateway::gateway"}
{"timestamp":"2026-08-02T07:50:51.459733Z","level":"INFO","fields":{"message":"request admitted","request_id":"019fc174-4943-71a2-a425-1e1b2f26f55f","traceparent":"00-3c3b82cb61d84411a30c1d5309157a62-b0ad6ca4a4fa496f-01","model":"sloforge-mock","max_tokens":32},"target":"sloforge_gateway::gateway"}
{"timestamp":"2026-08-02T07:50:51.459801Z","level":"INFO","fields":{"message":"selected backend","backend":"mock-fast-replica-2","attempt":1},"target":"sloforge_gateway::gateway"}
{"timestamp":"2026-08-02T07:50:51.667840Z","level":"INFO","fields":{"message":"request admitted","request_id":"019fc174-4a13-7fd1-b63b-2f5566fe1ce6","traceparent":"00-5aceac1fb5b34bfaae151ad24b5ba629-69ec8fb6247f4db5-01","model":"sloforge-mock","max_tokens":32},"target":"sloforge_gateway::gateway"}
{"timestamp":"2026-08-02T07:50:51.667892Z","level":"INFO","fields":{"message":"selected backend","backend":"mock-fast-replica-2","attempt":1},"target":"sloforge_gateway::gateway"}
{"timestamp":"2026-08-02T07:50:51.848598Z","level":"INFO","fields":{"message":"request admitted","request_id":"019fc174-4ac8-7660-a056-df684595d52d","traceparent":"00-7b53117b8ad24a9593114e7146a07786-4cf994e636394ff1-01","model":"sloforge-mock","max_tokens":32},"target":"sloforge_gateway::gateway"}
{"timestamp":"2026-08-02T07:50:51.848652Z","level":"INFO","fields":{"message":"selected backend","backend":"mock-fast-replica-1","attempt":1},"target":"sloforge_gateway::gateway"}
{"timestamp":"2026-08-02T07:50:51.914336Z","level":"INFO","fields":{"message":"request admitted","request_id":"019fc174-4b0a-74d3-87c1-69a54a380484","traceparent":"00-b8af93d2dbbb4ef48c48751cf4785e91-b266808a01d14faa-01","model":"sloforge-mock","max_tokens":32},"target":"sloforge_gateway::gateway"}
{"timestamp":"2026-08-02T07:50:51.917418Z","level":"INFO","fields":{"message":"selected backend","backend":"mock-fast-replica-1","attempt":1},"target":"sloforge_gateway::gateway"}
{"timestamp":"2026-08-02T07:50:52.096076Z","level":"INFO","fields":{"message":"request admitted","request_id":"019fc174-4bc0-7a50-81c2-392d75927452","traceparent":"00-5614fcb7f9dc428c8d4cb3342f7e6e1e-8c5ce02e5a3444fd-01","model":"sloforge-mock","max_tokens":32},"target":"sloforge_gateway::gateway"}
{"timestamp":"2026-08-02T07:50:52.096132Z","level":"INFO","fields":{"message":"selected backend","backend":"mock-fast-replica-1","attempt":1},"target":"sloforge_gateway::gateway"}
{"timestamp":"2026-08-02T07:50:52.217161Z","level":"INFO","fields":{"message":"request admitted","request_id":"019fc174-4c39-70f0-9c3e-0243e55dcd75","traceparent":"00-9c0202528eef45a7b8865f185c3f6237-0acab699477b4201-01","model":"sloforge-mock","max_tokens":32},"target":"sloforge_gateway::gateway"}
{"timestamp":"2026-08-02T07:50:52.217222Z","level":"INFO","fields":{"message":"selected backend","backend":"mock-fast-replica-1","attempt":1},"target":"sloforge_gateway::gateway"}
{"timestamp":"2026-08-02T07:50:52.304727Z","level":"INFO","fields":{"message":"request admitted","request_id":"019fc174-4c90-7352-9f03-692f02394007","traceparent":"00-567d316709404dcd86c0ffbbc8b65b83-5b59f0e70b404026-01","model":"sloforge-mock","max_tokens":32},"target":"sloforge_gateway::gateway"}
{"timestamp":"2026-08-02T07:50:52.304799Z","level":"INFO","fields":{"message":"selected backend","backend":"mock-fast-replica-1","attempt":1},"target":"sloforge_gateway::gateway"}
{"timestamp":"2026-08-02T07:50:52.337681Z","level":"INFO","fields":{"message":"request admitted","request_id":"019fc174-4cb1-79a0-9900-3183bf634323","traceparent":"00-728ad24ae4054546b6ea584875ccaf49-604da9b6511346a8-01","model":"sloforge-mock","max_tokens":32},"target":"sloforge_gateway::gateway"}
{"timestamp":"2026-08-02T07:50:52.337746Z","level":"INFO","fields":{"message":"selected backend","backend":"mock-fast-replica-1","attempt":1},"target":"sloforge_gateway::gateway"}
{"timestamp":"2026-08-02T07:50:52.346919Z","level":"INFO","fields":{"message":"request admitted","request_id":"019fc174-4cba-7652-bf96-1680f947fbdb","traceparent":"00-5207bbe85a7240dfa20c9f45d9cc6461-9e54eae3a667479c-01","model":"sloforge-mock","max_tokens":32},"target":"sloforge_gateway::gateway"}
{"timestamp":"2026-08-02T07:50:52.346961Z","level":"INFO","fields":{"message":"selected backend","backend":"mock-fast-replica-1","attempt":1},"target":"sloforge_gateway::gateway"}
{"timestamp":"2026-08-02T07:50:52.356351Z","level":"INFO","fields":{"message":"request admitted","request_id":"019fc174-4cc4-7ea1-9cb5-8b668749ab3e","traceparent":"00-9473811c82ee44a5bbe442f3e6c90e90-398102ae4f6848ac-01","model":"sloforge-mock","max_tokens":32},"target":"sloforge_gateway::gateway"}
{"timestamp":"2026-08-02T07:50:52.356414Z","level":"INFO","fields":{"message":"selected backend","backend":"mock-fast-replica-1","attempt":1},"target":"sloforge_gateway::gateway"}
{"timestamp":"2026-08-02T07:50:52.360580Z","level":"INFO","fields":{"message":"request admitted","request_id":"019fc174-4cc8-7690-907e-f4b049bbede3","traceparent":"00-9f9a8d81f631419299ec07346f9f84fe-8d85aed92fac4980-01","model":"sloforge-mock","max_tokens":32},"target":"sloforge_gateway::gateway"}
{"timestamp":"2026-08-02T07:50:52.360636Z","level":"INFO","fields":{"message":"selected backend","backend":"mock-fast-replica-1","attempt":1},"target":"sloforge_gateway::gateway"}
{"timestamp":"2026-08-02T07:50:52.379744Z","level":"INFO","fields":{"message":"request admitted","request_id":"019fc174-4cdb-7610-a2d8-aa5a52a59003","traceparent":"00-fd89d9dac7a249dda69497b4638a60ff-ae2c666f45cd4040-01","model":"sloforge-mock","max_tokens":22},"target":"sloforge_gateway::gateway"}
{"timestamp":"2026-08-02T07:50:52.379802Z","level":"INFO","fields":{"message":"selected backend","backend":"mock-fast-replica-1","attempt":1},"target":"sloforge_gateway::gateway"}
{"timestamp":"2026-08-02T07:50:52.480326Z","level":"INFO","fields":{"message":"request admitted","request_id":"019fc174-4d40-7b90-b841-eceb44edea9f","traceparent":"00-21afe719095146f381b3d93e59aab507-88e6f43219744600-01","model":"sloforge-mock","max_tokens":32},"target":"sloforge_gateway::gateway"}
{"timestamp":"2026-08-02T07:50:52.480399Z","level":"INFO","fields":{"message":"selected backend","backend":"mock-fast-replica-1","attempt":1},"target":"sloforge_gateway::gateway"}
{"timestamp":"2026-08-02T07:50:52.546077Z","level":"INFO","fields":{"message":"request admitted","request_id":"019fc174-4d82-7f01-9432-741fc4ea4ee5","traceparent":"00-ec6217de93e941ca8e1862cb9613c99d-a5e4925372584e4b-01","model":"sloforge-mock","max_tokens":32},"target":"sloforge_gateway::gateway"}
{"timestamp":"2026-08-02T07:50:52.546151Z","level":"INFO","fields":{"message":"selected backend","backend":"mock-fast-replica-1","attempt":1},"target":"sloforge_gateway::gateway"}
{"timestamp":"2026-08-02T07:50:52.596490Z","level":"INFO","fields":{"message":"request admitted","request_id":"019fc174-4db4-7402-ad1e-f8720a92b030","traceparent":"00-d5d622610bfd4191a359ce6a753c189e-007f68e4c4d44850-01","model":"sloforge-mock","max_tokens":32},"target":"sloforge_gateway::gateway"}
{"timestamp":"2026-08-02T07:50:52.596552Z","level":"INFO","fields":{"message":"selected backend","backend":"mock-fast-replica-0","attempt":1},"target":"sloforge_gateway::gateway"}
{"timestamp":"2026-08-02T07:50:52.657361Z","level":"INFO","fields":{"message":"request admitted","request_id":"019fc174-4df1-7511-99fa-1b711c2fc34a","traceparent":"00-b4b5f236d8034d4f8be509607c279cc8-b99beab5ea304707-01","model":"sloforge-mock","max_tokens":32},"target":"sloforge_gateway::gateway"}
{"timestamp":"2026-08-02T07:50:52.657423Z","level":"INFO","fields":{"message":"selected backend","backend":"mock-fast-replica-0","attempt":1},"target":"sloforge_gateway::gateway"}
{"timestamp":"2026-08-02T07:50:52.671143Z","level":"INFO","fields":{"message":"request admitted","request_id":"019fc174-4dff-7e11-b5f1-eea2bdee01fe","traceparent":"00-2550cad848c2430eb0ed7587aefc09ce-e4eac28f675c4544-01","model":"sloforge-mock","max_tokens":32},"target":"sloforge_gateway::gateway"}
{"timestamp":"2026-08-02T07:50:52.671185Z","level":"INFO","fields":{"message":"selected backend","backend":"mock-fast-replica-0","attempt":1},"target":"sloforge_gateway::gateway"}
{"timestamp":"2026-08-02T07:50:52.671555Z","level":"INFO","fields":{"message":"request admitted","request_id":"019fc174-4dff-7e11-b5f1-eeb30c38b0e2","traceparent":"00-339e7cf0b4ea43e4807e19c7be36ef3b-92ba118387884291-01","model":"sloforge-mock","max_tokens":32},"target":"sloforge_gateway::gateway"}
{"timestamp":"2026-08-02T07:50:52.671586Z","level":"INFO","fields":{"message":"selected backend","backend":"mock-fast-replica-0","attempt":1},"target":"sloforge_gateway::gateway"}
{"timestamp":"2026-08-02T07:50:52.681218Z","level":"INFO","fields":{"message":"request admitted","request_id":"019fc174-4e09-7a32-84d6-ff6768b96e95","traceparent":"00-a7cf9cb3ff954f119be72a65b6573719-bb28ed1bb6b440d2-01","model":"sloforge-mock","max_tokens":32},"target":"sloforge_gateway::gateway"}
{"timestamp":"2026-08-02T07:50:52.681261Z","level":"INFO","fields":{"message":"selected backend","backend":"mock-fast-replica-1","attempt":1},"target":"sloforge_gateway::gateway"}
{"timestamp":"2026-08-02T07:50:52.825853Z","level":"INFO","fields":{"message":"request admitted","request_id":"019fc174-4e99-74b3-95c4-b4b6ad9f7cb0","traceparent":"00-7df9335b90674d689e82aa0adcc6862f-5252a17d5002406e-01","model":"sloforge-mock","max_tokens":32},"target":"sloforge_gateway::gateway"}
{"timestamp":"2026-08-02T07:50:52.825914Z","level":"INFO","fields":{"message":"selected backend","backend":"mock-fast-replica-1","attempt":1},"target":"sloforge_gateway::gateway"}
{"timestamp":"2026-08-02T07:50:52.923442Z","level":"INFO","fields":{"message":"request admitted","request_id":"019fc174-4efb-7783-b690-fae15d5c573c","traceparent":"00-7b56b38810354a91876b59d7eafb20af-c67553ebb8404501-01","model":"sloforge-mock","max_tokens":32},"target":"sloforge_gateway::gateway"}
{"timestamp":"2026-08-02T07:50:52.923495Z","level":"INFO","fields":{"message":"selected backend","backend":"mock-fast-replica-1","attempt":1},"target":"sloforge_gateway::gateway"}
{"timestamp":"2026-08-02T07:50:52.947978Z","level":"INFO","fields":{"message":"request admitted","request_id":"019fc174-4f13-79e2-b6ba-95085b9268dc","traceparent":"00-e6418dbe248d4a9499c29e1c1ad7cd42-5993f74a6c0c4ac3-01","model":"sloforge-mock","max_tokens":32},"target":"sloforge_gateway::gateway"}
{"timestamp":"2026-08-02T07:50:52.948026Z","level":"INFO","fields":{"message":"selected backend","backend":"mock-fast-replica-1","attempt":1},"target":"sloforge_gateway::gateway"}
{"timestamp":"2026-08-02T07:50:52.968845Z","level":"INFO","fields":{"message":"request admitted","request_id":"019fc174-4f28-7310-9c39-a79076ddf3ec","traceparent":"00-a6a1ae672e4047788b3c04823049d0f0-3ea9e19c828541b8-01","model":"sloforge-mock","max_tokens":32},"target":"sloforge_gateway::gateway"}
{"timestamp":"2026-08-02T07:50:52.968903Z","level":"INFO","fields":{"message":"selected backend","backend":"mock-fast-replica-1","attempt":1},"target":"sloforge_gateway::gateway"}
{"timestamp":"2026-08-02T07:50:53.151093Z","level":"INFO","fields":{"message":"request admitted","request_id":"019fc174-4fdf-7570-a219-34f08956995f","traceparent":"00-0dc07d561a3c404293c508b47f7f580f-32f12f43ead94e47-01","model":"sloforge-mock","max_tokens":32},"target":"sloforge_gateway::gateway"}
{"timestamp":"2026-08-02T07:50:53.151143Z","level":"INFO","fields":{"message":"selected backend","backend":"mock-fast-replica-1","attempt":1},"target":"sloforge_gateway::gateway"}
{"timestamp":"2026-08-02T07:50:53.158812Z","level":"INFO","fields":{"message":"request admitted","request_id":"019fc174-4fe6-7b72-9ba1-3c0298c23437","traceparent":"00-39dd93df1e5c4136baaf2d7725f550a5-63b7316080a749cd-01","model":"sloforge-mock","max_tokens":32},"target":"sloforge_gateway::gateway"}
{"timestamp":"2026-08-02T07:50:53.158854Z","level":"INFO","fields":{"message":"selected backend","backend":"mock-fast-replica-1","attempt":1},"target":"sloforge_gateway::gateway"}
{"timestamp":"2026-08-02T07:50:53.234581Z","level":"INFO","fields":{"message":"request admitted","request_id":"019fc174-5032-7893-8b6b-a818cfa6741c","traceparent":"00-0a9c68708171470fba089000b5029d6e-b7029b57ddea4fa2-01","model":"sloforge-mock","max_tokens":32},"target":"sloforge_gateway::gateway"}
{"timestamp":"2026-08-02T07:50:53.234632Z","level":"INFO","fields":{"message":"selected backend","backend":"mock-fast-replica-1","attempt":1},"target":"sloforge_gateway::gateway"}
{"timestamp":"2026-08-02T07:50:53.245125Z","level":"INFO","fields":{"message":"request admitted","request_id":"019fc174-503d-7922-84d5-04299fa6d6d3","traceparent":"00-caca29fd95014ba694ed94d471154798-14c425ce89c24fce-01","model":"sloforge-mock","max_tokens":32},"target":"sloforge_gateway::gateway"}
{"timestamp":"2026-08-02T07:50:53.245181Z","level":"INFO","fields":{"message":"selected backend","backend":"mock-fast-replica-1","attempt":1},"target":"sloforge_gateway::gateway"}
{"timestamp":"2026-08-02T07:50:53.277326Z","level":"INFO","fields":{"message":"request admitted","request_id":"019fc174-505d-79f2-97d2-2bd108793ce8","traceparent":"00-1135c186795e4a16b78f129df695ff1e-a64dd3e1215f412f-01","model":"sloforge-mock","max_tokens":32},"target":"sloforge_gateway::gateway"}
{"timestamp":"2026-08-02T07:50:53.277393Z","level":"INFO","fields":{"message":"selected backend","backend":"mock-fast-replica-1","attempt":1},"target":"sloforge_gateway::gateway"}
{"timestamp":"2026-08-02T07:50:53.350018Z","level":"INFO","fields":{"message":"request admitted","request_id":"019fc174-50a5-78d1-9ea0-700bd3265a25","traceparent":"00-4bd5b69f401b411e9d40d9ee454d9ef2-7fd4aa2118b0423a-01","model":"sloforge-mock","max_tokens":32},"target":"sloforge_gateway::gateway"}
{"timestamp":"2026-08-02T07:50:53.350096Z","level":"INFO","fields":{"message":"selected backend","backend":"mock-fast-replica-1","attempt":1},"target":"sloforge_gateway::gateway"}
{"timestamp":"2026-08-02T07:50:53.570178Z","level":"INFO","fields":{"message":"request admitted","request_id":"019fc174-5182-7db3-aec0-1f3ded202fc9","traceparent":"00-846d219c4291474ebcb5bd134e19d674-e813887edae14a05-01","model":"sloforge-mock","max_tokens":32},"target":"sloforge_gateway::gateway"}
{"timestamp":"2026-08-02T07:50:53.570240Z","level":"INFO","fields":{"message":"selected backend","backend":"mock-fast-replica-1","attempt":1},"target":"sloforge_gateway::gateway"}
{"timestamp":"2026-08-02T07:50:53.570693Z","level":"WARN","fields":{"message":"backend attempt failed","backend":"mock-fast-replica-1","kind":"backend_status","status":503},"target":"sloforge_gateway::gateway"}
{"timestamp":"2026-08-02T07:50:53.570733Z","level":"INFO","fields":{"message":"selected backend","backend":"mock-fast-replica-2","attempt":2},"target":"sloforge_gateway::gateway"}
{"timestamp":"2026-08-02T07:50:53.599137Z","level":"INFO","fields":{"message":"request admitted","request_id":"019fc174-519f-7f80-980a-96cd5306361c","traceparent":"00-699d52e40397455b999a84bec1ba16e0-2000defb09ef4d48-01","model":"sloforge-mock","max_tokens":32},"target":"sloforge_gateway::gateway"}
{"timestamp":"2026-08-02T07:50:53.599194Z","level":"INFO","fields":{"message":"selected backend","backend":"mock-fast-replica-1","attempt":1},"target":"sloforge_gateway::gateway"}
{"timestamp":"2026-08-02T07:50:53.599703Z","level":"WARN","fields":{"message":"backend attempt failed","backend":"mock-fast-replica-1","kind":"backend_status","status":503},"target":"sloforge_gateway::gateway"}
{"timestamp":"2026-08-02T07:50:53.599742Z","level":"INFO","fields":{"message":"selected backend","backend":"mock-fast-replica-2","attempt":2},"target":"sloforge_gateway::gateway"}
{"timestamp":"2026-08-02T07:50:53.722113Z","level":"INFO","fields":{"message":"request admitted","request_id":"019fc174-521a-7ae3-9381-6fea8b31ba10","traceparent":"00-a341e9a329294e9ea785d61ba9ba2ab7-ee77d7aa5748479e-01","model":"sloforge-mock","max_tokens":32},"target":"sloforge_gateway::gateway"}
{"timestamp":"2026-08-02T07:50:53.722177Z","level":"INFO","fields":{"message":"selected backend","backend":"mock-fast-replica-2","attempt":1},"target":"sloforge_gateway::gateway"}
{"timestamp":"2026-08-02T07:50:53.784143Z","level":"INFO","fields":{"message":"request admitted","request_id":"019fc174-5258-7992-9276-b2385fc1159d","traceparent":"00-ca6d3b13cf0448d69053bb7dd98a0c66-f7b8b04863b74870-01","model":"sloforge-mock","max_tokens":32},"target":"sloforge_gateway::gateway"}
{"timestamp":"2026-08-02T07:50:53.784206Z","level":"INFO","fields":{"message":"selected backend","backend":"mock-fast-replica-2","attempt":1},"target":"sloforge_gateway::gateway"}
{"timestamp":"2026-08-02T07:50:54.155143Z","level":"INFO","fields":{"message":"request admitted","request_id":"019fc174-53cb-7692-befd-baef3e05db48","traceparent":"00-f895eae1c74f48b29b1bcf125f3af462-75afa04623eb46b3-01","model":"sloforge-mock","max_tokens":32},"target":"sloforge_gateway::gateway"}
{"timestamp":"2026-08-02T07:50:54.155210Z","level":"INFO","fields":{"message":"selected backend","backend":"mock-fast-replica-2","attempt":1},"target":"sloforge_gateway::gateway"}
{"timestamp":"2026-08-02T07:50:54.406642Z","level":"INFO","fields":{"message":"request admitted","request_id":"019fc174-54c6-75c1-a5a7-15fdf4d436b6","traceparent":"00-0019a5129d664a1f98103012922c2558-d6036e1c1d1245d7-01","model":"sloforge-mock","max_tokens":32},"target":"sloforge_gateway::gateway"}
{"timestamp":"2026-08-02T07:50:54.406708Z","level":"INFO","fields":{"message":"selected backend","backend":"mock-fast-replica-2","attempt":1},"target":"sloforge_gateway::gateway"}
{"timestamp":"2026-08-02T07:50:54.605680Z","level":"INFO","fields":{"message":"request admitted","request_id":"019fc174-558d-7bf1-8616-532d9c9d6d64","traceparent":"00-7db6a6a7372341b29bc28007f12f2241-de870bc220154d9e-01","model":"sloforge-mock","max_tokens":32},"target":"sloforge_gateway::gateway"}
{"timestamp":"2026-08-02T07:50:54.605738Z","level":"INFO","fields":{"message":"selected backend","backend":"mock-fast-replica-2","attempt":1},"target":"sloforge_gateway::gateway"}
{"timestamp":"2026-08-02T07:50:54.918455Z","level":"INFO","fields":{"message":"request admitted","request_id":"019fc174-56c6-7a31-b6ac-62292bcde3d0","traceparent":"00-7cc5748dcd6b44c49c694c1fda66310e-8b499d501a634b68-01","model":"sloforge-mock","max_tokens":32},"target":"sloforge_gateway::gateway"}
{"timestamp":"2026-08-02T07:50:54.918591Z","level":"INFO","fields":{"message":"selected backend","backend":"mock-fast-replica-2","attempt":1},"target":"sloforge_gateway::gateway"}
{"timestamp":"2026-08-02T07:50:55.075513Z","level":"INFO","fields":{"message":"request admitted","request_id":"019fc174-5763-7b52-9bd0-e4ec554710bb","traceparent":"00-2be49b6507224d1387f9faf7ba43e75a-21d6db6f7b2e4c08-01","model":"sloforge-mock","max_tokens":32},"target":"sloforge_gateway::gateway"}
{"timestamp":"2026-08-02T07:50:55.075575Z","level":"INFO","fields":{"message":"selected backend","backend":"mock-fast-replica-2","attempt":1},"target":"sloforge_gateway::gateway"}
{"timestamp":"2026-08-02T07:50:55.076954Z","level":"INFO","fields":{"message":"request admitted","request_id":"019fc174-5764-7c50-81d2-b232682db665","traceparent":"00-a8b6b7b0e21d4ad4a88d6103a617675b-5e42e42de53e4115-01","model":"sloforge-mock","max_tokens":32},"target":"sloforge_gateway::gateway"}
{"timestamp":"2026-08-02T07:50:55.076986Z","level":"INFO","fields":{"message":"selected backend","backend":"mock-fast-replica-2","attempt":1},"target":"sloforge_gateway::gateway"}
{"timestamp":"2026-08-02T07:50:55.085458Z","level":"INFO","fields":{"message":"request admitted","request_id":"019fc174-576d-7d23-aaae-c78b982ba204","traceparent":"00-665693caf79941a88da803f29874f696-e3a7382fc94f4af2-01","model":"sloforge-mock","max_tokens":32},"target":"sloforge_gateway::gateway"}
{"timestamp":"2026-08-02T07:50:55.085492Z","level":"INFO","fields":{"message":"selected backend","backend":"mock-fast-replica-2","attempt":1},"target":"sloforge_gateway::gateway"}
{"timestamp":"2026-08-02T07:50:55.153760Z","level":"INFO","fields":{"message":"request admitted","request_id":"019fc174-57b1-71a3-be6e-2cbcbf465cdc","traceparent":"00-dc686b06cd9a44648016a2baf8cf8961-ee7f0cbaa5454c8b-01","model":"sloforge-mock","max_tokens":32},"target":"sloforge_gateway::gateway"}
{"timestamp":"2026-08-02T07:50:55.153819Z","level":"INFO","fields":{"message":"selected backend","backend":"mock-fast-replica-2","attempt":1},"target":"sloforge_gateway::gateway"}
{"timestamp":"2026-08-02T07:50:55.238598Z","level":"INFO","fields":{"message":"request admitted","request_id":"019fc174-5806-7862-99dc-377a17df29cf","traceparent":"00-35535723ca634c00ab0229a2a179755d-7aec65a5c13f46f1-01","model":"sloforge-mock","max_tokens":32},"target":"sloforge_gateway::gateway"}
{"timestamp":"2026-08-02T07:50:55.238667Z","level":"INFO","fields":{"message":"selected backend","backend":"mock-fast-replica-2","attempt":1},"target":"sloforge_gateway::gateway"}
{"timestamp":"2026-08-02T07:50:55.366554Z","level":"INFO","fields":{"message":"request admitted","request_id":"019fc174-5886-72e1-8c47-04df42dc84c6","traceparent":"00-fc02a2801d8749539b9fdd1670b4f844-612e5c64bc454e67-01","model":"sloforge-mock","max_tokens":32},"target":"sloforge_gateway::gateway"}
{"timestamp":"2026-08-02T07:50:55.366620Z","level":"INFO","fields":{"message":"selected backend","backend":"mock-fast-replica-2","attempt":1},"target":"sloforge_gateway::gateway"}
{"timestamp":"2026-08-02T07:50:55.381529Z","level":"INFO","fields":{"message":"request admitted","request_id":"019fc174-5895-7031-ae26-cbcbc9224543","traceparent":"00-c8160aacc3074e3aa75ff045f31494a1-cbb68ae69b064033-01","model":"sloforge-mock","max_tokens":27},"target":"sloforge_gateway::gateway"}
{"timestamp":"2026-08-02T07:50:55.381609Z","level":"INFO","fields":{"message":"selected backend","backend":"mock-fast-replica-2","attempt":1},"target":"sloforge_gateway::gateway"}
{"timestamp":"2026-08-02T07:50:56.020326Z","level":"INFO","fields":{"message":"request admitted","request_id":"019fc174-5b14-76e0-b28b-caed1808cede","traceparent":"00-51ffbb63e03f40aba5a1018412b36d18-39695e77d7824e8e-01","model":"sloforge-mock","max_tokens":32},"target":"sloforge_gateway::gateway"}
{"timestamp":"2026-08-02T07:50:56.020395Z","level":"INFO","fields":{"message":"selected backend","backend":"mock-fast-replica-1","attempt":1},"target":"sloforge_gateway::gateway"}
{"timestamp":"2026-08-02T07:50:56.254067Z","level":"INFO","fields":{"message":"request admitted","request_id":"019fc174-5bfe-7073-a4bb-9b5e5c908070","traceparent":"00-5514ab2e8a5a479e8b9cdd6a2d5e408a-8098330329404c55-01","model":"sloforge-mock","max_tokens":32},"target":"sloforge_gateway::gateway"}
{"timestamp":"2026-08-02T07:50:56.254134Z","level":"INFO","fields":{"message":"selected backend","backend":"mock-fast-replica-1","attempt":1},"target":"sloforge_gateway::gateway"}
{"timestamp":"2026-08-02T07:50:56.860919Z","level":"INFO","fields":{"message":"request admitted","request_id":"019fc174-5e5c-7582-b33b-5ce59cd27f9c","traceparent":"00-1c17f839c3d54dea91f790b5a14143a2-c2139f04aa0b4b52-01","model":"sloforge-mock","max_tokens":32},"target":"sloforge_gateway::gateway"}
{"timestamp":"2026-08-02T07:50:56.860988Z","level":"INFO","fields":{"message":"selected backend","backend":"mock-fast-replica-1","attempt":1},"target":"sloforge_gateway::gateway"}
{"timestamp":"2026-08-02T07:50:56.907778Z","level":"INFO","fields":{"message":"request admitted","request_id":"019fc174-5e8b-75d3-bbf5-d72c1ba15660","traceparent":"00-e4202d53cd83462db3e325362fc6a8ce-a16899e59ab74d48-01","model":"sloforge-mock","max_tokens":32},"target":"sloforge_gateway::gateway"}
{"timestamp":"2026-08-02T07:50:56.907842Z","level":"INFO","fields":{"message":"selected backend","backend":"mock-fast-replica-1","attempt":1},"target":"sloforge_gateway::gateway"}
{"timestamp":"2026-08-02T07:50:57.106791Z","level":"INFO","fields":{"message":"request admitted","request_id":"019fc174-5f52-7e51-ad9e-f81b426347e4","traceparent":"00-8d9492b01d27490c90fd2222ea3610e8-8ac3071002be476f-01","model":"sloforge-mock","max_tokens":32},"target":"sloforge_gateway::gateway"}
{"timestamp":"2026-08-02T07:50:57.106857Z","level":"INFO","fields":{"message":"selected backend","backend":"mock-fast-replica-1","attempt":1},"target":"sloforge_gateway::gateway"}
{"timestamp":"2026-08-02T07:50:57.404098Z","level":"INFO","fields":{"message":"request admitted","request_id":"019fc174-607c-7500-ad65-5baf52a2ef3f","traceparent":"00-cac08c529ab747519b72cef91c33fcc2-7ac185d3d77a457f-01","model":"sloforge-mock","max_tokens":29},"target":"sloforge_gateway::gateway"}
{"timestamp":"2026-08-02T07:50:57.404179Z","level":"INFO","fields":{"message":"selected backend","backend":"mock-fast-replica-1","attempt":1},"target":"sloforge_gateway::gateway"}
{"timestamp":"2026-08-02T07:50:57.895908Z","level":"INFO","fields":{"message":"request admitted","request_id":"019fc174-6267-7181-b8ab-fbab35914c06","traceparent":"00-97bc8899cec84a4496d1adcc5691576a-7ca920d26a3b4503-01","model":"sloforge-mock","max_tokens":32},"target":"sloforge_gateway::gateway"}
{"timestamp":"2026-08-02T07:50:57.895972Z","level":"INFO","fields":{"message":"selected backend","backend":"mock-fast-replica-1","attempt":1},"target":"sloforge_gateway::gateway"}
{"timestamp":"2026-08-02T07:50:57.896250Z","level":"INFO","fields":{"message":"request admitted","request_id":"019fc174-6268-70c0-b363-a75079314746","traceparent":"00-f09cab4796dd42d79fc1045dbff6236c-0e4527f87b9d4e29-01","model":"sloforge-mock","max_tokens":32},"target":"sloforge_gateway::gateway"}
{"timestamp":"2026-08-02T07:50:57.896293Z","level":"INFO","fields":{"message":"selected backend","backend":"mock-fast-replica-1","attempt":1},"target":"sloforge_gateway::gateway"}
{"timestamp":"2026-08-02T07:50:58.080843Z","level":"INFO","fields":{"message":"request admitted","request_id":"019fc174-6320-7312-aab2-d7e87c7c0ae8","traceparent":"00-4114ab2001e049af8ece7411071aaf94-f4cc233196204551-01","model":"sloforge-mock","max_tokens":19},"target":"sloforge_gateway::gateway"}
{"timestamp":"2026-08-02T07:50:58.080904Z","level":"INFO","fields":{"message":"selected backend","backend":"mock-fast-replica-1","attempt":1},"target":"sloforge_gateway::gateway"}
{"timestamp":"2026-08-02T07:50:58.501176Z","level":"INFO","fields":{"message":"request admitted","request_id":"019fc174-64c5-7ee3-8a7c-647e0536d45c","traceparent":"00-5cac7658b42c486f92df397084af3956-66338af544e14436-01","model":"sloforge-mock","max_tokens":32},"target":"sloforge_gateway::gateway"}
{"timestamp":"2026-08-02T07:50:58.501243Z","level":"INFO","fields":{"message":"selected backend","backend":"mock-fast-replica-1","attempt":1},"target":"sloforge_gateway::gateway"}
{"timestamp":"2026-08-02T07:50:58.547736Z","level":"INFO","fields":{"message":"request admitted","request_id":"019fc174-64f3-7713-a34d-ffdd80eae850","traceparent":"00-dcea38d9519f48abb82e2396d9f95c8c-81f0a157ddc642fd-01","model":"sloforge-mock","max_tokens":32},"target":"sloforge_gateway::gateway"}
{"timestamp":"2026-08-02T07:50:58.547799Z","level":"INFO","fields":{"message":"selected backend","backend":"mock-fast-replica-1","attempt":1},"target":"sloforge_gateway::gateway"}
{"timestamp":"2026-08-02T07:50:58.616404Z","level":"INFO","fields":{"message":"request admitted","request_id":"019fc174-6538-72c3-a23c-2b9079b0285a","traceparent":"00-12e0c58918474fab9d514ebcb7b4ab6b-a486757921f94a75-01","model":"sloforge-mock","max_tokens":32},"target":"sloforge_gateway::gateway"}
{"timestamp":"2026-08-02T07:50:58.616475Z","level":"INFO","fields":{"message":"selected backend","backend":"mock-fast-replica-1","attempt":1},"target":"sloforge_gateway::gateway"}
{"timestamp":"2026-08-02T07:50:58.820229Z","level":"INFO","fields":{"message":"request admitted","request_id":"019fc174-6604-7ad2-a6c1-ca51efd9e8bc","traceparent":"00-28e736a9922042c2b42b9225a0ffa2b7-295b12e816ac4427-01","model":"sloforge-mock","max_tokens":32},"target":"sloforge_gateway::gateway"}
{"timestamp":"2026-08-02T07:50:58.820292Z","level":"INFO","fields":{"message":"selected backend","backend":"mock-fast-replica-1","attempt":1},"target":"sloforge_gateway::gateway"}
{"timestamp":"2026-08-02T07:50:59.026768Z","level":"INFO","fields":{"message":"request admitted","request_id":"019fc174-66d2-7211-ab71-a5f1c1021baa","traceparent":"00-d1f0fd3905a34bd18a7bbb205151f61f-5c9244790d994283-01","model":"sloforge-mock","max_tokens":32},"target":"sloforge_gateway::gateway"}
{"timestamp":"2026-08-02T07:50:59.027558Z","level":"INFO","fields":{"message":"selected backend","backend":"mock-fast-replica-1","attempt":1},"target":"sloforge_gateway::gateway"}
{"timestamp":"2026-08-02T07:50:59.196809Z","level":"INFO","fields":{"message":"request admitted","request_id":"019fc174-677c-7392-ab45-6b0fbf30c9eb","traceparent":"00-d499b3ef2ac04fa1a331147fbb148d94-5464c29e4dd241fb-01","model":"sloforge-mock","max_tokens":32},"target":"sloforge_gateway::gateway"}
{"timestamp":"2026-08-02T07:50:59.196865Z","level":"INFO","fields":{"message":"selected backend","backend":"mock-fast-replica-1","attempt":1},"target":"sloforge_gateway::gateway"}
{"timestamp":"2026-08-02T07:50:59.229952Z","level":"INFO","fields":{"message":"request admitted","request_id":"019fc174-679d-74e0-97b5-9877b9a4d43e","traceparent":"00-4ebd0fd7ada14bc1b86ca52b839c1555-468f1043ecd14ad1-01","model":"sloforge-mock","max_tokens":32},"target":"sloforge_gateway::gateway"}
{"timestamp":"2026-08-02T07:50:59.230012Z","level":"INFO","fields":{"message":"selected backend","backend":"mock-fast-replica-1","attempt":1},"target":"sloforge_gateway::gateway"}
{"timestamp":"2026-08-02T07:50:59.329841Z","level":"INFO","fields":{"message":"request admitted","request_id":"019fc174-6801-77f0-baa3-4e0bd3f74274","traceparent":"00-e70bd0c906a847a5bbb37545ef346b61-59bd5cba175741d0-01","model":"sloforge-mock","max_tokens":32},"target":"sloforge_gateway::gateway"}
{"timestamp":"2026-08-02T07:50:59.329906Z","level":"INFO","fields":{"message":"selected backend","backend":"mock-fast-replica-1","attempt":1},"target":"sloforge_gateway::gateway"}
{"timestamp":"2026-08-02T07:50:59.380896Z","level":"INFO","fields":{"message":"request admitted","request_id":"019fc174-6834-7262-9225-25de22201072","traceparent":"00-525156c19e95443e856d0144892cc4ef-69a99ba3ceee4153-01","model":"sloforge-mock","max_tokens":32},"target":"sloforge_gateway::gateway"}
{"timestamp":"2026-08-02T07:50:59.380960Z","level":"INFO","fields":{"message":"selected backend","backend":"mock-fast-replica-1","attempt":1},"target":"sloforge_gateway::gateway"}
{"timestamp":"2026-08-02T07:50:59.614816Z","level":"INFO","fields":{"message":"request admitted","request_id":"019fc174-691e-76e2-9516-d05da9ab773a","traceparent":"00-df3e05c4f8554753ab73209163ce43e6-5f36107c04c745f4-01","model":"sloforge-mock","max_tokens":32},"target":"sloforge_gateway::gateway"}
{"timestamp":"2026-08-02T07:50:59.614881Z","level":"INFO","fields":{"message":"selected backend","backend":"mock-fast-replica-1","attempt":1},"target":"sloforge_gateway::gateway"}
{"timestamp":"2026-08-02T07:50:59.889885Z","level":"INFO","fields":{"message":"request admitted","request_id":"019fc174-6a31-7db1-9a25-db2533c1b1e7","traceparent":"00-f3d5640fba0340cf93ff1fd781c78b3e-ec0c9599ff14427a-01","model":"sloforge-mock","max_tokens":32},"target":"sloforge_gateway::gateway"}
{"timestamp":"2026-08-02T07:50:59.889943Z","level":"INFO","fields":{"message":"selected backend","backend":"mock-fast-replica-1","attempt":1},"target":"sloforge_gateway::gateway"}
{"timestamp":"2026-08-02T07:50:59.941037Z","level":"INFO","fields":{"message":"request admitted","request_id":"019fc174-6a64-7263-9a10-1c49477899a5","traceparent":"00-0a3385ea179245baa0ec14bdf5582a16-03af093600b8484a-01","model":"sloforge-mock","max_tokens":32},"target":"sloforge_gateway::gateway"}
{"timestamp":"2026-08-02T07:50:59.941102Z","level":"INFO","fields":{"message":"selected backend","backend":"mock-fast-replica-1","attempt":1},"target":"sloforge_gateway::gateway"}
{"timestamp":"2026-08-02T07:51:00.009254Z","level":"INFO","fields":{"message":"request admitted","request_id":"019fc174-6aa9-7040-ba16-169eef5ac1ed","traceparent":"00-85368460af2d455f9700b001b9bbcdb0-b497f2fe367f44e2-01","model":"sloforge-mock","max_tokens":32},"target":"sloforge_gateway::gateway"}
{"timestamp":"2026-08-02T07:51:00.009317Z","level":"INFO","fields":{"message":"selected backend","backend":"mock-fast-replica-1","attempt":1},"target":"sloforge_gateway::gateway"}
{"timestamp":"2026-08-02T07:51:00.032059Z","level":"INFO","fields":{"message":"request admitted","request_id":"019fc174-6ac0-7201-8709-b5277cec1d37","traceparent":"00-9416c953db4e4480be3e9c4113cdb02d-7c05fe0d7ca145ed-01","model":"sloforge-mock","max_tokens":32},"target":"sloforge_gateway::gateway"}
{"timestamp":"2026-08-02T07:51:00.032116Z","level":"INFO","fields":{"message":"selected backend","backend":"mock-fast-replica-1","attempt":1},"target":"sloforge_gateway::gateway"}
{"timestamp":"2026-08-02T07:51:00.057810Z","level":"INFO","fields":{"message":"request admitted","request_id":"019fc174-6ad9-7cc2-9222-22449f0be764","traceparent":"00-595b9b7112a142b5b1c9717e07133cb1-9bdd2e079d7947c1-01","model":"sloforge-mock","max_tokens":32},"target":"sloforge_gateway::gateway"}
{"timestamp":"2026-08-02T07:51:00.057866Z","level":"INFO","fields":{"message":"selected backend","backend":"mock-fast-replica-1","attempt":1},"target":"sloforge_gateway::gateway"}
{"timestamp":"2026-08-02T07:51:00.132392Z","level":"INFO","fields":{"message":"request admitted","request_id":"019fc174-6b24-78b0-95a2-5ea72da7e317","traceparent":"00-238e8dc86d5d4fbe9b9734e2e0f3ccbf-57c1d40731d444d3-01","model":"sloforge-mock","max_tokens":32},"target":"sloforge_gateway::gateway"}
{"timestamp":"2026-08-02T07:51:00.132461Z","level":"INFO","fields":{"message":"selected backend","backend":"mock-fast-replica-1","attempt":1},"target":"sloforge_gateway::gateway"}
{"timestamp":"2026-08-02T07:51:00.198735Z","level":"INFO","fields":{"message":"request admitted","request_id":"019fc174-6b66-7a90-a68c-13ef63b0614c","traceparent":"00-d0437998184b4a4189fe4fcf1c3b9717-2b897b678fdf4ea9-01","model":"sloforge-mock","max_tokens":32},"target":"sloforge_gateway::gateway"}
{"timestamp":"2026-08-02T07:51:00.198788Z","level":"INFO","fields":{"message":"selected backend","backend":"mock-fast-replica-1","attempt":1},"target":"sloforge_gateway::gateway"}
{"timestamp":"2026-08-02T07:51:00.239739Z","level":"INFO","fields":{"message":"request admitted","request_id":"019fc174-6b8f-7e93-9c15-ad6de3859eb4","traceparent":"00-b572524837b34134b53a738546ddf692-4c1d459cbab04550-01","model":"sloforge-mock","max_tokens":32},"target":"sloforge_gateway::gateway"}
{"timestamp":"2026-08-02T07:51:00.239795Z","level":"INFO","fields":{"message":"selected backend","backend":"mock-fast-replica-1","attempt":1},"target":"sloforge_gateway::gateway"}
{"timestamp":"2026-08-02T07:51:00.318697Z","level":"INFO","fields":{"message":"request admitted","request_id":"019fc174-6bde-7473-b600-cf88c87aa60d","traceparent":"00-59d2eaf28ccb4e40a4047a9057bd8b7a-b06099e36125420e-01","model":"sloforge-mock","max_tokens":32},"target":"sloforge_gateway::gateway"}
{"timestamp":"2026-08-02T07:51:00.318759Z","level":"INFO","fields":{"message":"selected backend","backend":"mock-fast-replica-1","attempt":1},"target":"sloforge_gateway::gateway"}
{"timestamp":"2026-08-02T07:51:00.402915Z","level":"INFO","fields":{"message":"request admitted","request_id":"019fc174-6c32-7511-9de9-9f36db1670dc","traceparent":"00-34e87a24cfa84147bf41fd19e68a1bd3-4033fe7374424f95-01","model":"sloforge-mock","max_tokens":32},"target":"sloforge_gateway::gateway"}
{"timestamp":"2026-08-02T07:51:00.402977Z","level":"INFO","fields":{"message":"selected backend","backend":"mock-fast-replica-1","attempt":1},"target":"sloforge_gateway::gateway"}
{"timestamp":"2026-08-02T07:51:00.427520Z","level":"INFO","fields":{"message":"request admitted","request_id":"019fc174-6c4b-7610-b17c-487759997a67","traceparent":"00-c69cfc5718314f30b91cbec08b38d095-285c76018d9c4515-01","model":"sloforge-mock","max_tokens":32},"target":"sloforge_gateway::gateway"}
{"timestamp":"2026-08-02T07:51:00.427573Z","level":"INFO","fields":{"message":"selected backend","backend":"mock-fast-replica-1","attempt":1},"target":"sloforge_gateway::gateway"}
{"timestamp":"2026-08-02T07:51:00.436261Z","level":"INFO","fields":{"message":"request admitted","request_id":"019fc174-6c54-7463-ab29-040960234745","traceparent":"00-cea8df31a9414fe78bd7657b981e74d6-394cdacc1d5f405a-01","model":"sloforge-mock","max_tokens":32},"target":"sloforge_gateway::gateway"}
{"timestamp":"2026-08-02T07:51:00.436306Z","level":"INFO","fields":{"message":"selected backend","backend":"mock-fast-replica-1","attempt":1},"target":"sloforge_gateway::gateway"}
{"timestamp":"2026-08-02T07:51:00.502768Z","level":"INFO","fields":{"message":"request admitted","request_id":"019fc174-6c96-78a1-8808-6467d9533e2d","traceparent":"00-3e98553efd784103a3a84fa2a69aa15c-e1e61b1aa0154316-01","model":"sloforge-mock","max_tokens":32},"target":"sloforge_gateway::gateway"}
{"timestamp":"2026-08-02T07:51:00.502839Z","level":"INFO","fields":{"message":"selected backend","backend":"mock-fast-replica-1","attempt":1},"target":"sloforge_gateway::gateway"}
{"timestamp":"2026-08-02T07:51:00.531022Z","level":"INFO","fields":{"message":"request admitted","request_id":"019fc174-6cb2-7b42-bde0-8e5db9c8bf53","traceparent":"00-19e9d53cf37145428698bb58cf673741-2fd74533a2344e57-01","model":"sloforge-mock","max_tokens":32},"target":"sloforge_gateway::gateway"}
{"timestamp":"2026-08-02T07:51:00.531087Z","level":"INFO","fields":{"message":"selected backend","backend":"mock-fast-replica-1","attempt":1},"target":"sloforge_gateway::gateway"}
{"timestamp":"2026-08-02T07:51:00.550999Z","level":"INFO","fields":{"message":"request admitted","request_id":"019fc174-6cc6-7a60-aee0-58adcca1647e","traceparent":"00-6f12f789c9e348f392eaacd208064622-cb095c491dae4cf6-01","model":"sloforge-mock","max_tokens":32},"target":"sloforge_gateway::gateway"}
{"timestamp":"2026-08-02T07:51:00.551053Z","level":"INFO","fields":{"message":"selected backend","backend":"mock-fast-replica-1","attempt":1},"target":"sloforge_gateway::gateway"}
{"timestamp":"2026-08-02T07:51:00.553067Z","level":"INFO","fields":{"message":"request admitted","request_id":"019fc174-6cc9-7282-a863-d764239dd9bf","traceparent":"00-9802ad31982f4fb6a0ebae9042524f72-043ecf1dfe55411d-01","model":"sloforge-mock","max_tokens":18},"target":"sloforge_gateway::gateway"}
{"timestamp":"2026-08-02T07:51:00.553102Z","level":"INFO","fields":{"message":"selected backend","backend":"mock-fast-replica-2","attempt":1},"target":"sloforge_gateway::gateway"}
{"timestamp":"2026-08-02T07:51:00.583944Z","level":"INFO","fields":{"message":"request admitted","request_id":"019fc174-6ce7-7e22-80fd-b40074337786","traceparent":"00-8daf52ea722c427a8176c10eab054943-42b80c493a9c4715-01","model":"sloforge-mock","max_tokens":32},"target":"sloforge_gateway::gateway"}
{"timestamp":"2026-08-02T07:51:00.584009Z","level":"INFO","fields":{"message":"selected backend","backend":"mock-fast-replica-1","attempt":1},"target":"sloforge_gateway::gateway"}
{"timestamp":"2026-08-02T07:51:00.607880Z","level":"INFO","fields":{"message":"request admitted","request_id":"019fc174-6cff-7560-b105-5a43c1d5e968","traceparent":"00-099652f12080441da0bf207059ef36d0-43556736497240f5-01","model":"sloforge-mock","max_tokens":32},"target":"sloforge_gateway::gateway"}
{"timestamp":"2026-08-02T07:51:00.607935Z","level":"INFO","fields":{"message":"selected backend","backend":"mock-fast-replica-1","attempt":1},"target":"sloforge_gateway::gateway"}
{"timestamp":"2026-08-02T07:51:00.623664Z","level":"INFO","fields":{"message":"request admitted","request_id":"019fc174-6d0f-74e1-a7eb-5c01240e259f","traceparent":"00-f75406d3a79b440c89e2f649ed0bb436-a06f99d5e5574594-01","model":"sloforge-mock","max_tokens":32},"target":"sloforge_gateway::gateway"}
{"timestamp":"2026-08-02T07:51:00.623709Z","level":"INFO","fields":{"message":"selected backend","backend":"mock-fast-replica-2","attempt":1},"target":"sloforge_gateway::gateway"}
{"timestamp":"2026-08-02T07:51:00.683716Z","level":"INFO","fields":{"message":"request admitted","request_id":"019fc174-6d4b-79e1-b62f-457261712867","traceparent":"00-ea3e41edd38540c19d37e39ed84432a7-e3813414a30d44a9-01","model":"sloforge-mock","max_tokens":32},"target":"sloforge_gateway::gateway"}
{"timestamp":"2026-08-02T07:51:00.683773Z","level":"INFO","fields":{"message":"selected backend","backend":"mock-fast-replica-1","attempt":1},"target":"sloforge_gateway::gateway"}
{"timestamp":"2026-08-02T07:51:00.770817Z","level":"INFO","fields":{"message":"request admitted","request_id":"019fc174-6da2-7a71-b985-f69e696d6358","traceparent":"00-bac9072f71754aa384a46a47aad102cc-71caf9aa1db244aa-01","model":"sloforge-mock","max_tokens":32},"target":"sloforge_gateway::gateway"}
{"timestamp":"2026-08-02T07:51:00.770867Z","level":"INFO","fields":{"message":"selected backend","backend":"mock-fast-replica-1","attempt":1},"target":"sloforge_gateway::gateway"}
{"timestamp":"2026-08-02T07:51:00.792719Z","level":"INFO","fields":{"message":"request admitted","request_id":"019fc174-6db8-7160-a618-893dfd0e9a68","traceparent":"00-a8f7543ef7f748458de2579dd966045d-bf85c3c0b6f146a8-01","model":"sloforge-mock","max_tokens":32},"target":"sloforge_gateway::gateway"}
{"timestamp":"2026-08-02T07:51:00.792781Z","level":"INFO","fields":{"message":"selected backend","backend":"mock-fast-replica-1","attempt":1},"target":"sloforge_gateway::gateway"}
{"timestamp":"2026-08-02T07:51:00.835346Z","level":"INFO","fields":{"message":"request admitted","request_id":"019fc174-6de3-7683-b7fe-e0d4c62ebbf1","traceparent":"00-76516c2673d446e09a8d99a602ec44e6-32f7151f954f4706-01","model":"sloforge-mock","max_tokens":32},"target":"sloforge_gateway::gateway"}
{"timestamp":"2026-08-02T07:51:00.835416Z","level":"INFO","fields":{"message":"selected backend","backend":"mock-fast-replica-1","attempt":1},"target":"sloforge_gateway::gateway"}
{"timestamp":"2026-08-02T07:51:00.943154Z","level":"INFO","fields":{"message":"request admitted","request_id":"019fc174-6e4f-7302-90f8-d227703f34eb","traceparent":"00-da406ada25484ca584968f59e8586b5d-35a97d1924214dc7-01","model":"sloforge-mock","max_tokens":32},"target":"sloforge_gateway::gateway"}
{"timestamp":"2026-08-02T07:51:00.943217Z","level":"INFO","fields":{"message":"selected backend","backend":"mock-fast-replica-1","attempt":1},"target":"sloforge_gateway::gateway"}
{"timestamp":"2026-08-02T07:51:01.029864Z","level":"INFO","fields":{"message":"request admitted","request_id":"019fc174-6ea5-7e33-8ce0-8b79abe4b641","traceparent":"00-40886776f6ac47eead29a66932d45c26-2857d517196f4503-01","model":"sloforge-mock","max_tokens":24},"target":"sloforge_gateway::gateway"}
{"timestamp":"2026-08-02T07:51:01.029934Z","level":"INFO","fields":{"message":"selected backend","backend":"mock-fast-replica-1","attempt":1},"target":"sloforge_gateway::gateway"}
{"timestamp":"2026-08-02T07:51:01.125739Z","level":"INFO","fields":{"message":"request admitted","request_id":"019fc174-6f05-7992-b7b0-7d1f249437fe","traceparent":"00-2f78b90a0edc46dab35837d8975bcccc-999271a248344299-01","model":"sloforge-mock","max_tokens":32},"target":"sloforge_gateway::gateway"}
{"timestamp":"2026-08-02T07:51:01.125790Z","level":"INFO","fields":{"message":"selected backend","backend":"mock-fast-replica-1","attempt":1},"target":"sloforge_gateway::gateway"}
{"timestamp":"2026-08-02T07:51:01.185419Z","level":"INFO","fields":{"message":"request admitted","request_id":"019fc174-6f41-7e03-acbb-f834abb156f2","traceparent":"00-e932293b3c594069b4cac5896019e21d-888f44a726314963-01","model":"sloforge-mock","max_tokens":32},"target":"sloforge_gateway::gateway"}
{"timestamp":"2026-08-02T07:51:01.185474Z","level":"INFO","fields":{"message":"selected backend","backend":"mock-fast-replica-1","attempt":1},"target":"sloforge_gateway::gateway"}
{"timestamp":"2026-08-02T07:51:01.261571Z","level":"INFO","fields":{"message":"request admitted","request_id":"019fc174-6f8d-74d2-8b8b-b44e5a210b8f","traceparent":"00-e1511c53461c4b3a8a41b2aafdce6a2c-2d7498eadda94a3a-01","model":"sloforge-mock","max_tokens":32},"target":"sloforge_gateway::gateway"}
{"timestamp":"2026-08-02T07:51:01.261631Z","level":"INFO","fields":{"message":"selected backend","backend":"mock-fast-replica-1","attempt":1},"target":"sloforge_gateway::gateway"}
{"timestamp":"2026-08-02T07:51:01.562382Z","level":"INFO","fields":{"message":"request admitted","request_id":"019fc174-70ba-79f3-8281-898e71d9dd4c","traceparent":"00-c87424f6eed24f0ba8ecffcbd867b0e8-41f329fa035548d9-01","model":"sloforge-mock","max_tokens":32},"target":"sloforge_gateway::gateway"}
{"timestamp":"2026-08-02T07:51:01.562451Z","level":"INFO","fields":{"message":"selected backend","backend":"mock-fast-replica-1","attempt":1},"target":"sloforge_gateway::gateway"}
{"timestamp":"2026-08-02T07:51:01.652074Z","level":"INFO","fields":{"message":"request admitted","request_id":"019fc174-7114-75e0-aa84-a061207f89e2","traceparent":"00-d94abfd178ce4b21ba40fa084ab97195-e67ddeb4320840a0-01","model":"sloforge-mock","max_tokens":32},"target":"sloforge_gateway::gateway"}
{"timestamp":"2026-08-02T07:51:01.652137Z","level":"INFO","fields":{"message":"selected backend","backend":"mock-fast-replica-1","attempt":1},"target":"sloforge_gateway::gateway"}
{"timestamp":"2026-08-02T07:51:01.748375Z","level":"INFO","fields":{"message":"request admitted","request_id":"019fc174-7174-76b0-8488-d776d8308672","traceparent":"00-a7f8527a69b84458bf9ed5343f0310a4-b64c262d69c64b63-01","model":"sloforge-mock","max_tokens":32},"target":"sloforge_gateway::gateway"}
{"timestamp":"2026-08-02T07:51:01.748438Z","level":"INFO","fields":{"message":"selected backend","backend":"mock-fast-replica-1","attempt":1},"target":"sloforge_gateway::gateway"}
{"timestamp":"2026-08-02T07:51:01.893823Z","level":"INFO","fields":{"message":"request admitted","request_id":"019fc174-7205-7b93-8253-6b33001dbf78","traceparent":"00-3a336b2d655a405aba891011ebc6731e-b2eb6db159c0400c-01","model":"sloforge-mock","max_tokens":32},"target":"sloforge_gateway::gateway"}
{"timestamp":"2026-08-02T07:51:01.893876Z","level":"INFO","fields":{"message":"selected backend","backend":"mock-fast-replica-1","attempt":1},"target":"sloforge_gateway::gateway"}
{"timestamp":"2026-08-02T07:51:01.918206Z","level":"INFO","fields":{"message":"request admitted","request_id":"019fc174-721e-7842-9a0d-a77ef905cc8c","traceparent":"00-f715b0e0ffd34176ad3b74c66139ec6a-c07ede1390fb4d81-01","model":"sloforge-mock","max_tokens":32},"target":"sloforge_gateway::gateway"}
{"timestamp":"2026-08-02T07:51:01.918292Z","level":"INFO","fields":{"message":"selected backend","backend":"mock-fast-replica-1","attempt":1},"target":"sloforge_gateway::gateway"}
{"timestamp":"2026-08-02T07:51:01.950424Z","level":"INFO","fields":{"message":"request admitted","request_id":"019fc174-723e-7780-876d-ebd1ec097f51","traceparent":"00-73554c4df0a64b0b951a9c4d827d6527-cab03be97e0c4029-01","model":"sloforge-mock","max_tokens":32},"target":"sloforge_gateway::gateway"}
{"timestamp":"2026-08-02T07:51:01.950541Z","level":"INFO","fields":{"message":"selected backend","backend":"mock-fast-replica-1","attempt":1},"target":"sloforge_gateway::gateway"}
{"timestamp":"2026-08-02T07:51:02.135645Z","level":"INFO","fields":{"message":"request admitted","request_id":"019fc174-72f7-7e61-b10d-39dec5d23d35","traceparent":"00-9516b4b6142141518b4e49baa7fa8765-cd48eba3e85e4646-01","model":"sloforge-mock","max_tokens":32},"target":"sloforge_gateway::gateway"}
{"timestamp":"2026-08-02T07:51:02.135702Z","level":"INFO","fields":{"message":"selected backend","backend":"mock-fast-replica-1","attempt":1},"target":"sloforge_gateway::gateway"}
{"timestamp":"2026-08-02T07:51:02.626773Z","level":"INFO","fields":{"message":"request admitted","request_id":"019fc174-74e2-7aa0-b39a-6be77bfb90a4","traceparent":"00-81bea655614843169c5fa72269cd6598-3e8bbfe4d2714255-01","model":"sloforge-mock","max_tokens":32},"target":"sloforge_gateway::gateway"}
{"timestamp":"2026-08-02T07:51:02.626834Z","level":"INFO","fields":{"message":"selected backend","backend":"mock-fast-replica-1","attempt":1},"target":"sloforge_gateway::gateway"}
{"timestamp":"2026-08-02T07:51:02.741045Z","level":"INFO","fields":{"message":"request admitted","request_id":"019fc174-7554-74e2-a436-1d2f764623a1","traceparent":"00-011fff31ba1546869494882486223591-6e81e44a8cd34f53-01","model":"sloforge-mock","max_tokens":32},"target":"sloforge_gateway::gateway"}
{"timestamp":"2026-08-02T07:51:02.741102Z","level":"INFO","fields":{"message":"selected backend","backend":"mock-fast-replica-1","attempt":1},"target":"sloforge_gateway::gateway"}
{"timestamp":"2026-08-02T07:51:02.834260Z","level":"INFO","fields":{"message":"request admitted","request_id":"019fc174-75b2-7bf2-9aa3-8447c36d52ef","traceparent":"00-44c079181f8a415cbc4cb3a481cbb45f-fbc1e4995ce6480e-01","model":"sloforge-mock","max_tokens":32},"target":"sloforge_gateway::gateway"}
{"timestamp":"2026-08-02T07:51:02.834319Z","level":"INFO","fields":{"message":"selected backend","backend":"mock-fast-replica-1","attempt":1},"target":"sloforge_gateway::gateway"}
{"timestamp":"2026-08-02T07:51:02.896875Z","level":"INFO","fields":{"message":"request admitted","request_id":"019fc174-75f0-78a1-9804-0c0b4ac4e1b8","traceparent":"00-a30720fe9da646cb8eca68d7cc35a709-7f33e4097c654a85-01","model":"sloforge-mock","max_tokens":32},"target":"sloforge_gateway::gateway"}
{"timestamp":"2026-08-02T07:51:02.896937Z","level":"INFO","fields":{"message":"selected backend","backend":"mock-fast-replica-1","attempt":1},"target":"sloforge_gateway::gateway"}
{"timestamp":"2026-08-02T07:51:02.915135Z","level":"INFO","fields":{"message":"request admitted","request_id":"019fc174-7603-7a92-8a71-936c042f6886","traceparent":"00-2ad7dc2a1e6d4a2da6198c092fe135d0-4d79b905d6164b80-01","model":"sloforge-mock","max_tokens":32},"target":"sloforge_gateway::gateway"}
{"timestamp":"2026-08-02T07:51:02.915205Z","level":"INFO","fields":{"message":"selected backend","backend":"mock-fast-replica-1","attempt":1},"target":"sloforge_gateway::gateway"}
{"timestamp":"2026-08-02T07:51:02.962622Z","level":"INFO","fields":{"message":"request admitted","request_id":"019fc174-7632-7ac1-bf40-457bc7847db1","traceparent":"00-63bb88a44d2c4ff8b81d373319e929ef-34d93634b9794ffb-01","model":"sloforge-mock","max_tokens":32},"target":"sloforge_gateway::gateway"}
{"timestamp":"2026-08-02T07:51:02.962679Z","level":"INFO","fields":{"message":"selected backend","backend":"mock-fast-replica-1","attempt":1},"target":"sloforge_gateway::gateway"}
{"timestamp":"2026-08-02T07:51:03.070584Z","level":"INFO","fields":{"message":"request admitted","request_id":"019fc174-769e-7a51-9b0c-0c7b2bc11b22","traceparent":"00-094110e75fa14a539c31307f0b1cf33f-8876dd3d771e4060-01","model":"sloforge-mock","max_tokens":32},"target":"sloforge_gateway::gateway"}
{"timestamp":"2026-08-02T07:51:03.070644Z","level":"INFO","fields":{"message":"selected backend","backend":"mock-fast-replica-1","attempt":1},"target":"sloforge_gateway::gateway"}
